
> cinechance@0.1.0 test:ci
> vitest run


[1m[46m RUN [49m[22m [36mv4.0.18 [39m[90mC:/Projects/CineChance-2[39m

[90mstdout[2m | src/app/api/user/__tests__/achiev_creators.test.ts[2m > [22m[2mAchievCreators API - Creator Score and Sorting[2m > [22m[2mcreator_score calculation and sorting[2m > [22m[2mshould sort creators by creator_score in descending order
[22m[39m[2026-03-19T15:12:12.998Z] [INFO] AchievCreatorsAPI: Request started { timestamp: [32m'2026-03-19T15:12:12.998Z'[39m }

[90mstdout[2m | src/app/api/user/__tests__/achiev_creators.test.ts[2m > [22m[2mAchievCreators API - Creator Score and Sorting[2m > [22m[2mcreator_score calculation and sorting[2m > [22m[2mshould sort creators by creator_score in descending order
[22m[39m[2026-03-19T15:12:13.003Z] [INFO] AchievCreatorsAPI: Parameters loaded {
  userId: [32m'test-user'[39m,
  targetUserId: [32m'test-user'[39m,
  limit: [33m50[39m,
  offset: [33m0[39m,
  singleLoad: [33mtrue[39m
}

[90mstderr[2m | src/app/api/user/__tests__/achiev_creators.test.ts[2m > [22m[2mAchievCreators API - Creator Score and Sorting[2m > [22m[2mcreator_score calculation and sorting[2m > [22m[2mshould sort creators by creator_score in descending order
[22m[39m[2026-03-19T15:12:13.011Z] [WARN] fetchMovieCredits failed { tmdbId: [33m100[39m, mediaType: [32m'movie'[39m, status: [90mundefined[39m }
[2026-03-19T15:12:13.013Z] [WARN] fetchMovieCredits failed { tmdbId: [33m101[39m, mediaType: [32m'movie'[39m, status: [90mundefined[39m }
[2026-03-19T15:12:13.013Z] [WARN] fetchMovieCredits failed { tmdbId: [33m200[39m, mediaType: [32m'movie'[39m, status: [90mundefined[39m }

[90mstdout[2m | src/app/api/user/__tests__/achiev_creators.test.ts[2m > [22m[2mAchievCreators API - Creator Score and Sorting[2m > [22m[2mcreator_score calculation and sorting[2m > [22m[2mshould sort creators by creator_score in descending order
[22m[39m[2026-03-19T15:12:13.015Z] [INFO] AchievCreatorsAPI: Request completed successfully {
  duration: [32m'17ms'[39m,
  creatorCount: [33m0[39m,
  singleLoad: [33mtrue[39m,
  hasMore: [33mfalse[39m,
  total: [33m0[39m
}

[90mstdout[2m | src/app/api/user/__tests__/achiev_creators.test.ts[2m > [22m[2mAchievCreators API - Creator Score and Sorting[2m > [22m[2mcreator_score calculation and sorting[2m > [22m[2mshould include creator_score in API response
[22m[39m[2026-03-19T15:12:13.043Z] [INFO] AchievCreatorsAPI: Request started { timestamp: [32m'2026-03-19T15:12:13.043Z'[39m }

[90mstdout[2m | src/app/api/user/__tests__/achiev_creators.test.ts[2m > [22m[2mAchievCreators API - Creator Score and Sorting[2m > [22m[2mcreator_score calculation and sorting[2m > [22m[2mshould include creator_score in API response
[22m[39m[2026-03-19T15:12:13.046Z] [INFO] AchievCreatorsAPI: Parameters loaded {
  userId: [32m'test-user'[39m,
  targetUserId: [32m'test-user'[39m,
  limit: [33m10[39m,
  offset: [33m0[39m,
  singleLoad: [33mtrue[39m
}

[90mstderr[2m | src/app/api/user/__tests__/achiev_creators.test.ts[2m > [22m[2mAchievCreators API - Creator Score and Sorting[2m > [22m[2mcreator_score calculation and sorting[2m > [22m[2mshould include creator_score in API response
[22m[39m[2026-03-19T15:12:13.048Z] [WARN] fetchMovieCredits failed { tmdbId: [33m100[39m, mediaType: [32m'movie'[39m, status: [90mundefined[39m }

[90mstdout[2m | src/app/api/user/__tests__/achiev_creators.test.ts[2m > [22m[2mAchievCreators API - Creator Score and Sorting[2m > [22m[2mcreator_score calculation and sorting[2m > [22m[2mshould include creator_score in API response
[22m[39m[2026-03-19T15:12:13.050Z] [INFO] AchievCreatorsAPI: Request completed successfully {
  duration: [32m'7ms'[39m,
  creatorCount: [33m0[39m,
  singleLoad: [33mtrue[39m,
  hasMore: [33mfalse[39m,
  total: [33m0[39m
}

[90mstdout[2m | src/app/api/user/__tests__/achiev_creators.test.ts[2m > [22m[2mAchievCreators API - Creator Score and Sorting[2m > [22m[2mcreator_score calculation and sorting[2m > [22m[2mshould apply tie-breaker: average_rating (nulls last) when creator_score is equal
[22m[39m[2026-03-19T15:12:13.054Z] [INFO] AchievCreatorsAPI: Request started { timestamp: [32m'2026-03-19T15:12:13.054Z'[39m }

[90mstdout[2m | src/app/api/user/__tests__/achiev_creators.test.ts[2m > [22m[2mAchievCreators API - Creator Score and Sorting[2m > [22m[2mcreator_score calculation and sorting[2m > [22m[2mshould apply tie-breaker: average_rating (nulls last) when creator_score is equal
[22m[39m[2026-03-19T15:12:13.056Z] [INFO] AchievCreatorsAPI: Parameters loaded {
  userId: [32m'test-user'[39m,
  targetUserId: [32m'test-user'[39m,
  limit: [33m50[39m,
  offset: [33m0[39m,
  singleLoad: [33mtrue[39m
}

[90mstderr[2m | src/app/api/user/__tests__/achiev_creators.test.ts[2m > [22m[2mAchievCreators API - Creator Score and Sorting[2m > [22m[2mcreator_score calculation and sorting[2m > [22m[2mshould apply tie-breaker: average_rating (nulls last) when creator_score is equal
[22m[39m[2026-03-19T15:12:13.061Z] [WARN] fetchMovieCredits failed { tmdbId: [33m100[39m, mediaType: [32m'movie'[39m, status: [90mundefined[39m }
[2026-03-19T15:12:13.062Z] [WARN] fetchMovieCredits failed { tmdbId: [33m101[39m, mediaType: [32m'movie'[39m, status: [90mundefined[39m }

[90mstdout[2m | src/app/api/user/__tests__/achiev_creators.test.ts[2m > [22m[2mAchievCreators API - Creator Score and Sorting[2m > [22m[2mcreator_score calculation and sorting[2m > [22m[2mshould apply tie-breaker: average_rating (nulls last) when creator_score is equal
[22m[39m[2026-03-19T15:12:13.062Z] [INFO] AchievCreatorsAPI: Request completed successfully {
  duration: [32m'8ms'[39m,
  creatorCount: [33m0[39m,
  singleLoad: [33mtrue[39m,
  hasMore: [33mfalse[39m,
  total: [33m0[39m
}

[90mstdout[2m | src/app/api/user/__tests__/achiev_creators.test.ts[2m > [22m[2mAchievCreators API - Creator Score and Sorting[2m > [22m[2mcreator_score calculation and sorting[2m > [22m[2mshould apply tie-breaker: progress_percent when scores and ratings are equal
[22m[39m[2026-03-19T15:12:13.065Z] [INFO] AchievCreatorsAPI: Request started { timestamp: [32m'2026-03-19T15:12:13.065Z'[39m }

[90mstdout[2m | src/app/api/user/__tests__/achiev_creators.test.ts[2m > [22m[2mAchievCreators API - Creator Score and Sorting[2m > [22m[2mcreator_score calculation and sorting[2m > [22m[2mshould apply tie-breaker: progress_percent when scores and ratings are equal
[22m[39m[2026-03-19T15:12:13.066Z] [INFO] AchievCreatorsAPI: Parameters loaded {
  userId: [32m'test-user'[39m,
  targetUserId: [32m'test-user'[39m,
  limit: [33m50[39m,
  offset: [33m0[39m,
  singleLoad: [33mtrue[39m
}

[90mstderr[2m | src/app/api/user/__tests__/achiev_creators.test.ts[2m > [22m[2mAchievCreators API - Creator Score and Sorting[2m > [22m[2mcreator_score calculation and sorting[2m > [22m[2mshould apply tie-breaker: progress_percent when scores and ratings are equal
[22m[39m[2026-03-19T15:12:13.067Z] [WARN] fetchMovieCredits failed { tmdbId: [33m100[39m, mediaType: [32m'movie'[39m, status: [90mundefined[39m }

[90mstdout[2m | src/app/api/user/__tests__/achiev_creators.test.ts[2m > [22m[2mAchievCreators API - Creator Score and Sorting[2m > [22m[2mcreator_score calculation and sorting[2m > [22m[2mshould apply tie-breaker: progress_percent when scores and ratings are equal
[22m[39m[2026-03-19T15:12:13.068Z] [INFO] AchievCreatorsAPI: Request completed successfully {
  duration: [32m'3ms'[39m,
  creatorCount: [33m0[39m,
  singleLoad: [33mtrue[39m,
  hasMore: [33mfalse[39m,
  total: [33m0[39m
}

[90mstdout[2m | src/app/api/user/__tests__/achiev_creators.test.ts[2m > [22m[2mAchievCreators API - Creator Score and Sorting[2m > [22m[2mcreator_score calculation and sorting[2m > [22m[2mshould sort by creator_score in paginated mode
[22m[39m[2026-03-19T15:12:13.077Z] [INFO] AchievCreatorsAPI: Request started { timestamp: [32m'2026-03-19T15:12:13.077Z'[39m }

[90mstdout[2m | src/app/api/user/__tests__/achiev_creators.test.ts[2m > [22m[2mAchievCreators API - Creator Score and Sorting[2m > [22m[2mcreator_score calculation and sorting[2m > [22m[2mshould sort by creator_score in paginated mode
[22m[39m[2026-03-19T15:12:13.077Z] [INFO] AchievCreatorsAPI: Parameters loaded {
  userId: [32m'test-user'[39m,
  targetUserId: [32m'test-user'[39m,
  limit: [33m2[39m,
  offset: [33m0[39m,
  singleLoad: [33mfalse[39m
}

[90mstderr[2m | src/app/api/user/__tests__/achiev_creators.test.ts[2m > [22m[2mAchievCreators API - Creator Score and Sorting[2m > [22m[2mcreator_score calculation and sorting[2m > [22m[2mshould sort by creator_score in paginated mode
[22m[39m[2026-03-19T15:12:13.079Z] [WARN] fetchMovieCredits failed { tmdbId: [33m100[39m, mediaType: [32m'movie'[39m, status: [90mundefined[39m }
[2026-03-19T15:12:13.079Z] [WARN] fetchMovieCredits failed { tmdbId: [33m101[39m, mediaType: [32m'movie'[39m, status: [90mundefined[39m }
[2026-03-19T15:12:13.079Z] [WARN] fetchMovieCredits failed { tmdbId: [33m102[39m, mediaType: [32m'movie'[39m, status: [90mundefined[39m }

[90mstdout[2m | src/app/api/user/__tests__/achiev_creators.test.ts[2m > [22m[2mAchievCreators API - Creator Score and Sorting[2m > [22m[2mcreator_score calculation and sorting[2m > [22m[2mshould sort by creator_score in paginated mode
[22m[39m[2026-03-19T15:12:13.080Z] [INFO] AchievCreatorsAPI: Request completed successfully {
  duration: [32m'3ms'[39m,
  creatorCount: [33m0[39m,
  singleLoad: [90mundefined[39m,
  hasMore: [33mfalse[39m,
  total: [33m0[39m
}

[90mstdout[2m | src/app/api/user/__tests__/achiev_creators.test.ts[2m > [22m[2mAchievCreators API - Creator Score and Sorting[2m > [22m[2mtype safety - no any types[2m > [22m[2mshould have properly typed creator objects in response
[22m[39m[2026-03-19T15:12:13.086Z] [INFO] AchievCreatorsAPI: Request started { timestamp: [32m'2026-03-19T15:12:13.086Z'[39m }

[90mstdout[2m | src/app/api/user/__tests__/achiev_creators.test.ts[2m > [22m[2mAchievCreators API - Creator Score and Sorting[2m > [22m[2mtype safety - no any types[2m > [22m[2mshould have properly typed creator objects in response
[22m[39m[2026-03-19T15:12:13.087Z] [INFO] AchievCreatorsAPI: Parameters loaded {
  userId: [32m'test-user'[39m,
  targetUserId: [32m'test-user'[39m,
  limit: [33m10[39m,
  offset: [33m0[39m,
  singleLoad: [33mtrue[39m
}

[90mstderr[2m | src/app/api/user/__tests__/achiev_creators.test.ts[2m > [22m[2mAchievCreators API - Creator Score and Sorting[2m > [22m[2mtype safety - no any types[2m > [22m[2mshould have properly typed creator objects in response
[22m[39m[2026-03-19T15:12:13.088Z] [WARN] fetchMovieCredits failed { tmdbId: [33m100[39m, mediaType: [32m'movie'[39m, status: [90mundefined[39m }

[90mstdout[2m | src/app/api/user/__tests__/achiev_creators.test.ts[2m > [22m[2mAchievCreators API - Creator Score and Sorting[2m > [22m[2mtype safety - no any types[2m > [22m[2mshould have properly typed creator objects in response
[22m[39m[2026-03-19T15:12:13.089Z] [INFO] AchievCreatorsAPI: Request completed successfully {
  duration: [32m'3ms'[39m,
  creatorCount: [33m0[39m,
  singleLoad: [33mtrue[39m,
  hasMore: [33mfalse[39m,
  total: [33m0[39m
}

[90mstdout[2m | src/app/api/user/__tests__/achiev_creators.test.ts[2m > [22m[2mAchievCreators API - Creator Score and Sorting[2m > [22m[2mtype safety - no any types[2m > [22m[2mshould return correct structure for hasMore and total
[22m[39m[2026-03-19T15:12:13.097Z] [INFO] AchievCreatorsAPI: Request started { timestamp: [32m'2026-03-19T15:12:13.097Z'[39m }

[90mstdout[2m | src/app/api/user/__tests__/achiev_creators.test.ts[2m > [22m[2mAchievCreators API - Creator Score and Sorting[2m > [22m[2mtype safety - no any types[2m > [22m[2mshould return correct structure for hasMore and total
[22m[39m[2026-03-19T15:12:13.099Z] [INFO] AchievCreatorsAPI: Parameters loaded {
  userId: [32m'test-user'[39m,
  targetUserId: [32m'test-user'[39m,
  limit: [33m10[39m,
  offset: [33m0[39m,
  singleLoad: [33mtrue[39m
}

[90mstderr[2m | src/app/api/user/__tests__/achiev_creators.test.ts[2m > [22m[2mAchievCreators API - Creator Score and Sorting[2m > [22m[2mtype safety - no any types[2m > [22m[2mshould return correct structure for hasMore and total
[22m[39m[2026-03-19T15:12:13.100Z] [WARN] fetchMovieCredits failed { tmdbId: [33m100[39m, mediaType: [32m'movie'[39m, status: [90mundefined[39m }

[90mstdout[2m | src/app/api/user/__tests__/achiev_creators.test.ts[2m > [22m[2mAchievCreators API - Creator Score and Sorting[2m > [22m[2mtype safety - no any types[2m > [22m[2mshould return correct structure for hasMore and total
[22m[39m[2026-03-19T15:12:13.101Z] [INFO] AchievCreatorsAPI: Request completed successfully {
  duration: [32m'4ms'[39m,
  creatorCount: [33m0[39m,
  singleLoad: [33mtrue[39m,
  hasMore: [33mfalse[39m,
  total: [33m0[39m
}

[90mstdout[2m | src/app/api/user/__tests__/achiev_creators.test.ts[2m > [22m[2mAchievCreators API - Creator Score and Sorting[2m > [22m[2mempty watchlist handling[2m > [22m[2mshould return empty creators array when no movies watched
[22m[39m[2026-03-19T15:12:13.110Z] [INFO] AchievCreatorsAPI: Request started { timestamp: [32m'2026-03-19T15:12:13.110Z'[39m }

[90mstdout[2m | src/app/api/user/__tests__/achiev_creators.test.ts[2m > [22m[2mAchievCreators API - Creator Score and Sorting[2m > [22m[2mempty watchlist handling[2m > [22m[2mshould return empty creators array when no movies watched
[22m[39m[2026-03-19T15:12:13.111Z] [INFO] AchievCreatorsAPI: Parameters loaded {
  userId: [32m'test-user'[39m,
  targetUserId: [32m'test-user'[39m,
  limit: [33m50[39m,
  offset: [33m0[39m,
  singleLoad: [33mtrue[39m
}

[90mstdout[2m | src/app/api/user/__tests__/achiev_creators.test.ts[2m > [22m[2mAchievCreators API - Creator Score and Sorting[2m > [22m[2mempty watchlist handling[2m > [22m[2mshould return empty creators array when no movies watched
[22m[39m[2026-03-19T15:12:13.112Z] [INFO] AchievCreatorsAPI: Request completed successfully {
  duration: [32m'2ms'[39m,
  creatorCount: [33m0[39m,
  singleLoad: [90mundefined[39m,
  hasMore: [33mfalse[39m,
  total: [33m0[39m
}

[90mstdout[2m | src/app/api/user/__tests__/achiev_creators.test.ts[2m > [22m[2mAchievCreators API - Creator Score and Sorting[2m > [22m[2mlimit parameter[2m > [22m[2mshould respect limit parameter
[22m[39m[2026-03-19T15:12:13.119Z] [INFO] AchievCreatorsAPI: Request started { timestamp: [32m'2026-03-19T15:12:13.119Z'[39m }

[90mstdout[2m | src/app/api/user/__tests__/achiev_creators.test.ts[2m > [22m[2mAchievCreators API - Creator Score and Sorting[2m > [22m[2mlimit parameter[2m > [22m[2mshould respect limit parameter
[22m[39m[2026-03-19T15:12:13.120Z] [INFO] AchievCreatorsAPI: Parameters loaded {
  userId: [32m'test-user'[39m,
  targetUserId: [32m'test-user'[39m,
  limit: [33m2[39m,
  offset: [33m0[39m,
  singleLoad: [33mtrue[39m
}

[90mstderr[2m | src/app/api/user/__tests__/achiev_creators.test.ts[2m > [22m[2mAchievCreators API - Creator Score and Sorting[2m > [22m[2mlimit parameter[2m > [22m[2mshould respect limit parameter
[22m[39m[2026-03-19T15:12:13.123Z] [WARN] fetchMovieCredits failed { tmdbId: [33m1000[39m, mediaType: [32m'movie'[39m, status: [90mundefined[39m }
[2026-03-19T15:12:13.123Z] [WARN] fetchMovieCredits failed { tmdbId: [33m1001[39m, mediaType: [32m'movie'[39m, status: [90mundefined[39m }
[2026-03-19T15:12:13.124Z] [WARN] fetchMovieCredits failed { tmdbId: [33m1002[39m, mediaType: [32m'movie'[39m, status: [90mundefined[39m }
[2026-03-19T15:12:13.126Z] [WARN] fetchMovieCredits failed { tmdbId: [33m1003[39m, mediaType: [32m'movie'[39m, status: [90mundefined[39m }
[2026-03-19T15:12:13.127Z] [WARN] fetchMovieCredits failed { tmdbId: [33m1004[39m, mediaType: [32m'movie'[39m, status: [90mundefined[39m }
[2026-03-19T15:12:13.127Z] [WARN] fetchMovieCredits failed { tmdbId: [33m1005[39m, mediaType: [32m'movie'[39m, status: [90mundefined[39m }
[2026-03-19T15:12:13.127Z] [WARN] fetchMovieCredits failed { tmdbId: [33m1006[39m, mediaType: [32m'movie'[39m, status: [90mundefined[39m }
[2026-03-19T15:12:13.127Z] [WARN] fetchMovieCredits failed { tmdbId: [33m1007[39m, mediaType: [32m'movie'[39m, status: [90mundefined[39m }
[2026-03-19T15:12:13.127Z] [WARN] fetchMovieCredits failed { tmdbId: [33m1008[39m, mediaType: [32m'movie'[39m, status: [90mundefined[39m }
[2026-03-19T15:12:13.127Z] [WARN] fetchMovieCredits failed { tmdbId: [33m1009[39m, mediaType: [32m'movie'[39m, status: [90mundefined[39m }

[90mstderr[2m | src/app/api/user/__tests__/achiev_creators.test.ts[2m > [22m[2mAchievCreators API - Creator Score and Sorting[2m > [22m[2mlimit parameter[2m > [22m[2mshould respect limit parameter
[22m[39m[2026-03-19T15:12:13.161Z] [WARN] fetchMovieCredits failed { tmdbId: [33m1010[39m, mediaType: [32m'movie'[39m, status: [90mundefined[39m }
[2026-03-19T15:12:13.162Z] [WARN] fetchMovieCredits failed { tmdbId: [33m1011[39m, mediaType: [32m'movie'[39m, status: [90mundefined[39m }
[2026-03-19T15:12:13.162Z] [WARN] fetchMovieCredits failed { tmdbId: [33m1012[39m, mediaType: [32m'movie'[39m, status: [90mundefined[39m }
[2026-03-19T15:12:13.162Z] [WARN] fetchMovieCredits failed { tmdbId: [33m1013[39m, mediaType: [32m'movie'[39m, status: [90mundefined[39m }
[2026-03-19T15:12:13.162Z] [WARN] fetchMovieCredits failed { tmdbId: [33m1014[39m, mediaType: [32m'movie'[39m, status: [90mundefined[39m }
[2026-03-19T15:12:13.162Z] [WARN] fetchMovieCredits failed { tmdbId: [33m1015[39m, mediaType: [32m'movie'[39m, status: [90mundefined[39m }
[2026-03-19T15:12:13.162Z] [WARN] fetchMovieCredits failed { tmdbId: [33m1016[39m, mediaType: [32m'movie'[39m, status: [90mundefined[39m }
[2026-03-19T15:12:13.162Z] [WARN] fetchMovieCredits failed { tmdbId: [33m1017[39m, mediaType: [32m'movie'[39m, status: [90mundefined[39m }
[2026-03-19T15:12:13.163Z] [WARN] fetchMovieCredits failed { tmdbId: [33m1018[39m, mediaType: [32m'movie'[39m, status: [90mundefined[39m }
[2026-03-19T15:12:13.163Z] [WARN] fetchMovieCredits failed { tmdbId: [33m1019[39m, mediaType: [32m'movie'[39m, status: [90mundefined[39m }

[90mstdout[2m | src/app/api/user/__tests__/achiev_creators.test.ts[2m > [22m[2mAchievCreators API - Creator Score and Sorting[2m > [22m[2mlimit parameter[2m > [22m[2mshould respect limit parameter
[22m[39m[2026-03-19T15:12:13.164Z] [INFO] AchievCreatorsAPI: Request completed successfully {
  duration: [32m'45ms'[39m,
  creatorCount: [33m0[39m,
  singleLoad: [33mtrue[39m,
  hasMore: [33mfalse[39m,
  total: [33m0[39m
}

 [32m✓[39m .planning/phases/25-simplify-taste-map/tdd/acceptance-code-25-02.test.ts [2m([22m[2m5 tests[22m[2m)[22m[33m 1259[2mms[22m[39m
       [33m[2m✓[22m[39m should not accept topActors/topDirectors props [33m 1212[2mms[22m[39m
[90mstdout[2m | src/app/components/__tests__/FilmGridWithFilters.orderNumbers.test.tsx[2m > [22m[2mFilmGridWithFilters - Order Numbers Integration[2m > [22m[2mpasses index prop to MovieCard components
[22m[39m[getMediaTypeDisplay] Analyzing movie: {
  id: [33m1[39m,
  title: [32m'Movie 1'[39m,
  genre_ids: [90mundefined[39m,
  hasAnimationGenre: [33mfalse[39m,
  original_language: [90mundefined[39m,
  isJapanese: [33mfalse[39m,
  media_type: [32m'movie'[39m
}
[getMediaTypeDisplay] Result: ФИЛЬМ
[getMediaTypeDisplay] Analyzing movie: {
  id: [33m2[39m,
  title: [32m'Movie 2'[39m,
  genre_ids: [90mundefined[39m,
  hasAnimationGenre: [33mfalse[39m,
  original_language: [90mundefined[39m,
  isJapanese: [33mfalse[39m,
  media_type: [32m'tv'[39m
}
[getMediaTypeDisplay] Result: СЕРИАЛ
[getMediaTypeDisplay] Analyzing movie: {
  id: [33m3[39m,
  title: [32m'Movie 3'[39m,
  genre_ids: [90mundefined[39m,
  hasAnimationGenre: [33mfalse[39m,
  original_language: [90mundefined[39m,
  isJapanese: [33mfalse[39m,
  media_type: [32m'movie'[39m
}
[getMediaTypeDisplay] Result: ФИЛЬМ

[90mstdout[2m | .planning/phases/22-my-movies-ui-fixes/tdd/acceptance-code-22.order-numbers.test.tsx[2m > [22m[2mFilmGridWithFilters - Order Numbers (showIndex prop)[2m > [22m[2mBackward Compatibility (showIndex=true by default)[2m > [22m[2mdisplays order numbers when showIndex is not specified (default true)
[22m[39m[getMediaTypeDisplay] Analyzing movie: {
  id: [33m1[39m,
  title: [32m'Movie 1'[39m,
  genre_ids: [90mundefined[39m,
  hasAnimationGenre: [33mfalse[39m,
  original_language: [90mundefined[39m,
  isJapanese: [33mfalse[39m,
  media_type: [32m'movie'[39m
}
[getMediaTypeDisplay] Result: ФИЛЬМ
[getMediaTypeDisplay] Analyzing movie: {
  id: [33m2[39m,
  title: [32m'Movie 2'[39m,
  genre_ids: [90mundefined[39m,
  hasAnimationGenre: [33mfalse[39m,
  original_language: [90mundefined[39m,
  isJapanese: [33mfalse[39m,
  media_type: [32m'tv'[39m
}
[getMediaTypeDisplay] Result: СЕРИАЛ
[getMediaTypeDisplay] Analyzing movie: {
  id: [33m3[39m,
  title: [32m'Movie 3'[39m,
  genre_ids: [90mundefined[39m,
  hasAnimationGenre: [33mfalse[39m,
  original_language: [90mundefined[39m,
  isJapanese: [33mfalse[39m,
  media_type: [32m'movie'[39m
}
[getMediaTypeDisplay] Result: ФИЛЬМ

[90mstderr[2m | .planning/phases/22-my-movies-ui-fixes/tdd/acceptance-code-22.scroll-to-top.test.tsx[2m > [22m[2mMyMoviesContentClient - Scroll-to-Top Button[2m > [22m[2mdoes not show scroll-to-top button when content is not scrollable
[22m[39m[2026-03-19T15:12:16.039Z] [ERROR] Failed to fetch blacklist {
  error: [32m'object is not iterable (cannot read property Symbol(Symbol.iterator))'[39m
}

[90mstdout[2m | src/app/components/__tests__/FilmGridWithFilters.orderNumbers.test.tsx[2m > [22m[2mFilmGridWithFilters - Order Numbers Integration[2m > [22m[2mdisplays correct sequential order numbers for multiple movies
[22m[39m[getMediaTypeDisplay] Analyzing movie: {
  id: [33m1[39m,
  title: [32m'Movie 1'[39m,
  genre_ids: [90mundefined[39m,
  hasAnimationGenre: [33mfalse[39m,
  original_language: [90mundefined[39m,
  isJapanese: [33mfalse[39m,
  media_type: [32m'movie'[39m
}
[getMediaTypeDisplay] Result: ФИЛЬМ
[getMediaTypeDisplay] Analyzing movie: {
  id: [33m2[39m,
  title: [32m'Movie 2'[39m,
  genre_ids: [90mundefined[39m,
  hasAnimationGenre: [33mfalse[39m,
  original_language: [90mundefined[39m,
  isJapanese: [33mfalse[39m,
  media_type: [32m'tv'[39m
}
[getMediaTypeDisplay] Result: СЕРИАЛ
[getMediaTypeDisplay] Analyzing movie: {
  id: [33m3[39m,
  title: [32m'Movie 3'[39m,
  genre_ids: [90mundefined[39m,
  hasAnimationGenre: [33mfalse[39m,
  original_language: [90mundefined[39m,
  isJapanese: [33mfalse[39m,
  media_type: [32m'movie'[39m
}
[getMediaTypeDisplay] Result: ФИЛЬМ

[90mstdout[2m | .planning/phases/22-my-movies-ui-fixes/tdd/acceptance-code-22.order-numbers.test.tsx[2m > [22m[2mFilmGridWithFilters - Order Numbers (showIndex prop)[2m > [22m[2mBackward Compatibility (showIndex=true by default)[2m > [22m[2mexplicitly shows order numbers when showIndex=true
[22m[39m[getMediaTypeDisplay] Analyzing movie: {
  id: [33m1[39m,
  title: [32m'Movie 1'[39m,
  genre_ids: [90mundefined[39m,
  hasAnimationGenre: [33mfalse[39m,
  original_language: [90mundefined[39m,
  isJapanese: [33mfalse[39m,
  media_type: [32m'movie'[39m
}
[getMediaTypeDisplay] Result: ФИЛЬМ
[getMediaTypeDisplay] Analyzing movie: {
  id: [33m2[39m,
  title: [32m'Movie 2'[39m,
  genre_ids: [90mundefined[39m,
  hasAnimationGenre: [33mfalse[39m,
  original_language: [90mundefined[39m,
  isJapanese: [33mfalse[39m,
  media_type: [32m'tv'[39m
}
[getMediaTypeDisplay] Result: СЕРИАЛ
[getMediaTypeDisplay] Analyzing movie: {
  id: [33m3[39m,
  title: [32m'Movie 3'[39m,
  genre_ids: [90mundefined[39m,
  hasAnimationGenre: [33mfalse[39m,
  original_language: [90mundefined[39m,
  isJapanese: [33mfalse[39m,
  media_type: [32m'movie'[39m
}
[getMediaTypeDisplay] Result: ФИЛЬМ

[90mstdout[2m | .planning/phases/22-my-movies-ui-fixes/tdd/acceptance-code-22.scroll-to-top.test.tsx[2m > [22m[2mMyMoviesContentClient - Scroll-to-Top Button[2m > [22m[2mdoes not show scroll-to-top button when content is not scrollable
[22m[39m[getMediaTypeDisplay] Analyzing movie: {
  id: [33m1[39m,
  title: [32m'Movie 1'[39m,
  genre_ids: [90mundefined[39m,
  hasAnimationGenre: [33mfalse[39m,
  original_language: [90mundefined[39m,
  isJapanese: [33mfalse[39m,
  media_type: [32m'movie'[39m
}
[getMediaTypeDisplay] Result: ФИЛЬМ

[90mstdout[2m | src/app/components/__tests__/FilmGridWithFilters.orderNumbers.test.tsx[2m > [22m[2mFilmGridWithFilters - Order Numbers Integration[2m > [22m[2msingle movie displays order number 1
[22m[39m[getMediaTypeDisplay] Analyzing movie: {
  id: [33m1[39m,
  title: [32m'Movie 1'[39m,
  genre_ids: [90mundefined[39m,
  hasAnimationGenre: [33mfalse[39m,
  original_language: [90mundefined[39m,
  isJapanese: [33mfalse[39m,
  media_type: [32m'movie'[39m
}
[getMediaTypeDisplay] Result: ФИЛЬМ

Not implemented: Window's scrollTo() method
 [32m✓[39m .planning/phases/22-my-movies-ui-fixes/tdd/acceptance-code-22.scroll-to-top.test.tsx [2m([22m[2m5 tests[22m[2m)[22m[33m 1690[2mms[22m[39m
     [33m[2m✓[22m[39m shows scroll-to-top button after scrolling down >300px [33m 671[2mms[22m[39m
     [33m[2m✓[22m[39m does not show scroll-to-top button when content is not scrollable [33m 377[2mms[22m[39m
[90mstdout[2m | .planning/phases/22-my-movies-ui-fixes/tdd/acceptance-code-22.order-numbers.test.tsx[2m > [22m[2mFilmGridWithFilters - Order Numbers (showIndex prop)[2m > [22m[2mMy Movies page (showIndex=false)[2m > [22m[2mhides order numbers when showIndex=false
[22m[39m[getMediaTypeDisplay] Analyzing movie: {
  id: [33m1[39m,
  title: [32m'Movie 1'[39m,
  genre_ids: [90mundefined[39m,
  hasAnimationGenre: [33mfalse[39m,
  original_language: [90mundefined[39m,
  isJapanese: [33mfalse[39m,
  media_type: [32m'movie'[39m
}
[getMediaTypeDisplay] Result: ФИЛЬМ
[getMediaTypeDisplay] Analyzing movie: {
  id: [33m2[39m,
  title: [32m'Movie 2'[39m,
  genre_ids: [90mundefined[39m,
  hasAnimationGenre: [33mfalse[39m,
  original_language: [90mundefined[39m,
  isJapanese: [33mfalse[39m,
  media_type: [32m'tv'[39m
}
[getMediaTypeDisplay] Result: СЕРИАЛ
[getMediaTypeDisplay] Analyzing movie: {
  id: [33m3[39m,
  title: [32m'Movie 3'[39m,
  genre_ids: [90mundefined[39m,
  hasAnimationGenre: [33mfalse[39m,
  original_language: [90mundefined[39m,
  isJapanese: [33mfalse[39m,
  media_type: [32m'movie'[39m
}
[getMediaTypeDisplay] Result: ФИЛЬМ

[90mstdout[2m | src/app/components/__tests__/FilmGridWithFilters.orderNumbers.test.tsx[2m > [22m[2mFilmGridWithFilters - Order Numbers Integration[2m > [22m[2mrenders movies with index prop and displays order numbers
[22m[39m[getMediaTypeDisplay] Analyzing movie: {
  id: [33m1[39m,
  title: [32m'Movie 1'[39m,
  genre_ids: [90mundefined[39m,
  hasAnimationGenre: [33mfalse[39m,
  original_language: [90mundefined[39m,
  isJapanese: [33mfalse[39m,
  media_type: [32m'movie'[39m
}
[getMediaTypeDisplay] Result: ФИЛЬМ
[getMediaTypeDisplay] Analyzing movie: {
  id: [33m2[39m,
  title: [32m'Movie 2'[39m,
  genre_ids: [90mundefined[39m,
  hasAnimationGenre: [33mfalse[39m,
  original_language: [90mundefined[39m,
  isJapanese: [33mfalse[39m,
  media_type: [32m'tv'[39m
}
[getMediaTypeDisplay] Result: СЕРИАЛ
[getMediaTypeDisplay] Analyzing movie: {
  id: [33m3[39m,
  title: [32m'Movie 3'[39m,
  genre_ids: [90mundefined[39m,
  hasAnimationGenre: [33mfalse[39m,
  original_language: [90mundefined[39m,
  isJapanese: [33mfalse[39m,
  media_type: [32m'movie'[39m
}
[getMediaTypeDisplay] Result: ФИЛЬМ

[90mstdout[2m | .planning/phases/22-my-movies-ui-fixes/tdd/acceptance-code-22.order-numbers.test.tsx[2m > [22m[2mFilmGridWithFilters - Order Numbers (showIndex prop)[2m > [22m[2mMy Movies page (showIndex=false)[2m > [22m[2mremoves index prop from MovieCard when showIndex=false
[22m[39m[getMediaTypeDisplay] Analyzing movie: {
  id: [33m1[39m,
  title: [32m'Movie 1'[39m,
  genre_ids: [90mundefined[39m,
  hasAnimationGenre: [33mfalse[39m,
  original_language: [90mundefined[39m,
  isJapanese: [33mfalse[39m,
  media_type: [32m'movie'[39m
}
[getMediaTypeDisplay] Result: ФИЛЬМ
[getMediaTypeDisplay] Analyzing movie: {
  id: [33m2[39m,
  title: [32m'Movie 2'[39m,
  genre_ids: [90mundefined[39m,
  hasAnimationGenre: [33mfalse[39m,
  original_language: [90mundefined[39m,
  isJapanese: [33mfalse[39m,
  media_type: [32m'tv'[39m
}
[getMediaTypeDisplay] Result: СЕРИАЛ
[getMediaTypeDisplay] Analyzing movie: {
  id: [33m3[39m,
  title: [32m'Movie 3'[39m,
  genre_ids: [90mundefined[39m,
  hasAnimationGenre: [33mfalse[39m,
  original_language: [90mundefined[39m,
  isJapanese: [33mfalse[39m,
  media_type: [32m'movie'[39m
}
[getMediaTypeDisplay] Result: ФИЛЬМ

[90mstdout[2m | src/app/components/__tests__/FilmGridWithFilters.orderNumbers.test.tsx[2m > [22m[2mFilmGridWithFilters - Order Numbers Integration[2m > [22m[2mMovieCards receive index prop and display order numbers
[22m[39m[getMediaTypeDisplay] Analyzing movie: {
  id: [33m1[39m,
  title: [32m'Movie 1'[39m,
  genre_ids: [90mundefined[39m,
  hasAnimationGenre: [33mfalse[39m,
  original_language: [90mundefined[39m,
  isJapanese: [33mfalse[39m,
  media_type: [32m'movie'[39m
}
[getMediaTypeDisplay] Result: ФИЛЬМ
[getMediaTypeDisplay] Analyzing movie: {
  id: [33m2[39m,
  title: [32m'Movie 2'[39m,
  genre_ids: [90mundefined[39m,
  hasAnimationGenre: [33mfalse[39m,
  original_language: [90mundefined[39m,
  isJapanese: [33mfalse[39m,
  media_type: [32m'tv'[39m
}
[getMediaTypeDisplay] Result: СЕРИАЛ
[getMediaTypeDisplay] Analyzing movie: {
  id: [33m3[39m,
  title: [32m'Movie 3'[39m,
  genre_ids: [90mundefined[39m,
  hasAnimationGenre: [33mfalse[39m,
  original_language: [90mundefined[39m,
  isJapanese: [33mfalse[39m,
  media_type: [32m'movie'[39m
}
[getMediaTypeDisplay] Result: ФИЛЬМ

[90mstdout[2m | .planning/phases/22-my-movies-ui-fixes/tdd/acceptance-code-22.order-numbers.test.tsx[2m > [22m[2mFilmGridWithFilters - Order Numbers (showIndex prop)[2m > [22m[2mMy Movies page (showIndex=false)[2m > [22m[2mkeeps order numbers hidden after changing filters
[22m[39m[getMediaTypeDisplay] Analyzing movie: {
  id: [33m1[39m,
  title: [32m'Movie 1'[39m,
  genre_ids: [90mundefined[39m,
  hasAnimationGenre: [33mfalse[39m,
  original_language: [90mundefined[39m,
  isJapanese: [33mfalse[39m,
  media_type: [32m'movie'[39m
}
[getMediaTypeDisplay] Result: ФИЛЬМ
[getMediaTypeDisplay] Analyzing movie: {
  id: [33m2[39m,
  title: [32m'Movie 2'[39m,
  genre_ids: [90mundefined[39m,
  hasAnimationGenre: [33mfalse[39m,
  original_language: [90mundefined[39m,
  isJapanese: [33mfalse[39m,
  media_type: [32m'tv'[39m
}
[getMediaTypeDisplay] Result: СЕРИАЛ
[getMediaTypeDisplay] Analyzing movie: {
  id: [33m3[39m,
  title: [32m'Movie 3'[39m,
  genre_ids: [90mundefined[39m,
  hasAnimationGenre: [33mfalse[39m,
  original_language: [90mundefined[39m,
  isJapanese: [33mfalse[39m,
  media_type: [32m'movie'[39m
}
[getMediaTypeDisplay] Result: ФИЛЬМ

 [32m✓[39m .planning/phases/22-my-movies-ui-fixes/tdd/acceptance-code-22.order-numbers.test.tsx [2m([22m[2m5 tests[22m[2m)[22m[33m 2404[2mms[22m[39m
       [33m[2m✓[22m[39m displays order numbers when showIndex is not specified (default true) [33m 1054[2mms[22m[39m
       [33m[2m✓[22m[39m explicitly shows order numbers when showIndex=true [33m 363[2mms[22m[39m
       [33m[2m✓[22m[39m hides order numbers when showIndex=false [33m 417[2mms[22m[39m
[90mstdout[2m | src/app/components/__tests__/FilmGridWithFilters.orderNumbers.test.tsx[2m > [22m[2mFilmGridWithFilters - Order Numbers Integration[2m > [22m[2msingle movie displays order number 1
[22m[39m[getMediaTypeDisplay] Analyzing movie: {
  id: [33m1[39m,
  title: [32m'Movie 1'[39m,
  genre_ids: [90mundefined[39m,
  hasAnimationGenre: [33mfalse[39m,
  original_language: [90mundefined[39m,
  isJapanese: [33mfalse[39m,
  media_type: [32m'movie'[39m
}
[getMediaTypeDisplay] Result: ФИЛЬМ

 [32m✓[39m src/app/components/__tests__/FilmGridWithFilters.orderNumbers.test.tsx [2m([22m[2m7 tests[22m[2m)[22m[33m 2600[2mms[22m[39m
     [33m[2m✓[22m[39m passes index prop to MovieCard components [33m 1013[2mms[22m[39m
     [33m[2m✓[22m[39m displays correct sequential order numbers for multiple movies [33m 316[2mms[22m[39m
[90mstdout[2m | src/app/components/__tests__/MovieCard.orderNumbers.test.tsx[2m > [22m[2mMovieCard - Order Numbers[2m > [22m[2mrenders order number when index prop is provided
[22m[39m[getMediaTypeDisplay] Analyzing movie: {
  id: [33m1[39m,
  title: [32m'Test Movie'[39m,
  genre_ids: [90mundefined[39m,
  hasAnimationGenre: [33mfalse[39m,
  original_language: [90mundefined[39m,
  isJapanese: [33mfalse[39m,
  media_type: [32m'movie'[39m
}
[getMediaTypeDisplay] Result: ФИЛЬМ

[90mstdout[2m | src/app/components/__tests__/MovieCard.orderNumbers.test.tsx[2m > [22m[2mMovieCard - Order Numbers[2m > [22m[2mdisplays index + 1 as order number
[22m[39m[getMediaTypeDisplay] Analyzing movie: {
  id: [33m1[39m,
  title: [32m'Test Movie'[39m,
  genre_ids: [90mundefined[39m,
  hasAnimationGenre: [33mfalse[39m,
  original_language: [90mundefined[39m,
  isJapanese: [33mfalse[39m,
  media_type: [32m'movie'[39m
}
[getMediaTypeDisplay] Result: ФИЛЬМ

[90mstdout[2m | src/app/components/__tests__/MovieCard.orderNumbers.test.tsx[2m > [22m[2mMovieCard - Order Numbers[2m > [22m[2mdisplays correct number for index=0 (first item)
[22m[39m[getMediaTypeDisplay] Analyzing movie: {
  id: [33m1[39m,
  title: [32m'Test Movie'[39m,
  genre_ids: [90mundefined[39m,
  hasAnimationGenre: [33mfalse[39m,
  original_language: [90mundefined[39m,
  isJapanese: [33mfalse[39m,
  media_type: [32m'movie'[39m
}
[getMediaTypeDisplay] Result: ФИЛЬМ

[90mstdout[2m | src/app/components/__tests__/MovieCard.orderNumbers.test.tsx[2m > [22m[2mMovieCard - Order Numbers[2m > [22m[2mdisplays correct number for large index
[22m[39m[getMediaTypeDisplay] Analyzing movie: {
  id: [33m1[39m,
  title: [32m'Test Movie'[39m,
  genre_ids: [90mundefined[39m,
  hasAnimationGenre: [33mfalse[39m,
  original_language: [90mundefined[39m,
  isJapanese: [33mfalse[39m,
  media_type: [32m'movie'[39m
}
[getMediaTypeDisplay] Result: ФИЛЬМ

[90mstdout[2m | src/app/components/__tests__/MovieCard.orderNumbers.test.tsx[2m > [22m[2mMovieCard - Order Numbers[2m > [22m[2morder number has correct styling classes for pale golden colors
[22m[39m[getMediaTypeDisplay] Analyzing movie: {
  id: [33m1[39m,
  title: [32m'Test Movie'[39m,
  genre_ids: [90mundefined[39m,
  hasAnimationGenre: [33mfalse[39m,
  original_language: [90mundefined[39m,
  isJapanese: [33mfalse[39m,
  media_type: [32m'movie'[39m
}
[getMediaTypeDisplay] Result: ФИЛЬМ

[90mstdout[2m | src/app/components/__tests__/MovieCard.orderNumbers.test.tsx[2m > [22m[2mMovieCard - Order Numbers[2m > [22m[2mdoes not render order number when index prop is not provided
[22m[39m[getMediaTypeDisplay] Analyzing movie: {
  id: [33m1[39m,
  title: [32m'Test Movie'[39m,
  genre_ids: [90mundefined[39m,
  hasAnimationGenre: [33mfalse[39m,
  original_language: [90mundefined[39m,
  isJapanese: [33mfalse[39m,
  media_type: [32m'movie'[39m
}
[getMediaTypeDisplay] Result: ФИЛЬМ

[90mstdout[2m | src/app/components/__tests__/MovieCard.orderNumbers.test.tsx[2m > [22m[2mMovieCard - Order Numbers[2m > [22m[2morder number is positioned above the card in top-right corner
[22m[39m[getMediaTypeDisplay] Analyzing movie: {
  id: [33m1[39m,
  title: [32m'Test Movie'[39m,
  genre_ids: [90mundefined[39m,
  hasAnimationGenre: [33mfalse[39m,
  original_language: [90mundefined[39m,
  isJapanese: [33mfalse[39m,
  media_type: [32m'movie'[39m
}
[getMediaTypeDisplay] Result: ФИЛЬМ

[90mstdout[2m | src/app/components/__tests__/MovieCard.orderNumbers.test.tsx[2m > [22m[2mMovieCard - Order Numbers[2m > [22m[2morder number has high z-index to appear above card
[22m[39m[getMediaTypeDisplay] Analyzing movie: {
  id: [33m1[39m,
  title: [32m'Test Movie'[39m,
  genre_ids: [90mundefined[39m,
  hasAnimationGenre: [33mfalse[39m,
  original_language: [90mundefined[39m,
  isJapanese: [33mfalse[39m,
  media_type: [32m'movie'[39m
}
[getMediaTypeDisplay] Result: ФИЛЬМ

[90mstdout[2m | src/app/components/__tests__/MovieCard.orderNumbers.test.tsx[2m > [22m[2mMovieCard - Order Numbers[2m > [22m[2morder number has rounded corners for badge appearance
[22m[39m[getMediaTypeDisplay] Analyzing movie: {
  id: [33m1[39m,
  title: [32m'Test Movie'[39m,
  genre_ids: [90mundefined[39m,
  hasAnimationGenre: [33mfalse[39m,
  original_language: [90mundefined[39m,
  isJapanese: [33mfalse[39m,
  media_type: [32m'movie'[39m
}
[getMediaTypeDisplay] Result: ФИЛЬМ

 [32m✓[39m src/app/components/__tests__/MovieCard.orderNumbers.test.tsx [2m([22m[2m9 tests[22m[2m)[22m[33m 876[2mms[22m[39m
     [33m[2m✓[22m[39m renders order number when index prop is provided [33m 524[2mms[22m[39m
 [32m✓[39m src/lib/__tests__/bugfix/mobile-rate-limit-429-default-filters.test.ts [2m([22m[2m7 tests[22m[2m)[22m[33m 955[2mms[22m[39m
       [33m[2m✓[22m[39m should pass userId to rateLimit for GET /api/user/settings [33m 908[2mms[22m[39m
[90mstdout[2m | src/lib/__tests__/my-movies-pagination-limit.test.ts[2m > [22m[2mMy Movies Pagination (no TMDB filters)[2m > [22m[2muses skip/take for page 2 without TMDB filters
[22m[39m[2026-03-19T15:12:29.139Z] [DEBUG] Request params {
  context: [32m'my-movies'[39m,
  page: [33m2[39m,
  limit: [33m20[39m,
  typesParam: [1mnull[22m,
  yearFrom: [1mnull[22m,
  yearTo: [1mnull[22m,
  minRating: [33m0[39m,
  maxRating: [33m10[39m,
  genresParam: [32m'no'[39m,
  tagsParam: [32m'no'[39m
}
[2026-03-19T15:12:29.144Z] [DEBUG] Using DB pagination (skip/take) { context: [32m'my-movies'[39m, page: [33m2[39m, limit: [33m20[39m }

[90mstdout[2m | src/lib/__tests__/my-movies-pagination-limit.test.ts[2m > [22m[2mMy Movies Pagination (no TMDB filters)[2m > [22m[2muses skip/take for page 2 without TMDB filters
[22m[39m[TMDB FETCH] id=1020 type=movie {
  title: [32m'Movie 1'[39m,
  genre_ids_length: [33m0[39m,
  genre_ids: [],
  original_language: [32m'en'[39m,
  has_genres: [33mfalse[39m
}
[2026-03-19T15:12:29.154Z] [DEBUG] TMDB fetch successful {
  context: [32m'my-movies'[39m,
  tmdbId: [33m1020[39m,
  genre_ids: [],
  original_language: [32m'en'[39m
}
[TMDB FETCH] id=1021 type=movie {
  title: [32m'Movie 1'[39m,
  genre_ids_length: [33m0[39m,
  genre_ids: [],
  original_language: [32m'en'[39m,
  has_genres: [33mfalse[39m
}
[2026-03-19T15:12:29.156Z] [DEBUG] TMDB fetch successful {
  context: [32m'my-movies'[39m,
  tmdbId: [33m1021[39m,
  genre_ids: [],
  original_language: [32m'en'[39m
}
[TMDB FETCH] id=1022 type=movie {
  title: [32m'Movie 1'[39m,
  genre_ids_length: [33m0[39m,
  genre_ids: [],
  original_language: [32m'en'[39m,
  has_genres: [33mfalse[39m
}
[2026-03-19T15:12:29.157Z] [DEBUG] TMDB fetch successful {
  context: [32m'my-movies'[39m,
  tmdbId: [33m1022[39m,
  genre_ids: [],
  original_language: [32m'en'[39m
}
[TMDB FETCH] id=1023 type=movie {
  title: [32m'Movie 1'[39m,
  genre_ids_length: [33m0[39m,
  genre_ids: [],
  original_language: [32m'en'[39m,
  has_genres: [33mfalse[39m
}
[2026-03-19T15:12:29.159Z] [DEBUG] TMDB fetch successful {
  context: [32m'my-movies'[39m,
  tmdbId: [33m1023[39m,
  genre_ids: [],
  original_language: [32m'en'[39m
}
[TMDB FETCH] id=1024 type=movie {
  title: [32m'Movie 1'[39m,
  genre_ids_length: [33m0[39m,
  genre_ids: [],
  original_language: [32m'en'[39m,
  has_genres: [33mfalse[39m
}
[2026-03-19T15:12:29.159Z] [DEBUG] TMDB fetch successful {
  context: [32m'my-movies'[39m,
  tmdbId: [33m1024[39m,
  genre_ids: [],
  original_language: [32m'en'[39m
}
[TMDB FETCH] id=1025 type=movie {
  title: [32m'Movie 1'[39m,
  genre_ids_length: [33m0[39m,
  genre_ids: [],
  original_language: [32m'en'[39m,
  has_genres: [33mfalse[39m
}
[2026-03-19T15:12:29.160Z] [DEBUG] TMDB fetch successful {
  context: [32m'my-movies'[39m,
  tmdbId: [33m1025[39m,
  genre_ids: [],
  original_language: [32m'en'[39m
}
[TMDB FETCH] id=1026 type=movie {
  title: [32m'Movie 1'[39m,
  genre_ids_length: [33m0[39m,
  genre_ids: [],
  original_language: [32m'en'[39m,
  has_genres: [33mfalse[39m
}
[2026-03-19T15:12:29.160Z] [DEBUG] TMDB fetch successful {
  context: [32m'my-movies'[39m,
  tmdbId: [33m1026[39m,
  genre_ids: [],
  original_language: [32m'en'[39m
}
[TMDB FETCH] id=1027 type=movie {
  title: [32m'Movie 1'[39m,
  genre_ids_length: [33m0[39m,
  genre_ids: [],
  original_language: [32m'en'[39m,
  has_genres: [33mfalse[39m
}
[2026-03-19T15:12:29.161Z] [DEBUG] TMDB fetch successful {
  context: [32m'my-movies'[39m,
  tmdbId: [33m1027[39m,
  genre_ids: [],
  original_language: [32m'en'[39m
}
[TMDB FETCH] id=1028 type=movie {
  title: [32m'Movie 1'[39m,
  genre_ids_length: [33m0[39m,
  genre_ids: [],
  original_language: [32m'en'[39m,
  has_genres: [33mfalse[39m
}
[2026-03-19T15:12:29.161Z] [DEBUG] TMDB fetch successful {
  context: [32m'my-movies'[39m,
  tmdbId: [33m1028[39m,
  genre_ids: [],
  original_language: [32m'en'[39m
}
[TMDB FETCH] id=1029 type=movie {
  title: [32m'Movie 1'[39m,
  genre_ids_length: [33m0[39m,
  genre_ids: [],
  original_language: [32m'en'[39m,
  has_genres: [33mfalse[39m
}
[2026-03-19T15:12:29.161Z] [DEBUG] TMDB fetch successful {
  context: [32m'my-movies'[39m,
  tmdbId: [33m1029[39m,
  genre_ids: [],
  original_language: [32m'en'[39m
}
[TMDB FETCH] id=1030 type=movie {
  title: [32m'Movie 1'[39m,
  genre_ids_length: [33m0[39m,
  genre_ids: [],
  original_language: [32m'en'[39m,
  has_genres: [33mfalse[39m
}
[2026-03-19T15:12:29.162Z] [DEBUG] TMDB fetch successful {
  context: [32m'my-movies'[39m,
  tmdbId: [33m1030[39m,
  genre_ids: [],
  original_language: [32m'en'[39m
}
[TMDB FETCH] id=1031 type=movie {
  title: [32m'Movie 1'[39m,
  genre_ids_length: [33m0[39m,
  genre_ids: [],
  original_language: [32m'en'[39m,
  has_genres: [33mfalse[39m
}
[2026-03-19T15:12:29.162Z] [DEBUG] TMDB fetch successful {
  context: [32m'my-movies'[39m,
  tmdbId: [33m1031[39m,
  genre_ids: [],
  original_language: [32m'en'[39m
}
[TMDB FETCH] id=1032 type=movie {
  title: [32m'Movie 1'[39m,
  genre_ids_length: [33m0[39m,
  genre_ids: [],
  original_language: [32m'en'[39m,
  has_genres: [33mfalse[39m
}
[2026-03-19T15:12:29.162Z] [DEBUG] TMDB fetch successful {
  context: [32m'my-movies'[39m,
  tmdbId: [33m1032[39m,
  genre_ids: [],
  original_language: [32m'en'[39m
}
[TMDB FETCH] id=1033 type=movie {
  title: [32m'Movie 1'[39m,
  genre_ids_length: [33m0[39m,
  genre_ids: [],
  original_language: [32m'en'[39m,
  has_genres: [33mfalse[39m
}
[2026-03-19T15:12:29.163Z] [DEBUG] TMDB fetch successful {
  context: [32m'my-movies'[39m,
  tmdbId: [33m1033[39m,
  genre_ids: [],
  original_language: [32m'en'[39m
}
[TMDB FETCH] id=1034 type=movie {
  title: [32m'Movie 1'[39m,
  genre_ids_length: [33m0[39m,
  genre_ids: [],
  original_language: [32m'en'[39m,
  has_genres: [33mfalse[39m
}
[2026-03-19T15:12:29.163Z] [DEBUG] TMDB fetch successful {
  context: [32m'my-movies'[39m,
  tmdbId: [33m1034[39m,
  genre_ids: [],
  original_language: [32m'en'[39m
}
[TMDB FETCH] id=1035 type=movie {
  title: [32m'Movie 1'[39m,
  genre_ids_length: [33m0[39m,
  genre_ids: [],
  original_language: [32m'en'[39m,
  has_genres: [33mfalse[39m
}
[2026-03-19T15:12:29.163Z] [DEBUG] TMDB fetch successful {
  context: [32m'my-movies'[39m,
  tmdbId: [33m1035[39m,
  genre_ids: [],
  original_language: [32m'en'[39m
}
[TMDB FETCH] id=1036 type=movie {
  title: [32m'Movie 1'[39m,
  genre_ids_length: [33m0[39m,
  genre_ids: [],
  original_language: [32m'en'[39m,
  has_genres: [33mfalse[39m
}
[2026-03-19T15:12:29.163Z] [DEBUG] TMDB fetch successful {
  context: [32m'my-movies'[39m,
  tmdbId: [33m1036[39m,
  genre_ids: [],
  original_language: [32m'en'[39m
}
[TMDB FETCH] id=1037 type=movie {
  title: [32m'Movie 1'[39m,
  genre_ids_length: [33m0[39m,
  genre_ids: [],
  original_language: [32m'en'[39m,
  has_genres: [33mfalse[39m
}
[2026-03-19T15:12:29.163Z] [DEBUG] TMDB fetch successful {
  context: [32m'my-movies'[39m,
  tmdbId: [33m1037[39m,
  genre_ids: [],
  original_language: [32m'en'[39m
}
[TMDB FETCH] id=1038 type=movie {
  title: [32m'Movie 1'[39m,
  genre_ids_length: [33m0[39m,
  genre_ids: [],
  original_language: [32m'en'[39m,
  has_genres: [33mfalse[39m
}
[2026-03-19T15:12:29.163Z] [DEBUG] TMDB fetch successful {
  context: [32m'my-movies'[39m,
  tmdbId: [33m1038[39m,
  genre_ids: [],
  original_language: [32m'en'[39m
}
[TMDB FETCH] id=1039 type=movie {
  title: [32m'Movie 1'[39m,
  genre_ids_length: [33m0[39m,
  genre_ids: [],
  original_language: [32m'en'[39m,
  has_genres: [33mfalse[39m
}
[2026-03-19T15:12:29.163Z] [DEBUG] TMDB fetch successful {
  context: [32m'my-movies'[39m,
  tmdbId: [33m1039[39m,
  genre_ids: [],
  original_language: [32m'en'[39m
}
[TMDB FETCH] id=1040 type=movie {
  title: [32m'Movie 1'[39m,
  genre_ids_length: [33m0[39m,
  genre_ids: [],
  original_language: [32m'en'[39m,
  has_genres: [33mfalse[39m
}
[2026-03-19T15:12:29.164Z] [DEBUG] TMDB fetch successful {
  context: [32m'my-movies'[39m,
  tmdbId: [33m1040[39m,
  genre_ids: [],
  original_language: [32m'en'[39m
}

[90mstdout[2m | src/lib/__tests__/my-movies-pagination-limit.test.ts[2m > [22m[2mMy Movies Pagination (no TMDB filters)[2m > [22m[2muses skip/take for page 2 without TMDB filters
[22m[39m[2026-03-19T15:12:29.166Z] [DEBUG] Before filter { context: [32m'my-movies'[39m, count: [33m21[39m }
[2026-03-19T15:12:29.167Z] [DEBUG] After filter { context: [32m'my-movies'[39m, count: [33m21[39m }
[2026-03-19T15:12:29.167Z] [DEBUG] tmdbData received {
  context: [32m'my-movies'[39m,
  tmdbId: [33m1020[39m,
  hasGenreIds: [33mfalse[39m,
  genre_ids: [],
  original_language: [32m'en'[39m
}
[2026-03-19T15:12:29.168Z] [DEBUG] tmdbData received {
  context: [32m'my-movies'[39m,
  tmdbId: [33m1021[39m,
  hasGenreIds: [33mfalse[39m,
  genre_ids: [],
  original_language: [32m'en'[39m
}
[2026-03-19T15:12:29.169Z] [DEBUG] tmdbData received {
  context: [32m'my-movies'[39m,
  tmdbId: [33m1022[39m,
  hasGenreIds: [33mfalse[39m,
  genre_ids: [],
  original_language: [32m'en'[39m
}
[2026-03-19T15:12:29.169Z] [DEBUG] tmdbData received {
  context: [32m'my-movies'[39m,
  tmdbId: [33m1023[39m,
  hasGenreIds: [33mfalse[39m,
  genre_ids: [],
  original_language: [32m'en'[39m
}
[2026-03-19T15:12:29.169Z] [DEBUG] tmdbData received {
  context: [32m'my-movies'[39m,
  tmdbId: [33m1024[39m,
  hasGenreIds: [33mfalse[39m,
  genre_ids: [],
  original_language: [32m'en'[39m
}
[2026-03-19T15:12:29.169Z] [DEBUG] tmdbData received {
  context: [32m'my-movies'[39m,
  tmdbId: [33m1025[39m,
  hasGenreIds: [33mfalse[39m,
  genre_ids: [],
  original_language: [32m'en'[39m
}
[2026-03-19T15:12:29.169Z] [DEBUG] tmdbData received {
  context: [32m'my-movies'[39m,
  tmdbId: [33m1026[39m,
  hasGenreIds: [33mfalse[39m,
  genre_ids: [],
  original_language: [32m'en'[39m
}
[2026-03-19T15:12:29.170Z] [DEBUG] tmdbData received {
  context: [32m'my-movies'[39m,
  tmdbId: [33m1027[39m,
  hasGenreIds: [33mfalse[39m,
  genre_ids: [],
  original_language: [32m'en'[39m
}
[2026-03-19T15:12:29.170Z] [DEBUG] tmdbData received {
  context: [32m'my-movies'[39m,
  tmdbId: [33m1028[39m,
  hasGenreIds: [33mfalse[39m,
  genre_ids: [],
  original_language: [32m'en'[39m
}
[2026-03-19T15:12:29.170Z] [DEBUG] tmdbData received {
  context: [32m'my-movies'[39m,
  tmdbId: [33m1029[39m,
  hasGenreIds: [33mfalse[39m,
  genre_ids: [],
  original_language: [32m'en'[39m
}
[2026-03-19T15:12:29.171Z] [DEBUG] tmdbData received {
  context: [32m'my-movies'[39m,
  tmdbId: [33m1030[39m,
  hasGenreIds: [33mfalse[39m,
  genre_ids: [],
  original_language: [32m'en'[39m
}
[2026-03-19T15:12:29.171Z] [DEBUG] tmdbData received {
  context: [32m'my-movies'[39m,
  tmdbId: [33m1031[39m,
  hasGenreIds: [33mfalse[39m,
  genre_ids: [],
  original_language: [32m'en'[39m
}
[2026-03-19T15:12:29.171Z] [DEBUG] tmdbData received {
  context: [32m'my-movies'[39m,
  tmdbId: [33m1032[39m,
  hasGenreIds: [33mfalse[39m,
  genre_ids: [],
  original_language: [32m'en'[39m
}
[2026-03-19T15:12:29.171Z] [DEBUG] tmdbData received {
  context: [32m'my-movies'[39m,
  tmdbId: [33m1033[39m,
  hasGenreIds: [33mfalse[39m,
  genre_ids: [],
  original_language: [32m'en'[39m
}
[2026-03-19T15:12:29.171Z] [DEBUG] tmdbData received {
  context: [32m'my-movies'[39m,
  tmdbId: [33m1034[39m,
  hasGenreIds: [33mfalse[39m,
  genre_ids: [],
  original_language: [32m'en'[39m
}
[2026-03-19T15:12:29.171Z] [DEBUG] tmdbData received {
  context: [32m'my-movies'[39m,
  tmdbId: [33m1035[39m,
  hasGenreIds: [33mfalse[39m,
  genre_ids: [],
  original_language: [32m'en'[39m
}
[2026-03-19T15:12:29.171Z] [DEBUG] tmdbData received {
  context: [32m'my-movies'[39m,
  tmdbId: [33m1036[39m,
  hasGenreIds: [33mfalse[39m,
  genre_ids: [],
  original_language: [32m'en'[39m
}
[2026-03-19T15:12:29.171Z] [DEBUG] tmdbData received {
  context: [32m'my-movies'[39m,
  tmdbId: [33m1037[39m,
  hasGenreIds: [33mfalse[39m,
  genre_ids: [],
  original_language: [32m'en'[39m
}
[2026-03-19T15:12:29.171Z] [DEBUG] tmdbData received {
  context: [32m'my-movies'[39m,
  tmdbId: [33m1038[39m,
  hasGenreIds: [33mfalse[39m,
  genre_ids: [],
  original_language: [32m'en'[39m
}
[2026-03-19T15:12:29.172Z] [DEBUG] tmdbData received {
  context: [32m'my-movies'[39m,
  tmdbId: [33m1039[39m,
  hasGenreIds: [33mfalse[39m,
  genre_ids: [],
  original_language: [32m'en'[39m
}
[2026-03-19T15:12:29.172Z] [DEBUG] tmdbData received {
  context: [32m'my-movies'[39m,
  tmdbId: [33m1040[39m,
  hasGenreIds: [33mfalse[39m,
  genre_ids: [],
  original_language: [32m'en'[39m
}
[2026-03-19T15:12:29.172Z] [DEBUG] Pagination result {
  context: [32m'my-movies'[39m,
  page: [33m2[39m,
  limit: [33m20[39m,
  hasTMDBFilters: [33mfalse[39m,
  watchListRecordsLength: [33m21[39m,
  sortedMoviesLength: [33m21[39m,
  paginatedMoviesLength: [33m20[39m,
  hasMore: [33mtrue[39m,
  pageStartIndex: [33m20[39m,
  pageEndIndex: [33m40[39m,
  firstMovieId: [33m1020[39m,
  firstMovieRating: [33m7.5[39m
}

[90mstdout[2m | src/lib/__tests__/my-movies-pagination-limit.test.ts[2m > [22m[2mMy Movies Pagination (no TMDB filters)[2m > [22m[2mloads all 150 movies across pages
[22m[39m[2026-03-19T15:12:29.202Z] [DEBUG] Request params {
  context: [32m'my-movies'[39m,
  page: [33m1[39m,
  limit: [33m20[39m,
  typesParam: [1mnull[22m,
  yearFrom: [1mnull[22m,
  yearTo: [1mnull[22m,
  minRating: [33m0[39m,
  maxRating: [33m10[39m,
  genresParam: [32m'no'[39m,
  tagsParam: [32m'no'[39m
}
[2026-03-19T15:12:29.202Z] [DEBUG] Using DB pagination (skip/take) { context: [32m'my-movies'[39m, page: [33m1[39m, limit: [33m20[39m }

[90mstdout[2m | src/lib/__tests__/my-movies-pagination-limit.test.ts[2m > [22m[2mMy Movies Pagination (no TMDB filters)[2m > [22m[2mloads all 150 movies across pages
[22m[39m[TMDB FETCH] id=1000 type=movie {
  title: [32m'Movie 1'[39m,
  genre_ids_length: [33m0[39m,
  genre_ids: [],
  original_language: [32m'en'[39m,
  has_genres: [33mfalse[39m
}
[2026-03-19T15:12:29.204Z] [DEBUG] TMDB fetch successful {
  context: [32m'my-movies'[39m,
  tmdbId: [33m1000[39m,
  genre_ids: [],
  original_language: [32m'en'[39m
}
[TMDB FETCH] id=1001 type=movie {
  title: [32m'Movie 1'[39m,
  genre_ids_length: [33m0[39m,
  genre_ids: [],
  original_language: [32m'en'[39m,
  has_genres: [33mfalse[39m
}
[2026-03-19T15:12:29.204Z] [DEBUG] TMDB fetch successful {
  context: [32m'my-movies'[39m,
  tmdbId: [33m1001[39m,
  genre_ids: [],
  original_language: [32m'en'[39m
}
[TMDB FETCH] id=1002 type=movie {
  title: [32m'Movie 1'[39m,
  genre_ids_length: [33m0[39m,
  genre_ids: [],
  original_language: [32m'en'[39m,
  has_genres: [33mfalse[39m
}
[2026-03-19T15:12:29.205Z] [DEBUG] TMDB fetch successful {
  context: [32m'my-movies'[39m,
  tmdbId: [33m1002[39m,
  genre_ids: [],
  original_language: [32m'en'[39m
}
[TMDB FETCH] id=1003 type=movie {
  title: [32m'Movie 1'[39m,
  genre_ids_length: [33m0[39m,
  genre_ids: [],
  original_language: [32m'en'[39m,
  has_genres: [33mfalse[39m
}
[2026-03-19T15:12:29.205Z] [DEBUG] TMDB fetch successful {
  context: [32m'my-movies'[39m,
  tmdbId: [33m1003[39m,
  genre_ids: [],
  original_language: [32m'en'[39m
}
[TMDB FETCH] id=1004 type=movie {
  title: [32m'Movie 1'[39m,
  genre_ids_length: [33m0[39m,
  genre_ids: [],
  original_language: [32m'en'[39m,
  has_genres: [33mfalse[39m
}
[2026-03-19T15:12:29.205Z] [DEBUG] TMDB fetch successful {
  context: [32m'my-movies'[39m,
  tmdbId: [33m1004[39m,
  genre_ids: [],
  original_language: [32m'en'[39m
}
[TMDB FETCH] id=1005 type=movie {
  title: [32m'Movie 1'[39m,
  genre_ids_length: [33m0[39m,
  genre_ids: [],
  original_language: [32m'en'[39m,
  has_genres: [33mfalse[39m
}
[2026-03-19T15:12:29.206Z] [DEBUG] TMDB fetch successful {
  context: [32m'my-movies'[39m,
  tmdbId: [33m1005[39m,
  genre_ids: [],
  original_language: [32m'en'[39m
}
[TMDB FETCH] id=1006 type=movie {
  title: [32m'Movie 1'[39m,
  genre_ids_length: [33m0[39m,
  genre_ids: [],
  original_language: [32m'en'[39m,
  has_genres: [33mfalse[39m
}
[2026-03-19T15:12:29.206Z] [DEBUG] TMDB fetch successful {
  context: [32m'my-movies'[39m,
  tmdbId: [33m1006[39m,
  genre_ids: [],
  original_language: [32m'en'[39m
}
[TMDB FETCH] id=1007 type=movie {
  title: [32m'Movie 1'[39m,
  genre_ids_length: [33m0[39m,
  genre_ids: [],
  original_language: [32m'en'[39m,
  has_genres: [33mfalse[39m
}
[2026-03-19T15:12:29.206Z] [DEBUG] TMDB fetch successful {
  context: [32m'my-movies'[39m,
  tmdbId: [33m1007[39m,
  genre_ids: [],
  original_language: [32m'en'[39m
}
[TMDB FETCH] id=1008 type=movie {
  title: [32m'Movie 1'[39m,
  genre_ids_length: [33m0[39m,
  genre_ids: [],
  original_language: [32m'en'[39m,
  has_genres: [33mfalse[39m
}
[2026-03-19T15:12:29.206Z] [DEBUG] TMDB fetch successful {
  context: [32m'my-movies'[39m,
  tmdbId: [33m1008[39m,
  genre_ids: [],
  original_language: [32m'en'[39m
}
[TMDB FETCH] id=1009 type=movie {
  title: [32m'Movie 1'[39m,
  genre_ids_length: [33m0[39m,
  genre_ids: [],
  original_language: [32m'en'[39m,
  has_genres: [33mfalse[39m
}
[2026-03-19T15:12:29.206Z] [DEBUG] TMDB fetch successful {
  context: [32m'my-movies'[39m,
  tmdbId: [33m1009[39m,
  genre_ids: [],
  original_language: [32m'en'[39m
}
[TMDB FETCH] id=1010 type=movie {
  title: [32m'Movie 1'[39m,
  genre_ids_length: [33m0[39m,
  genre_ids: [],
  original_language: [32m'en'[39m,
  has_genres: [33mfalse[39m
}
[2026-03-19T15:12:29.207Z] [DEBUG] TMDB fetch successful {
  context: [32m'my-movies'[39m,
  tmdbId: [33m1010[39m,
  genre_ids: [],
  original_language: [32m'en'[39m
}
[TMDB FETCH] id=1011 type=movie {
  title: [32m'Movie 1'[39m,
  genre_ids_length: [33m0[39m,
  genre_ids: [],
  original_language: [32m'en'[39m,
  has_genres: [33mfalse[39m
}
[2026-03-19T15:12:29.207Z] [DEBUG] TMDB fetch successful {
  context: [32m'my-movies'[39m,
  tmdbId: [33m1011[39m,
  genre_ids: [],
  original_language: [32m'en'[39m
}
[TMDB FETCH] id=1012 type=movie {
  title: [32m'Movie 1'[39m,
  genre_ids_length: [33m0[39m,
  genre_ids: [],
  original_language: [32m'en'[39m,
  has_genres: [33mfalse[39m
}
[2026-03-19T15:12:29.207Z] [DEBUG] TMDB fetch successful {
  context: [32m'my-movies'[39m,
  tmdbId: [33m1012[39m,
  genre_ids: [],
  original_language: [32m'en'[39m
}
[TMDB FETCH] id=1013 type=movie {
  title: [32m'Movie 1'[39m,
  genre_ids_length: [33m0[39m,
  genre_ids: [],
  original_language: [32m'en'[39m,
  has_genres: [33mfalse[39m
}
[2026-03-19T15:12:29.207Z] [DEBUG] TMDB fetch successful {
  context: [32m'my-movies'[39m,
  tmdbId: [33m1013[39m,
  genre_ids: [],
  original_language: [32m'en'[39m
}
[TMDB FETCH] id=1014 type=movie {
  title: [32m'Movie 1'[39m,
  genre_ids_length: [33m0[39m,
  genre_ids: [],
  original_language: [32m'en'[39m,
  has_genres: [33mfalse[39m
}
[2026-03-19T15:12:29.207Z] [DEBUG] TMDB fetch successful {
  context: [32m'my-movies'[39m,
  tmdbId: [33m1014[39m,
  genre_ids: [],
  original_language: [32m'en'[39m
}
[TMDB FETCH] id=1015 type=movie {
  title: [32m'Movie 1'[39m,
  genre_ids_length: [33m0[39m,
  genre_ids: [],
  original_language: [32m'en'[39m,
  has_genres: [33mfalse[39m
}
[2026-03-19T15:12:29.207Z] [DEBUG] TMDB fetch successful {
  context: [32m'my-movies'[39m,
  tmdbId: [33m1015[39m,
  genre_ids: [],
  original_language: [32m'en'[39m
}
[TMDB FETCH] id=1016 type=movie {
  title: [32m'Movie 1'[39m,
  genre_ids_length: [33m0[39m,
  genre_ids: [],
  original_language: [32m'en'[39m,
  has_genres: [33mfalse[39m
}
[2026-03-19T15:12:29.207Z] [DEBUG] TMDB fetch successful {
  context: [32m'my-movies'[39m,
  tmdbId: [33m1016[39m,
  genre_ids: [],
  original_language: [32m'en'[39m
}
[TMDB FETCH] id=1017 type=movie {
  title: [32m'Movie 1'[39m,
  genre_ids_length: [33m0[39m,
  genre_ids: [],
  original_language: [32m'en'[39m,
  has_genres: [33mfalse[39m
}
[2026-03-19T15:12:29.208Z] [DEBUG] TMDB fetch successful {
  context: [32m'my-movies'[39m,
  tmdbId: [33m1017[39m,
  genre_ids: [],
  original_language: [32m'en'[39m
}
[TMDB FETCH] id=1018 type=movie {
  title: [32m'Movie 1'[39m,
  genre_ids_length: [33m0[39m,
  genre_ids: [],
  original_language: [32m'en'[39m,
  has_genres: [33mfalse[39m
}
[2026-03-19T15:12:29.208Z] [DEBUG] TMDB fetch successful {
  context: [32m'my-movies'[39m,
  tmdbId: [33m1018[39m,
  genre_ids: [],
  original_language: [32m'en'[39m
}
[TMDB FETCH] id=1019 type=movie {
  title: [32m'Movie 1'[39m,
  genre_ids_length: [33m0[39m,
  genre_ids: [],
  original_language: [32m'en'[39m,
  has_genres: [33mfalse[39m
}
[2026-03-19T15:12:29.208Z] [DEBUG] TMDB fetch successful {
  context: [32m'my-movies'[39m,
  tmdbId: [33m1019[39m,
  genre_ids: [],
  original_language: [32m'en'[39m
}
[TMDB FETCH] id=1020 type=movie {
  title: [32m'Movie 1'[39m,
  genre_ids_length: [33m0[39m,
  genre_ids: [],
  original_language: [32m'en'[39m,
  has_genres: [33mfalse[39m
}
[2026-03-19T15:12:29.208Z] [DEBUG] TMDB fetch successful {
  context: [32m'my-movies'[39m,
  tmdbId: [33m1020[39m,
  genre_ids: [],
  original_language: [32m'en'[39m
}

[90mstdout[2m | src/lib/__tests__/my-movies-pagination-limit.test.ts[2m > [22m[2mMy Movies Pagination (no TMDB filters)[2m > [22m[2mloads all 150 movies across pages
[22m[39m[2026-03-19T15:12:29.209Z] [DEBUG] Before filter { context: [32m'my-movies'[39m, count: [33m21[39m }
[2026-03-19T15:12:29.209Z] [DEBUG] After filter { context: [32m'my-movies'[39m, count: [33m21[39m }
[2026-03-19T15:12:29.209Z] [DEBUG] tmdbData received {
  context: [32m'my-movies'[39m,
  tmdbId: [33m1000[39m,
  hasGenreIds: [33mfalse[39m,
  genre_ids: [],
  original_language: [32m'en'[39m
}
[2026-03-19T15:12:29.209Z] [DEBUG] tmdbData received {
  context: [32m'my-movies'[39m,
  tmdbId: [33m1001[39m,
  hasGenreIds: [33mfalse[39m,
  genre_ids: [],
  original_language: [32m'en'[39m
}
[2026-03-19T15:12:29.209Z] [DEBUG] tmdbData received {
  context: [32m'my-movies'[39m,
  tmdbId: [33m1002[39m,
  hasGenreIds: [33mfalse[39m,
  genre_ids: [],
  original_language: [32m'en'[39m
}
[2026-03-19T15:12:29.210Z] [DEBUG] tmdbData received {
  context: [32m'my-movies'[39m,
  tmdbId: [33m1003[39m,
  hasGenreIds: [33mfalse[39m,
  genre_ids: [],
  original_language: [32m'en'[39m
}
[2026-03-19T15:12:29.210Z] [DEBUG] tmdbData received {
  context: [32m'my-movies'[39m,
  tmdbId: [33m1004[39m,
  hasGenreIds: [33mfalse[39m,
  genre_ids: [],
  original_language: [32m'en'[39m
}
[2026-03-19T15:12:29.210Z] [DEBUG] tmdbData received {
  context: [32m'my-movies'[39m,
  tmdbId: [33m1005[39m,
  hasGenreIds: [33mfalse[39m,
  genre_ids: [],
  original_language: [32m'en'[39m
}
[2026-03-19T15:12:29.210Z] [DEBUG] tmdbData received {
  context: [32m'my-movies'[39m,
  tmdbId: [33m1006[39m,
  hasGenreIds: [33mfalse[39m,
  genre_ids: [],
  original_language: [32m'en'[39m
}
[2026-03-19T15:12:29.210Z] [DEBUG] tmdbData received {
  context: [32m'my-movies'[39m,
  tmdbId: [33m1007[39m,
  hasGenreIds: [33mfalse[39m,
  genre_ids: [],
  original_language: [32m'en'[39m
}
[2026-03-19T15:12:29.210Z] [DEBUG] tmdbData received {
  context: [32m'my-movies'[39m,
  tmdbId: [33m1008[39m,
  hasGenreIds: [33mfalse[39m,
  genre_ids: [],
  original_language: [32m'en'[39m
}
[2026-03-19T15:12:29.210Z] [DEBUG] tmdbData received {
  context: [32m'my-movies'[39m,
  tmdbId: [33m1009[39m,
  hasGenreIds: [33mfalse[39m,
  genre_ids: [],
  original_language: [32m'en'[39m
}
[2026-03-19T15:12:29.210Z] [DEBUG] tmdbData received {
  context: [32m'my-movies'[39m,
  tmdbId: [33m1010[39m,
  hasGenreIds: [33mfalse[39m,
  genre_ids: [],
  original_language: [32m'en'[39m
}
[2026-03-19T15:12:29.211Z] [DEBUG] tmdbData received {
  context: [32m'my-movies'[39m,
  tmdbId: [33m1011[39m,
  hasGenreIds: [33mfalse[39m,
  genre_ids: [],
  original_language: [32m'en'[39m
}
[2026-03-19T15:12:29.211Z] [DEBUG] tmdbData received {
  context: [32m'my-movies'[39m,
  tmdbId: [33m1012[39m,
  hasGenreIds: [33mfalse[39m,
  genre_ids: [],
  original_language: [32m'en'[39m
}
[2026-03-19T15:12:29.211Z] [DEBUG] tmdbData received {
  context: [32m'my-movies'[39m,
  tmdbId: [33m1013[39m,
  hasGenreIds: [33mfalse[39m,
  genre_ids: [],
  original_language: [32m'en'[39m
}
[2026-03-19T15:12:29.211Z] [DEBUG] tmdbData received {
  context: [32m'my-movies'[39m,
  tmdbId: [33m1014[39m,
  hasGenreIds: [33mfalse[39m,
  genre_ids: [],
  original_language: [32m'en'[39m
}
[2026-03-19T15:12:29.211Z] [DEBUG] tmdbData received {
  context: [32m'my-movies'[39m,
  tmdbId: [33m1015[39m,
  hasGenreIds: [33mfalse[39m,
  genre_ids: [],
  original_language: [32m'en'[39m
}
[2026-03-19T15:12:29.212Z] [DEBUG] tmdbData received {
  context: [32m'my-movies'[39m,
  tmdbId: [33m1016[39m,
  hasGenreIds: [33mfalse[39m,
  genre_ids: [],
  original_language: [32m'en'[39m
}
[2026-03-19T15:12:29.212Z] [DEBUG] tmdbData received {
  context: [32m'my-movies'[39m,
  tmdbId: [33m1017[39m,
  hasGenreIds: [33mfalse[39m,
  genre_ids: [],
  original_language: [32m'en'[39m
}
[2026-03-19T15:12:29.212Z] [DEBUG] tmdbData received {
  context: [32m'my-movies'[39m,
  tmdbId: [33m1018[39m,
  hasGenreIds: [33mfalse[39m,
  genre_ids: [],
  original_language: [32m'en'[39m
}
[2026-03-19T15:12:29.212Z] [DEBUG] tmdbData received {
  context: [32m'my-movies'[39m,
  tmdbId: [33m1019[39m,
  hasGenreIds: [33mfalse[39m,
  genre_ids: [],
  original_language: [32m'en'[39m
}
[2026-03-19T15:12:29.212Z] [DEBUG] tmdbData received {
  context: [32m'my-movies'[39m,
  tmdbId: [33m1020[39m,
  hasGenreIds: [33mfalse[39m,
  genre_ids: [],
  original_language: [32m'en'[39m
}
[2026-03-19T15:12:29.212Z] [DEBUG] Pagination result {
  context: [32m'my-movies'[39m,
  page: [33m1[39m,
  limit: [33m20[39m,
  hasTMDBFilters: [33mfalse[39m,
  watchListRecordsLength: [33m21[39m,
  sortedMoviesLength: [33m21[39m,
  paginatedMoviesLength: [33m20[39m,
  hasMore: [33mtrue[39m,
  pageStartIndex: [33m0[39m,
  pageEndIndex: [33m20[39m,
  firstMovieId: [33m1000[39m,
  firstMovieRating: [33m7.5[39m
}

[90mstdout[2m | src/lib/__tests__/my-movies-pagination-limit.test.ts[2m > [22m[2mMy Movies Pagination (no TMDB filters)[2m > [22m[2mloads all 150 movies across pages
[22m[39m[2026-03-19T15:12:29.218Z] [DEBUG] Request params {
  context: [32m'my-movies'[39m,
  page: [33m2[39m,
  limit: [33m20[39m,
  typesParam: [1mnull[22m,
  yearFrom: [1mnull[22m,
  yearTo: [1mnull[22m,
  minRating: [33m0[39m,
  maxRating: [33m10[39m,
  genresParam: [32m'no'[39m,
  tagsParam: [32m'no'[39m
}
[2026-03-19T15:12:29.218Z] [DEBUG] Using DB pagination (skip/take) { context: [32m'my-movies'[39m, page: [33m2[39m, limit: [33m20[39m }

[90mstdout[2m | src/lib/__tests__/my-movies-pagination-limit.test.ts[2m > [22m[2mMy Movies Pagination (no TMDB filters)[2m > [22m[2mloads all 150 movies across pages
[22m[39m[TMDB FETCH] id=1020 type=movie {
  title: [32m'Movie 1'[39m,
  genre_ids_length: [33m0[39m,
  genre_ids: [],
  original_language: [32m'en'[39m,
  has_genres: [33mfalse[39m
}
[2026-03-19T15:12:29.220Z] [DEBUG] TMDB fetch successful {
  context: [32m'my-movies'[39m,
  tmdbId: [33m1020[39m,
  genre_ids: [],
  original_language: [32m'en'[39m
}
[TMDB FETCH] id=1021 type=movie {
  title: [32m'Movie 1'[39m,
  genre_ids_length: [33m0[39m,
  genre_ids: [],
  original_language: [32m'en'[39m,
  has_genres: [33mfalse[39m
}
[2026-03-19T15:12:29.220Z] [DEBUG] TMDB fetch successful {
  context: [32m'my-movies'[39m,
  tmdbId: [33m1021[39m,
  genre_ids: [],
  original_language: [32m'en'[39m
}
[TMDB FETCH] id=1022 type=movie {
  title: [32m'Movie 1'[39m,
  genre_ids_length: [33m0[39m,
  genre_ids: [],
  original_language: [32m'en'[39m,
  has_genres: [33mfalse[39m
}
[2026-03-19T15:12:29.220Z] [DEBUG] TMDB fetch successful {
  context: [32m'my-movies'[39m,
  tmdbId: [33m1022[39m,
  genre_ids: [],
  original_language: [32m'en'[39m
}
[TMDB FETCH] id=1023 type=movie {
  title: [32m'Movie 1'[39m,
  genre_ids_length: [33m0[39m,
  genre_ids: [],
  original_language: [32m'en'[39m,
  has_genres: [33mfalse[39m
}
[2026-03-19T15:12:29.221Z] [DEBUG] TMDB fetch successful {
  context: [32m'my-movies'[39m,
  tmdbId: [33m1023[39m,
  genre_ids: [],
  original_language: [32m'en'[39m
}
[TMDB FETCH] id=1024 type=movie {
  title: [32m'Movie 1'[39m,
  genre_ids_length: [33m0[39m,
  genre_ids: [],
  original_language: [32m'en'[39m,
  has_genres: [33mfalse[39m
}
[2026-03-19T15:12:29.222Z] [DEBUG] TMDB fetch successful {
  context: [32m'my-movies'[39m,
  tmdbId: [33m1024[39m,
  genre_ids: [],
  original_language: [32m'en'[39m
}
[TMDB FETCH] id=1025 type=movie {
  title: [32m'Movie 1'[39m,
  genre_ids_length: [33m0[39m,
  genre_ids: [],
  original_language: [32m'en'[39m,
  has_genres: [33mfalse[39m
}
[2026-03-19T15:12:29.223Z] [DEBUG] TMDB fetch successful {
  context: [32m'my-movies'[39m,
  tmdbId: [33m1025[39m,
  genre_ids: [],
  original_language: [32m'en'[39m
}
[TMDB FETCH] id=1026 type=movie {
  title: [32m'Movie 1'[39m,
  genre_ids_length: [33m0[39m,
  genre_ids: [],
  original_language: [32m'en'[39m,
  has_genres: [33mfalse[39m
}
[2026-03-19T15:12:29.223Z] [DEBUG] TMDB fetch successful {
  context: [32m'my-movies'[39m,
  tmdbId: [33m1026[39m,
  genre_ids: [],
  original_language: [32m'en'[39m
}
[TMDB FETCH] id=1027 type=movie {
  title: [32m'Movie 1'[39m,
  genre_ids_length: [33m0[39m,
  genre_ids: [],
  original_language: [32m'en'[39m,
  has_genres: [33mfalse[39m
}
[2026-03-19T15:12:29.223Z] [DEBUG] TMDB fetch successful {
  context: [32m'my-movies'[39m,
  tmdbId: [33m1027[39m,
  genre_ids: [],
  original_language: [32m'en'[39m
}
[TMDB FETCH] id=1028 type=movie {
  title: [32m'Movie 1'[39m,
  genre_ids_length: [33m0[39m,
  genre_ids: [],
  original_language: [32m'en'[39m,
  has_genres: [33mfalse[39m
}
[2026-03-19T15:12:29.223Z] [DEBUG] TMDB fetch successful {
  context: [32m'my-movies'[39m,
  tmdbId: [33m1028[39m,
  genre_ids: [],
  original_language: [32m'en'[39m
}
[TMDB FETCH] id=1029 type=movie {
  title: [32m'Movie 1'[39m,
  genre_ids_length: [33m0[39m,
  genre_ids: [],
  original_language: [32m'en'[39m,
  has_genres: [33mfalse[39m
}
[2026-03-19T15:12:29.223Z] [DEBUG] TMDB fetch successful {
  context: [32m'my-movies'[39m,
  tmdbId: [33m1029[39m,
  genre_ids: [],
  original_language: [32m'en'[39m
}
[TMDB FETCH] id=1030 type=movie {
  title: [32m'Movie 1'[39m,
  genre_ids_length: [33m0[39m,
  genre_ids: [],
  original_language: [32m'en'[39m,
  has_genres: [33mfalse[39m
}
[2026-03-19T15:12:29.223Z] [DEBUG] TMDB fetch successful {
  context: [32m'my-movies'[39m,
  tmdbId: [33m1030[39m,
  genre_ids: [],
  original_language: [32m'en'[39m
}
[TMDB FETCH] id=1031 type=movie {
  title: [32m'Movie 1'[39m,
  genre_ids_length: [33m0[39m,
  genre_ids: [],
  original_language: [32m'en'[39m,
  has_genres: [33mfalse[39m
}
[2026-03-19T15:12:29.223Z] [DEBUG] TMDB fetch successful {
  context: [32m'my-movies'[39m,
  tmdbId: [33m1031[39m,
  genre_ids: [],
  original_language: [32m'en'[39m
}
[TMDB FETCH] id=1032 type=movie {
  title: [32m'Movie 1'[39m,
  genre_ids_length: [33m0[39m,
  genre_ids: [],
  original_language: [32m'en'[39m,
  has_genres: [33mfalse[39m
}
[2026-03-19T15:12:29.223Z] [DEBUG] TMDB fetch successful {
  context: [32m'my-movies'[39m,
  tmdbId: [33m1032[39m,
  genre_ids: [],
  original_language: [32m'en'[39m
}
[TMDB FETCH] id=1033 type=movie {
  title: [32m'Movie 1'[39m,
  genre_ids_length: [33m0[39m,
  genre_ids: [],
  original_language: [32m'en'[39m,
  has_genres: [33mfalse[39m
}
[2026-03-19T15:12:29.224Z] [DEBUG] TMDB fetch successful {
  context: [32m'my-movies'[39m,
  tmdbId: [33m1033[39m,
  genre_ids: [],
  original_language: [32m'en'[39m
}
[TMDB FETCH] id=1034 type=movie {
  title: [32m'Movie 1'[39m,
  genre_ids_length: [33m0[39m,
  genre_ids: [],
  original_language: [32m'en'[39m,
  has_genres: [33mfalse[39m
}
[2026-03-19T15:12:29.224Z] [DEBUG] TMDB fetch successful {
  context: [32m'my-movies'[39m,
  tmdbId: [33m1034[39m,
  genre_ids: [],
  original_language: [32m'en'[39m
}
[TMDB FETCH] id=1035 type=movie {
  title: [32m'Movie 1'[39m,
  genre_ids_length: [33m0[39m,
  genre_ids: [],
  original_language: [32m'en'[39m,
  has_genres: [33mfalse[39m
}
[2026-03-19T15:12:29.224Z] [DEBUG] TMDB fetch successful {
  context: [32m'my-movies'[39m,
  tmdbId: [33m1035[39m,
  genre_ids: [],
  original_language: [32m'en'[39m
}
[TMDB FETCH] id=1036 type=movie {
  title: [32m'Movie 1'[39m,
  genre_ids_length: [33m0[39m,
  genre_ids: [],
  original_language: [32m'en'[39m,
  has_genres: [33mfalse[39m
}
[2026-03-19T15:12:29.224Z] [DEBUG] TMDB fetch successful {
  context: [32m'my-movies'[39m,
  tmdbId: [33m1036[39m,
  genre_ids: [],
  original_language: [32m'en'[39m
}
[TMDB FETCH] id=1037 type=movie {
  title: [32m'Movie 1'[39m,
  genre_ids_length: [33m0[39m,
  genre_ids: [],
  original_language: [32m'en'[39m,
  has_genres: [33mfalse[39m
}
[2026-03-19T15:12:29.224Z] [DEBUG] TMDB fetch successful {
  context: [32m'my-movies'[39m,
  tmdbId: [33m1037[39m,
  genre_ids: [],
  original_language: [32m'en'[39m
}
[TMDB FETCH] id=1038 type=movie {
  title: [32m'Movie 1'[39m,
  genre_ids_length: [33m0[39m,
  genre_ids: [],
  original_language: [32m'en'[39m,
  has_genres: [33mfalse[39m
}
[2026-03-19T15:12:29.224Z] [DEBUG] TMDB fetch successful {
  context: [32m'my-movies'[39m,
  tmdbId: [33m1038[39m,
  genre_ids: [],
  original_language: [32m'en'[39m
}
[TMDB FETCH] id=1039 type=movie {
  title: [32m'Movie 1'[39m,
  genre_ids_length: [33m0[39m,
  genre_ids: [],
  original_language: [32m'en'[39m,
  has_genres: [33mfalse[39m
}
[2026-03-19T15:12:29.225Z] [DEBUG] TMDB fetch successful {
  context: [32m'my-movies'[39m,
  tmdbId: [33m1039[39m,
  genre_ids: [],
  original_language: [32m'en'[39m
}
[TMDB FETCH] id=1040 type=movie {
  title: [32m'Movie 1'[39m,
  genre_ids_length: [33m0[39m,
  genre_ids: [],
  original_language: [32m'en'[39m,
  has_genres: [33mfalse[39m
}
[2026-03-19T15:12:29.225Z] [DEBUG] TMDB fetch successful {
  context: [32m'my-movies'[39m,
  tmdbId: [33m1040[39m,
  genre_ids: [],
  original_language: [32m'en'[39m
}

[90mstdout[2m | src/lib/__tests__/my-movies-pagination-limit.test.ts[2m > [22m[2mMy Movies Pagination (no TMDB filters)[2m > [22m[2mloads all 150 movies across pages
[22m[39m[2026-03-19T15:12:29.226Z] [DEBUG] Before filter { context: [32m'my-movies'[39m, count: [33m21[39m }
[2026-03-19T15:12:29.226Z] [DEBUG] After filter { context: [32m'my-movies'[39m, count: [33m21[39m }
[2026-03-19T15:12:29.226Z] [DEBUG] tmdbData received {
  context: [32m'my-movies'[39m,
  tmdbId: [33m1020[39m,
  hasGenreIds: [33mfalse[39m,
  genre_ids: [],
  original_language: [32m'en'[39m
}
[2026-03-19T15:12:29.226Z] [DEBUG] tmdbData received {
  context: [32m'my-movies'[39m,
  tmdbId: [33m1021[39m,
  hasGenreIds: [33mfalse[39m,
  genre_ids: [],
  original_language: [32m'en'[39m
}
[2026-03-19T15:12:29.226Z] [DEBUG] tmdbData received {
  context: [32m'my-movies'[39m,
  tmdbId: [33m1022[39m,
  hasGenreIds: [33mfalse[39m,
  genre_ids: [],
  original_language: [32m'en'[39m
}
[2026-03-19T15:12:29.226Z] [DEBUG] tmdbData received {
  context: [32m'my-movies'[39m,
  tmdbId: [33m1023[39m,
  hasGenreIds: [33mfalse[39m,
  genre_ids: [],
  original_language: [32m'en'[39m
}
[2026-03-19T15:12:29.226Z] [DEBUG] tmdbData received {
  context: [32m'my-movies'[39m,
  tmdbId: [33m1024[39m,
  hasGenreIds: [33mfalse[39m,
  genre_ids: [],
  original_language: [32m'en'[39m
}
[2026-03-19T15:12:29.226Z] [DEBUG] tmdbData received {
  context: [32m'my-movies'[39m,
  tmdbId: [33m1025[39m,
  hasGenreIds: [33mfalse[39m,
  genre_ids: [],
  original_language: [32m'en'[39m
}
[2026-03-19T15:12:29.227Z] [DEBUG] tmdbData received {
  context: [32m'my-movies'[39m,
  tmdbId: [33m1026[39m,
  hasGenreIds: [33mfalse[39m,
  genre_ids: [],
  original_language: [32m'en'[39m
}
[2026-03-19T15:12:29.227Z] [DEBUG] tmdbData received {
  context: [32m'my-movies'[39m,
  tmdbId: [33m1027[39m,
  hasGenreIds: [33mfalse[39m,
  genre_ids: [],
  original_language: [32m'en'[39m
}
[2026-03-19T15:12:29.227Z] [DEBUG] tmdbData received {
  context: [32m'my-movies'[39m,
  tmdbId: [33m1028[39m,
  hasGenreIds: [33mfalse[39m,
  genre_ids: [],
  original_language: [32m'en'[39m
}
[2026-03-19T15:12:29.227Z] [DEBUG] tmdbData received {
  context: [32m'my-movies'[39m,
  tmdbId: [33m1029[39m,
  hasGenreIds: [33mfalse[39m,
  genre_ids: [],
  original_language: [32m'en'[39m
}
[2026-03-19T15:12:29.227Z] [DEBUG] tmdbData received {
  context: [32m'my-movies'[39m,
  tmdbId: [33m1030[39m,
  hasGenreIds: [33mfalse[39m,
  genre_ids: [],
  original_language: [32m'en'[39m
}
[2026-03-19T15:12:29.227Z] [DEBUG] tmdbData received {
  context: [32m'my-movies'[39m,
  tmdbId: [33m1031[39m,
  hasGenreIds: [33mfalse[39m,
  genre_ids: [],
  original_language: [32m'en'[39m
}
[2026-03-19T15:12:29.227Z] [DEBUG] tmdbData received {
  context: [32m'my-movies'[39m,
  tmdbId: [33m1032[39m,
  hasGenreIds: [33mfalse[39m,
  genre_ids: [],
  original_language: [32m'en'[39m
}
[2026-03-19T15:12:29.227Z] [DEBUG] tmdbData received {
  context: [32m'my-movies'[39m,
  tmdbId: [33m1033[39m,
  hasGenreIds: [33mfalse[39m,
  genre_ids: [],
  original_language: [32m'en'[39m
}
[2026-03-19T15:12:29.227Z] [DEBUG] tmdbData received {
  context: [32m'my-movies'[39m,
  tmdbId: [33m1034[39m,
  hasGenreIds: [33mfalse[39m,
  genre_ids: [],
  original_language: [32m'en'[39m
}
[2026-03-19T15:12:29.227Z] [DEBUG] tmdbData received {
  context: [32m'my-movies'[39m,
  tmdbId: [33m1035[39m,
  hasGenreIds: [33mfalse[39m,
  genre_ids: [],
  original_language: [32m'en'[39m
}
[2026-03-19T15:12:29.227Z] [DEBUG] tmdbData received {
  context: [32m'my-movies'[39m,
  tmdbId: [33m1036[39m,
  hasGenreIds: [33mfalse[39m,
  genre_ids: [],
  original_language: [32m'en'[39m
}
[2026-03-19T15:12:29.228Z] [DEBUG] tmdbData received {
  context: [32m'my-movies'[39m,
  tmdbId: [33m1037[39m,
  hasGenreIds: [33mfalse[39m,
  genre_ids: [],
  original_language: [32m'en'[39m
}
[2026-03-19T15:12:29.228Z] [DEBUG] tmdbData received {
  context: [32m'my-movies'[39m,
  tmdbId: [33m1038[39m,
  hasGenreIds: [33mfalse[39m,
  genre_ids: [],
  original_language: [32m'en'[39m
}
[2026-03-19T15:12:29.228Z] [DEBUG] tmdbData received {
  context: [32m'my-movies'[39m,
  tmdbId: [33m1039[39m,
  hasGenreIds: [33mfalse[39m,
  genre_ids: [],
  original_language: [32m'en'[39m
}
[2026-03-19T15:12:29.228Z] [DEBUG] tmdbData received {
  context: [32m'my-movies'[39m,
  tmdbId: [33m1040[39m,
  hasGenreIds: [33mfalse[39m,
  genre_ids: [],
  original_language: [32m'en'[39m
}
[2026-03-19T15:12:29.228Z] [DEBUG] Pagination result {
  context: [32m'my-movies'[39m,
  page: [33m2[39m,
  limit: [33m20[39m,
  hasTMDBFilters: [33mfalse[39m,
  watchListRecordsLength: [33m21[39m,
  sortedMoviesLength: [33m21[39m,
  paginatedMoviesLength: [33m20[39m,
  hasMore: [33mtrue[39m,
  pageStartIndex: [33m20[39m,
  pageEndIndex: [33m40[39m,
  firstMovieId: [33m1020[39m,
  firstMovieRating: [33m7.5[39m
}

[90mstdout[2m | src/lib/__tests__/my-movies-pagination-limit.test.ts[2m > [22m[2mMy Movies Pagination (no TMDB filters)[2m > [22m[2mloads all 150 movies across pages
[22m[39m[2026-03-19T15:12:29.233Z] [DEBUG] Request params {
  context: [32m'my-movies'[39m,
  page: [33m3[39m,
  limit: [33m20[39m,
  typesParam: [1mnull[22m,
  yearFrom: [1mnull[22m,
  yearTo: [1mnull[22m,
  minRating: [33m0[39m,
  maxRating: [33m10[39m,
  genresParam: [32m'no'[39m,
  tagsParam: [32m'no'[39m
}
[2026-03-19T15:12:29.234Z] [DEBUG] Using DB pagination (skip/take) { context: [32m'my-movies'[39m, page: [33m3[39m, limit: [33m20[39m }

[90mstdout[2m | src/lib/__tests__/my-movies-pagination-limit.test.ts[2m > [22m[2mMy Movies Pagination (no TMDB filters)[2m > [22m[2mloads all 150 movies across pages
[22m[39m[TMDB FETCH] id=1040 type=movie {
  title: [32m'Movie 1'[39m,
  genre_ids_length: [33m0[39m,
  genre_ids: [],
  original_language: [32m'en'[39m,
  has_genres: [33mfalse[39m
}
[2026-03-19T15:12:29.235Z] [DEBUG] TMDB fetch successful {
  context: [32m'my-movies'[39m,
  tmdbId: [33m1040[39m,
  genre_ids: [],
  original_language: [32m'en'[39m
}
[TMDB FETCH] id=1041 type=movie {
  title: [32m'Movie 1'[39m,
  genre_ids_length: [33m0[39m,
  genre_ids: [],
  original_language: [32m'en'[39m,
  has_genres: [33mfalse[39m
}
[2026-03-19T15:12:29.235Z] [DEBUG] TMDB fetch successful {
  context: [32m'my-movies'[39m,
  tmdbId: [33m1041[39m,
  genre_ids: [],
  original_language: [32m'en'[39m
}
[TMDB FETCH] id=1042 type=movie {
  title: [32m'Movie 1'[39m,
  genre_ids_length: [33m0[39m,
  genre_ids: [],
  original_language: [32m'en'[39m,
  has_genres: [33mfalse[39m
}
[2026-03-19T15:12:29.236Z] [DEBUG] TMDB fetch successful {
  context: [32m'my-movies'[39m,
  tmdbId: [33m1042[39m,
  genre_ids: [],
  original_language: [32m'en'[39m
}
[TMDB FETCH] id=1043 type=movie {
  title: [32m'Movie 1'[39m,
  genre_ids_length: [33m0[39m,
  genre_ids: [],
  original_language: [32m'en'[39m,
  has_genres: [33mfalse[39m
}
[2026-03-19T15:12:29.236Z] [DEBUG] TMDB fetch successful {
  context: [32m'my-movies'[39m,
  tmdbId: [33m1043[39m,
  genre_ids: [],
  original_language: [32m'en'[39m
}
[TMDB FETCH] id=1044 type=movie {
  title: [32m'Movie 1'[39m,
  genre_ids_length: [33m0[39m,
  genre_ids: [],
  original_language: [32m'en'[39m,
  has_genres: [33mfalse[39m
}
[2026-03-19T15:12:29.236Z] [DEBUG] TMDB fetch successful {
  context: [32m'my-movies'[39m,
  tmdbId: [33m1044[39m,
  genre_ids: [],
  original_language: [32m'en'[39m
}
[TMDB FETCH] id=1045 type=movie {
  title: [32m'Movie 1'[39m,
  genre_ids_length: [33m0[39m,
  genre_ids: [],
  original_language: [32m'en'[39m,
  has_genres: [33mfalse[39m
}
[2026-03-19T15:12:29.236Z] [DEBUG] TMDB fetch successful {
  context: [32m'my-movies'[39m,
  tmdbId: [33m1045[39m,
  genre_ids: [],
  original_language: [32m'en'[39m
}
[TMDB FETCH] id=1046 type=movie {
  title: [32m'Movie 1'[39m,
  genre_ids_length: [33m0[39m,
  genre_ids: [],
  original_language: [32m'en'[39m,
  has_genres: [33mfalse[39m
}
[2026-03-19T15:12:29.236Z] [DEBUG] TMDB fetch successful {
  context: [32m'my-movies'[39m,
  tmdbId: [33m1046[39m,
  genre_ids: [],
  original_language: [32m'en'[39m
}
[TMDB FETCH] id=1047 type=movie {
  title: [32m'Movie 1'[39m,
  genre_ids_length: [33m0[39m,
  genre_ids: [],
  original_language: [32m'en'[39m,
  has_genres: [33mfalse[39m
}
[2026-03-19T15:12:29.236Z] [DEBUG] TMDB fetch successful {
  context: [32m'my-movies'[39m,
  tmdbId: [33m1047[39m,
  genre_ids: [],
  original_language: [32m'en'[39m
}
[TMDB FETCH] id=1048 type=movie {
  title: [32m'Movie 1'[39m,
  genre_ids_length: [33m0[39m,
  genre_ids: [],
  original_language: [32m'en'[39m,
  has_genres: [33mfalse[39m
}
[2026-03-19T15:12:29.236Z] [DEBUG] TMDB fetch successful {
  context: [32m'my-movies'[39m,
  tmdbId: [33m1048[39m,
  genre_ids: [],
  original_language: [32m'en'[39m
}
[TMDB FETCH] id=1049 type=movie {
  title: [32m'Movie 1'[39m,
  genre_ids_length: [33m0[39m,
  genre_ids: [],
  original_language: [32m'en'[39m,
  has_genres: [33mfalse[39m
}
[2026-03-19T15:12:29.237Z] [DEBUG] TMDB fetch successful {
  context: [32m'my-movies'[39m,
  tmdbId: [33m1049[39m,
  genre_ids: [],
  original_language: [32m'en'[39m
}
[TMDB FETCH] id=1050 type=movie {
  title: [32m'Movie 1'[39m,
  genre_ids_length: [33m0[39m,
  genre_ids: [],
  original_language: [32m'en'[39m,
  has_genres: [33mfalse[39m
}
[2026-03-19T15:12:29.237Z] [DEBUG] TMDB fetch successful {
  context: [32m'my-movies'[39m,
  tmdbId: [33m1050[39m,
  genre_ids: [],
  original_language: [32m'en'[39m
}
[TMDB FETCH] id=1051 type=movie {
  title: [32m'Movie 1'[39m,
  genre_ids_length: [33m0[39m,
  genre_ids: [],
  original_language: [32m'en'[39m,
  has_genres: [33mfalse[39m
}
[2026-03-19T15:12:29.237Z] [DEBUG] TMDB fetch successful {
  context: [32m'my-movies'[39m,
  tmdbId: [33m1051[39m,
  genre_ids: [],
  original_language: [32m'en'[39m
}
[TMDB FETCH] id=1052 type=movie {
  title: [32m'Movie 1'[39m,
  genre_ids_length: [33m0[39m,
  genre_ids: [],
  original_language: [32m'en'[39m,
  has_genres: [33mfalse[39m
}
[2026-03-19T15:12:29.237Z] [DEBUG] TMDB fetch successful {
  context: [32m'my-movies'[39m,
  tmdbId: [33m1052[39m,
  genre_ids: [],
  original_language: [32m'en'[39m
}
[TMDB FETCH] id=1053 type=movie {
  title: [32m'Movie 1'[39m,
  genre_ids_length: [33m0[39m,
  genre_ids: [],
  original_language: [32m'en'[39m,
  has_genres: [33mfalse[39m
}
[2026-03-19T15:12:29.237Z] [DEBUG] TMDB fetch successful {
  context: [32m'my-movies'[39m,
  tmdbId: [33m1053[39m,
  genre_ids: [],
  original_language: [32m'en'[39m
}
[TMDB FETCH] id=1054 type=movie {
  title: [32m'Movie 1'[39m,
  genre_ids_length: [33m0[39m,
  genre_ids: [],
  original_language: [32m'en'[39m,
  has_genres: [33mfalse[39m
}
[2026-03-19T15:12:29.237Z] [DEBUG] TMDB fetch successful {
  context: [32m'my-movies'[39m,
  tmdbId: [33m1054[39m,
  genre_ids: [],
  original_language: [32m'en'[39m
}
[TMDB FETCH] id=1055 type=movie {
  title: [32m'Movie 1'[39m,
  genre_ids_length: [33m0[39m,
  genre_ids: [],
  original_language: [32m'en'[39m,
  has_genres: [33mfalse[39m
}
[2026-03-19T15:12:29.237Z] [DEBUG] TMDB fetch successful {
  context: [32m'my-movies'[39m,
  tmdbId: [33m1055[39m,
  genre_ids: [],
  original_language: [32m'en'[39m
}
[TMDB FETCH] id=1056 type=movie {
  title: [32m'Movie 1'[39m,
  genre_ids_length: [33m0[39m,
  genre_ids: [],
  original_language: [32m'en'[39m,
  has_genres: [33mfalse[39m
}
[2026-03-19T15:12:29.237Z] [DEBUG] TMDB fetch successful {
  context: [32m'my-movies'[39m,
  tmdbId: [33m1056[39m,
  genre_ids: [],
  original_language: [32m'en'[39m
}
[TMDB FETCH] id=1057 type=movie {
  title: [32m'Movie 1'[39m,
  genre_ids_length: [33m0[39m,
  genre_ids: [],
  original_language: [32m'en'[39m,
  has_genres: [33mfalse[39m
}
[2026-03-19T15:12:29.238Z] [DEBUG] TMDB fetch successful {
  context: [32m'my-movies'[39m,
  tmdbId: [33m1057[39m,
  genre_ids: [],
  original_language: [32m'en'[39m
}
[TMDB FETCH] id=1058 type=movie {
  title: [32m'Movie 1'[39m,
  genre_ids_length: [33m0[39m,
  genre_ids: [],
  original_language: [32m'en'[39m,
  has_genres: [33mfalse[39m
}
[2026-03-19T15:12:29.238Z] [DEBUG] TMDB fetch successful {
  context: [32m'my-movies'[39m,
  tmdbId: [33m1058[39m,
  genre_ids: [],
  original_language: [32m'en'[39m
}
[TMDB FETCH] id=1059 type=movie {
  title: [32m'Movie 1'[39m,
  genre_ids_length: [33m0[39m,
  genre_ids: [],
  original_language: [32m'en'[39m,
  has_genres: [33mfalse[39m
}
[2026-03-19T15:12:29.238Z] [DEBUG] TMDB fetch successful {
  context: [32m'my-movies'[39m,
  tmdbId: [33m1059[39m,
  genre_ids: [],
  original_language: [32m'en'[39m
}
[TMDB FETCH] id=1060 type=movie {
  title: [32m'Movie 1'[39m,
  genre_ids_length: [33m0[39m,
  genre_ids: [],
  original_language: [32m'en'[39m,
  has_genres: [33mfalse[39m
}
[2026-03-19T15:12:29.238Z] [DEBUG] TMDB fetch successful {
  context: [32m'my-movies'[39m,
  tmdbId: [33m1060[39m,
  genre_ids: [],
  original_language: [32m'en'[39m
}

[90mstdout[2m | src/lib/__tests__/my-movies-pagination-limit.test.ts[2m > [22m[2mMy Movies Pagination (no TMDB filters)[2m > [22m[2mloads all 150 movies across pages
[22m[39m[2026-03-19T15:12:29.239Z] [DEBUG] Before filter { context: [32m'my-movies'[39m, count: [33m21[39m }
[2026-03-19T15:12:29.239Z] [DEBUG] After filter { context: [32m'my-movies'[39m, count: [33m21[39m }
[2026-03-19T15:12:29.239Z] [DEBUG] tmdbData received {
  context: [32m'my-movies'[39m,
  tmdbId: [33m1040[39m,
  hasGenreIds: [33mfalse[39m,
  genre_ids: [],
  original_language: [32m'en'[39m
}
[2026-03-19T15:12:29.239Z] [DEBUG] tmdbData received {
  context: [32m'my-movies'[39m,
  tmdbId: [33m1041[39m,
  hasGenreIds: [33mfalse[39m,
  genre_ids: [],
  original_language: [32m'en'[39m
}
[2026-03-19T15:12:29.239Z] [DEBUG] tmdbData received {
  context: [32m'my-movies'[39m,
  tmdbId: [33m1042[39m,
  hasGenreIds: [33mfalse[39m,
  genre_ids: [],
  original_language: [32m'en'[39m
}
[2026-03-19T15:12:29.240Z] [DEBUG] tmdbData received {
  context: [32m'my-movies'[39m,
  tmdbId: [33m1043[39m,
  hasGenreIds: [33mfalse[39m,
  genre_ids: [],
  original_language: [32m'en'[39m
}
[2026-03-19T15:12:29.240Z] [DEBUG] tmdbData received {
  context: [32m'my-movies'[39m,
  tmdbId: [33m1044[39m,
  hasGenreIds: [33mfalse[39m,
  genre_ids: [],
  original_language: [32m'en'[39m
}
[2026-03-19T15:12:29.240Z] [DEBUG] tmdbData received {
  context: [32m'my-movies'[39m,
  tmdbId: [33m1045[39m,
  hasGenreIds: [33mfalse[39m,
  genre_ids: [],
  original_language: [32m'en'[39m
}
[2026-03-19T15:12:29.240Z] [DEBUG] tmdbData received {
  context: [32m'my-movies'[39m,
  tmdbId: [33m1046[39m,
  hasGenreIds: [33mfalse[39m,
  genre_ids: [],
  original_language: [32m'en'[39m
}
[2026-03-19T15:12:29.240Z] [DEBUG] tmdbData received {
  context: [32m'my-movies'[39m,
  tmdbId: [33m1047[39m,
  hasGenreIds: [33mfalse[39m,
  genre_ids: [],
  original_language: [32m'en'[39m
}
[2026-03-19T15:12:29.240Z] [DEBUG] tmdbData received {
  context: [32m'my-movies'[39m,
  tmdbId: [33m1048[39m,
  hasGenreIds: [33mfalse[39m,
  genre_ids: [],
  original_language: [32m'en'[39m
}
[2026-03-19T15:12:29.240Z] [DEBUG] tmdbData received {
  context: [32m'my-movies'[39m,
  tmdbId: [33m1049[39m,
  hasGenreIds: [33mfalse[39m,
  genre_ids: [],
  original_language: [32m'en'[39m
}
[2026-03-19T15:12:29.240Z] [DEBUG] tmdbData received {
  context: [32m'my-movies'[39m,
  tmdbId: [33m1050[39m,
  hasGenreIds: [33mfalse[39m,
  genre_ids: [],
  original_language: [32m'en'[39m
}
[2026-03-19T15:12:29.240Z] [DEBUG] tmdbData received {
  context: [32m'my-movies'[39m,
  tmdbId: [33m1051[39m,
  hasGenreIds: [33mfalse[39m,
  genre_ids: [],
  original_language: [32m'en'[39m
}
[2026-03-19T15:12:29.240Z] [DEBUG] tmdbData received {
  context: [32m'my-movies'[39m,
  tmdbId: [33m1052[39m,
  hasGenreIds: [33mfalse[39m,
  genre_ids: [],
  original_language: [32m'en'[39m
}
[2026-03-19T15:12:29.240Z] [DEBUG] tmdbData received {
  context: [32m'my-movies'[39m,
  tmdbId: [33m1053[39m,
  hasGenreIds: [33mfalse[39m,
  genre_ids: [],
  original_language: [32m'en'[39m
}
[2026-03-19T15:12:29.241Z] [DEBUG] tmdbData received {
  context: [32m'my-movies'[39m,
  tmdbId: [33m1054[39m,
  hasGenreIds: [33mfalse[39m,
  genre_ids: [],
  original_language: [32m'en'[39m
}
[2026-03-19T15:12:29.241Z] [DEBUG] tmdbData received {
  context: [32m'my-movies'[39m,
  tmdbId: [33m1055[39m,
  hasGenreIds: [33mfalse[39m,
  genre_ids: [],
  original_language: [32m'en'[39m
}
[2026-03-19T15:12:29.241Z] [DEBUG] tmdbData received {
  context: [32m'my-movies'[39m,
  tmdbId: [33m1056[39m,
  hasGenreIds: [33mfalse[39m,
  genre_ids: [],
  original_language: [32m'en'[39m
}
[2026-03-19T15:12:29.241Z] [DEBUG] tmdbData received {
  context: [32m'my-movies'[39m,
  tmdbId: [33m1057[39m,
  hasGenreIds: [33mfalse[39m,
  genre_ids: [],
  original_language: [32m'en'[39m
}
[2026-03-19T15:12:29.241Z] [DEBUG] tmdbData received {
  context: [32m'my-movies'[39m,
  tmdbId: [33m1058[39m,
  hasGenreIds: [33mfalse[39m,
  genre_ids: [],
  original_language: [32m'en'[39m
}
[2026-03-19T15:12:29.241Z] [DEBUG] tmdbData received {
  context: [32m'my-movies'[39m,
  tmdbId: [33m1059[39m,
  hasGenreIds: [33mfalse[39m,
  genre_ids: [],
  original_language: [32m'en'[39m
}
[2026-03-19T15:12:29.241Z] [DEBUG] tmdbData received {
  context: [32m'my-movies'[39m,
  tmdbId: [33m1060[39m,
  hasGenreIds: [33mfalse[39m,
  genre_ids: [],
  original_language: [32m'en'[39m
}
[2026-03-19T15:12:29.241Z] [DEBUG] Pagination result {
  context: [32m'my-movies'[39m,
  page: [33m3[39m,
  limit: [33m20[39m,
  hasTMDBFilters: [33mfalse[39m,
  watchListRecordsLength: [33m21[39m,
  sortedMoviesLength: [33m21[39m,
  paginatedMoviesLength: [33m20[39m,
  hasMore: [33mtrue[39m,
  pageStartIndex: [33m40[39m,
  pageEndIndex: [33m60[39m,
  firstMovieId: [33m1040[39m,
  firstMovieRating: [33m7.5[39m
}

[90mstdout[2m | src/lib/__tests__/my-movies-pagination-limit.test.ts[2m > [22m[2mMy Movies Pagination (no TMDB filters)[2m > [22m[2mloads all 150 movies across pages
[22m[39m[2026-03-19T15:12:29.245Z] [DEBUG] Request params {
  context: [32m'my-movies'[39m,
  page: [33m4[39m,
  limit: [33m20[39m,
  typesParam: [1mnull[22m,
  yearFrom: [1mnull[22m,
  yearTo: [1mnull[22m,
  minRating: [33m0[39m,
  maxRating: [33m10[39m,
  genresParam: [32m'no'[39m,
  tagsParam: [32m'no'[39m
}
[2026-03-19T15:12:29.245Z] [DEBUG] Using DB pagination (skip/take) { context: [32m'my-movies'[39m, page: [33m4[39m, limit: [33m20[39m }

[90mstdout[2m | src/lib/__tests__/my-movies-pagination-limit.test.ts[2m > [22m[2mMy Movies Pagination (no TMDB filters)[2m > [22m[2mloads all 150 movies across pages
[22m[39m[TMDB FETCH] id=1060 type=movie {
  title: [32m'Movie 1'[39m,
  genre_ids_length: [33m0[39m,
  genre_ids: [],
  original_language: [32m'en'[39m,
  has_genres: [33mfalse[39m
}
[2026-03-19T15:12:29.246Z] [DEBUG] TMDB fetch successful {
  context: [32m'my-movies'[39m,
  tmdbId: [33m1060[39m,
  genre_ids: [],
  original_language: [32m'en'[39m
}
[TMDB FETCH] id=1061 type=movie {
  title: [32m'Movie 1'[39m,
  genre_ids_length: [33m0[39m,
  genre_ids: [],
  original_language: [32m'en'[39m,
  has_genres: [33mfalse[39m
}
[2026-03-19T15:12:29.246Z] [DEBUG] TMDB fetch successful {
  context: [32m'my-movies'[39m,
  tmdbId: [33m1061[39m,
  genre_ids: [],
  original_language: [32m'en'[39m
}
[TMDB FETCH] id=1062 type=movie {
  title: [32m'Movie 1'[39m,
  genre_ids_length: [33m0[39m,
  genre_ids: [],
  original_language: [32m'en'[39m,
  has_genres: [33mfalse[39m
}
[2026-03-19T15:12:29.247Z] [DEBUG] TMDB fetch successful {
  context: [32m'my-movies'[39m,
  tmdbId: [33m1062[39m,
  genre_ids: [],
  original_language: [32m'en'[39m
}
[TMDB FETCH] id=1063 type=movie {
  title: [32m'Movie 1'[39m,
  genre_ids_length: [33m0[39m,
  genre_ids: [],
  original_language: [32m'en'[39m,
  has_genres: [33mfalse[39m
}
[2026-03-19T15:12:29.249Z] [DEBUG] TMDB fetch successful {
  context: [32m'my-movies'[39m,
  tmdbId: [33m1063[39m,
  genre_ids: [],
  original_language: [32m'en'[39m
}
[TMDB FETCH] id=1064 type=movie {
  title: [32m'Movie 1'[39m,
  genre_ids_length: [33m0[39m,
  genre_ids: [],
  original_language: [32m'en'[39m,
  has_genres: [33mfalse[39m
}
[2026-03-19T15:12:29.249Z] [DEBUG] TMDB fetch successful {
  context: [32m'my-movies'[39m,
  tmdbId: [33m1064[39m,
  genre_ids: [],
  original_language: [32m'en'[39m
}
[TMDB FETCH] id=1065 type=movie {
  title: [32m'Movie 1'[39m,
  genre_ids_length: [33m0[39m,
  genre_ids: [],
  original_language: [32m'en'[39m,
  has_genres: [33mfalse[39m
}
[2026-03-19T15:12:29.250Z] [DEBUG] TMDB fetch successful {
  context: [32m'my-movies'[39m,
  tmdbId: [33m1065[39m,
  genre_ids: [],
  original_language: [32m'en'[39m
}
[TMDB FETCH] id=1066 type=movie {
  title: [32m'Movie 1'[39m,
  genre_ids_length: [33m0[39m,
  genre_ids: [],
  original_language: [32m'en'[39m,
  has_genres: [33mfalse[39m
}
[2026-03-19T15:12:29.252Z] [DEBUG] TMDB fetch successful {
  context: [32m'my-movies'[39m,
  tmdbId: [33m1066[39m,
  genre_ids: [],
  original_language: [32m'en'[39m
}
[TMDB FETCH] id=1067 type=movie {
  title: [32m'Movie 1'[39m,
  genre_ids_length: [33m0[39m,
  genre_ids: [],
  original_language: [32m'en'[39m,
  has_genres: [33mfalse[39m
}
[2026-03-19T15:12:29.253Z] [DEBUG] TMDB fetch successful {
  context: [32m'my-movies'[39m,
  tmdbId: [33m1067[39m,
  genre_ids: [],
  original_language: [32m'en'[39m
}
[TMDB FETCH] id=1068 type=movie {
  title: [32m'Movie 1'[39m,
  genre_ids_length: [33m0[39m,
  genre_ids: [],
  original_language: [32m'en'[39m,
  has_genres: [33mfalse[39m
}
[2026-03-19T15:12:29.253Z] [DEBUG] TMDB fetch successful {
  context: [32m'my-movies'[39m,
  tmdbId: [33m1068[39m,
  genre_ids: [],
  original_language: [32m'en'[39m
}
[TMDB FETCH] id=1069 type=movie {
  title: [32m'Movie 1'[39m,
  genre_ids_length: [33m0[39m,
  genre_ids: [],
  original_language: [32m'en'[39m,
  has_genres: [33mfalse[39m
}
[2026-03-19T15:12:29.253Z] [DEBUG] TMDB fetch successful {
  context: [32m'my-movies'[39m,
  tmdbId: [33m1069[39m,
  genre_ids: [],
  original_language: [32m'en'[39m
}
[TMDB FETCH] id=1070 type=movie {
  title: [32m'Movie 1'[39m,
  genre_ids_length: [33m0[39m,
  genre_ids: [],
  original_language: [32m'en'[39m,
  has_genres: [33mfalse[39m
}
[2026-03-19T15:12:29.253Z] [DEBUG] TMDB fetch successful {
  context: [32m'my-movies'[39m,
  tmdbId: [33m1070[39m,
  genre_ids: [],
  original_language: [32m'en'[39m
}
[TMDB FETCH] id=1071 type=movie {
  title: [32m'Movie 1'[39m,
  genre_ids_length: [33m0[39m,
  genre_ids: [],
  original_language: [32m'en'[39m,
  has_genres: [33mfalse[39m
}
[2026-03-19T15:12:29.253Z] [DEBUG] TMDB fetch successful {
  context: [32m'my-movies'[39m,
  tmdbId: [33m1071[39m,
  genre_ids: [],
  original_language: [32m'en'[39m
}
[TMDB FETCH] id=1072 type=movie {
  title: [32m'Movie 1'[39m,
  genre_ids_length: [33m0[39m,
  genre_ids: [],
  original_language: [32m'en'[39m,
  has_genres: [33mfalse[39m
}
[2026-03-19T15:12:29.254Z] [DEBUG] TMDB fetch successful {
  context: [32m'my-movies'[39m,
  tmdbId: [33m1072[39m,
  genre_ids: [],
  original_language: [32m'en'[39m
}
[TMDB FETCH] id=1073 type=movie {
  title: [32m'Movie 1'[39m,
  genre_ids_length: [33m0[39m,
  genre_ids: [],
  original_language: [32m'en'[39m,
  has_genres: [33mfalse[39m
}
[2026-03-19T15:12:29.254Z] [DEBUG] TMDB fetch successful {
  context: [32m'my-movies'[39m,
  tmdbId: [33m1073[39m,
  genre_ids: [],
  original_language: [32m'en'[39m
}
[TMDB FETCH] id=1074 type=movie {
  title: [32m'Movie 1'[39m,
  genre_ids_length: [33m0[39m,
  genre_ids: [],
  original_language: [32m'en'[39m,
  has_genres: [33mfalse[39m
}
[2026-03-19T15:12:29.254Z] [DEBUG] TMDB fetch successful {
  context: [32m'my-movies'[39m,
  tmdbId: [33m1074[39m,
  genre_ids: [],
  original_language: [32m'en'[39m
}
[TMDB FETCH] id=1075 type=movie {
  title: [32m'Movie 1'[39m,
  genre_ids_length: [33m0[39m,
  genre_ids: [],
  original_language: [32m'en'[39m,
  has_genres: [33mfalse[39m
}
[2026-03-19T15:12:29.254Z] [DEBUG] TMDB fetch successful {
  context: [32m'my-movies'[39m,
  tmdbId: [33m1075[39m,
  genre_ids: [],
  original_language: [32m'en'[39m
}
[TMDB FETCH] id=1076 type=movie {
  title: [32m'Movie 1'[39m,
  genre_ids_length: [33m0[39m,
  genre_ids: [],
  original_language: [32m'en'[39m,
  has_genres: [33mfalse[39m
}
[2026-03-19T15:12:29.254Z] [DEBUG] TMDB fetch successful {
  context: [32m'my-movies'[39m,
  tmdbId: [33m1076[39m,
  genre_ids: [],
  original_language: [32m'en'[39m
}
[TMDB FETCH] id=1077 type=movie {
  title: [32m'Movie 1'[39m,
  genre_ids_length: [33m0[39m,
  genre_ids: [],
  original_language: [32m'en'[39m,
  has_genres: [33mfalse[39m
}
[2026-03-19T15:12:29.254Z] [DEBUG] TMDB fetch successful {
  context: [32m'my-movies'[39m,
  tmdbId: [33m1077[39m,
  genre_ids: [],
  original_language: [32m'en'[39m
}
[TMDB FETCH] id=1078 type=movie {
  title: [32m'Movie 1'[39m,
  genre_ids_length: [33m0[39m,
  genre_ids: [],
  original_language: [32m'en'[39m,
  has_genres: [33mfalse[39m
}
[2026-03-19T15:12:29.254Z] [DEBUG] TMDB fetch successful {
  context: [32m'my-movies'[39m,
  tmdbId: [33m1078[39m,
  genre_ids: [],
  original_language: [32m'en'[39m
}
[TMDB FETCH] id=1079 type=movie {
  title: [32m'Movie 1'[39m,
  genre_ids_length: [33m0[39m,
  genre_ids: [],
  original_language: [32m'en'[39m,
  has_genres: [33mfalse[39m
}
[2026-03-19T15:12:29.255Z] [DEBUG] TMDB fetch successful {
  context: [32m'my-movies'[39m,
  tmdbId: [33m1079[39m,
  genre_ids: [],
  original_language: [32m'en'[39m
}
[TMDB FETCH] id=1080 type=movie {
  title: [32m'Movie 1'[39m,
  genre_ids_length: [33m0[39m,
  genre_ids: [],
  original_language: [32m'en'[39m,
  has_genres: [33mfalse[39m
}
[2026-03-19T15:12:29.255Z] [DEBUG] TMDB fetch successful {
  context: [32m'my-movies'[39m,
  tmdbId: [33m1080[39m,
  genre_ids: [],
  original_language: [32m'en'[39m
}

[90mstdout[2m | src/lib/__tests__/my-movies-pagination-limit.test.ts[2m > [22m[2mMy Movies Pagination (no TMDB filters)[2m > [22m[2mloads all 150 movies across pages
[22m[39m[2026-03-19T15:12:29.263Z] [DEBUG] Before filter { context: [32m'my-movies'[39m, count: [33m21[39m }
[2026-03-19T15:12:29.263Z] [DEBUG] After filter { context: [32m'my-movies'[39m, count: [33m21[39m }
[2026-03-19T15:12:29.263Z] [DEBUG] tmdbData received {
  context: [32m'my-movies'[39m,
  tmdbId: [33m1060[39m,
  hasGenreIds: [33mfalse[39m,
  genre_ids: [],
  original_language: [32m'en'[39m
}
[2026-03-19T15:12:29.263Z] [DEBUG] tmdbData received {
  context: [32m'my-movies'[39m,
  tmdbId: [33m1061[39m,
  hasGenreIds: [33mfalse[39m,
  genre_ids: [],
  original_language: [32m'en'[39m
}
[2026-03-19T15:12:29.263Z] [DEBUG] tmdbData received {
  context: [32m'my-movies'[39m,
  tmdbId: [33m1062[39m,
  hasGenreIds: [33mfalse[39m,
  genre_ids: [],
  original_language: [32m'en'[39m
}
[2026-03-19T15:12:29.264Z] [DEBUG] tmdbData received {
  context: [32m'my-movies'[39m,
  tmdbId: [33m1063[39m,
  hasGenreIds: [33mfalse[39m,
  genre_ids: [],
  original_language: [32m'en'[39m
}
[2026-03-19T15:12:29.264Z] [DEBUG] tmdbData received {
  context: [32m'my-movies'[39m,
  tmdbId: [33m1064[39m,
  hasGenreIds: [33mfalse[39m,
  genre_ids: [],
  original_language: [32m'en'[39m
}
[2026-03-19T15:12:29.264Z] [DEBUG] tmdbData received {
  context: [32m'my-movies'[39m,
  tmdbId: [33m1065[39m,
  hasGenreIds: [33mfalse[39m,
  genre_ids: [],
  original_language: [32m'en'[39m
}
[2026-03-19T15:12:29.268Z] [DEBUG] tmdbData received {
  context: [32m'my-movies'[39m,
  tmdbId: [33m1066[39m,
  hasGenreIds: [33mfalse[39m,
  genre_ids: [],
  original_language: [32m'en'[39m
}
[2026-03-19T15:12:29.268Z] [DEBUG] tmdbData received {
  context: [32m'my-movies'[39m,
  tmdbId: [33m1067[39m,
  hasGenreIds: [33mfalse[39m,
  genre_ids: [],
  original_language: [32m'en'[39m
}
[2026-03-19T15:12:29.268Z] [DEBUG] tmdbData received {
  context: [32m'my-movies'[39m,
  tmdbId: [33m1068[39m,
  hasGenreIds: [33mfalse[39m,
  genre_ids: [],
  original_language: [32m'en'[39m
}
[2026-03-19T15:12:29.268Z] [DEBUG] tmdbData received {
  context: [32m'my-movies'[39m,
  tmdbId: [33m1069[39m,
  hasGenreIds: [33mfalse[39m,
  genre_ids: [],
  original_language: [32m'en'[39m
}
[2026-03-19T15:12:29.268Z] [DEBUG] tmdbData received {
  context: [32m'my-movies'[39m,
  tmdbId: [33m1070[39m,
  hasGenreIds: [33mfalse[39m,
  genre_ids: [],
  original_language: [32m'en'[39m
}
[2026-03-19T15:12:29.269Z] [DEBUG] tmdbData received {
  context: [32m'my-movies'[39m,
  tmdbId: [33m1071[39m,
  hasGenreIds: [33mfalse[39m,
  genre_ids: [],
  original_language: [32m'en'[39m
}
[2026-03-19T15:12:29.269Z] [DEBUG] tmdbData received {
  context: [32m'my-movies'[39m,
  tmdbId: [33m1072[39m,
  hasGenreIds: [33mfalse[39m,
  genre_ids: [],
  original_language: [32m'en'[39m
}
[2026-03-19T15:12:29.269Z] [DEBUG] tmdbData received {
  context: [32m'my-movies'[39m,
  tmdbId: [33m1073[39m,
  hasGenreIds: [33mfalse[39m,
  genre_ids: [],
  original_language: [32m'en'[39m
}
[2026-03-19T15:12:29.269Z] [DEBUG] tmdbData received {
  context: [32m'my-movies'[39m,
  tmdbId: [33m1074[39m,
  hasGenreIds: [33mfalse[39m,
  genre_ids: [],
  original_language: [32m'en'[39m
}
[2026-03-19T15:12:29.269Z] [DEBUG] tmdbData received {
  context: [32m'my-movies'[39m,
  tmdbId: [33m1075[39m,
  hasGenreIds: [33mfalse[39m,
  genre_ids: [],
  original_language: [32m'en'[39m
}
[2026-03-19T15:12:29.269Z] [DEBUG] tmdbData received {
  context: [32m'my-movies'[39m,
  tmdbId: [33m1076[39m,
  hasGenreIds: [33mfalse[39m,
  genre_ids: [],
  original_language: [32m'en'[39m
}
[2026-03-19T15:12:29.269Z] [DEBUG] tmdbData received {
  context: [32m'my-movies'[39m,
  tmdbId: [33m1077[39m,
  hasGenreIds: [33mfalse[39m,
  genre_ids: [],
  original_language: [32m'en'[39m
}
[2026-03-19T15:12:29.269Z] [DEBUG] tmdbData received {
  context: [32m'my-movies'[39m,
  tmdbId: [33m1078[39m,
  hasGenreIds: [33mfalse[39m,
  genre_ids: [],
  original_language: [32m'en'[39m
}
[2026-03-19T15:12:29.269Z] [DEBUG] tmdbData received {
  context: [32m'my-movies'[39m,
  tmdbId: [33m1079[39m,
  hasGenreIds: [33mfalse[39m,
  genre_ids: [],
  original_language: [32m'en'[39m
}
[2026-03-19T15:12:29.269Z] [DEBUG] tmdbData received {
  context: [32m'my-movies'[39m,
  tmdbId: [33m1080[39m,
  hasGenreIds: [33mfalse[39m,
  genre_ids: [],
  original_language: [32m'en'[39m
}
[2026-03-19T15:12:29.270Z] [DEBUG] Pagination result {
  context: [32m'my-movies'[39m,
  page: [33m4[39m,
  limit: [33m20[39m,
  hasTMDBFilters: [33mfalse[39m,
  watchListRecordsLength: [33m21[39m,
  sortedMoviesLength: [33m21[39m,
  paginatedMoviesLength: [33m20[39m,
  hasMore: [33mtrue[39m,
  pageStartIndex: [33m60[39m,
  pageEndIndex: [33m80[39m,
  firstMovieId: [33m1060[39m,
  firstMovieRating: [33m7.5[39m
}

[90mstdout[2m | src/lib/__tests__/my-movies-pagination-limit.test.ts[2m > [22m[2mMy Movies Pagination (no TMDB filters)[2m > [22m[2mloads all 150 movies across pages
[22m[39m[2026-03-19T15:12:29.275Z] [DEBUG] Request params {
  context: [32m'my-movies'[39m,
  page: [33m5[39m,
  limit: [33m20[39m,
  typesParam: [1mnull[22m,
  yearFrom: [1mnull[22m,
  yearTo: [1mnull[22m,
  minRating: [33m0[39m,
  maxRating: [33m10[39m,
  genresParam: [32m'no'[39m,
  tagsParam: [32m'no'[39m
}
[2026-03-19T15:12:29.275Z] [DEBUG] Using DB pagination (skip/take) { context: [32m'my-movies'[39m, page: [33m5[39m, limit: [33m20[39m }

[90mstdout[2m | src/lib/__tests__/my-movies-pagination-limit.test.ts[2m > [22m[2mMy Movies Pagination (no TMDB filters)[2m > [22m[2mloads all 150 movies across pages
[22m[39m[TMDB FETCH] id=1080 type=movie {
  title: [32m'Movie 1'[39m,
  genre_ids_length: [33m0[39m,
  genre_ids: [],
  original_language: [32m'en'[39m,
  has_genres: [33mfalse[39m
}
[2026-03-19T15:12:29.277Z] [DEBUG] TMDB fetch successful {
  context: [32m'my-movies'[39m,
  tmdbId: [33m1080[39m,
  genre_ids: [],
  original_language: [32m'en'[39m
}
[TMDB FETCH] id=1081 type=movie {
  title: [32m'Movie 1'[39m,
  genre_ids_length: [33m0[39m,
  genre_ids: [],
  original_language: [32m'en'[39m,
  has_genres: [33mfalse[39m
}
[2026-03-19T15:12:29.277Z] [DEBUG] TMDB fetch successful {
  context: [32m'my-movies'[39m,
  tmdbId: [33m1081[39m,
  genre_ids: [],
  original_language: [32m'en'[39m
}
[TMDB FETCH] id=1082 type=movie {
  title: [32m'Movie 1'[39m,
  genre_ids_length: [33m0[39m,
  genre_ids: [],
  original_language: [32m'en'[39m,
  has_genres: [33mfalse[39m
}
[2026-03-19T15:12:29.277Z] [DEBUG] TMDB fetch successful {
  context: [32m'my-movies'[39m,
  tmdbId: [33m1082[39m,
  genre_ids: [],
  original_language: [32m'en'[39m
}
[TMDB FETCH] id=1083 type=movie {
  title: [32m'Movie 1'[39m,
  genre_ids_length: [33m0[39m,
  genre_ids: [],
  original_language: [32m'en'[39m,
  has_genres: [33mfalse[39m
}
[2026-03-19T15:12:29.277Z] [DEBUG] TMDB fetch successful {
  context: [32m'my-movies'[39m,
  tmdbId: [33m1083[39m,
  genre_ids: [],
  original_language: [32m'en'[39m
}
[TMDB FETCH] id=1084 type=movie {
  title: [32m'Movie 1'[39m,
  genre_ids_length: [33m0[39m,
  genre_ids: [],
  original_language: [32m'en'[39m,
  has_genres: [33mfalse[39m
}
[2026-03-19T15:12:29.277Z] [DEBUG] TMDB fetch successful {
  context: [32m'my-movies'[39m,
  tmdbId: [33m1084[39m,
  genre_ids: [],
  original_language: [32m'en'[39m
}
[TMDB FETCH] id=1085 type=movie {
  title: [32m'Movie 1'[39m,
  genre_ids_length: [33m0[39m,
  genre_ids: [],
  original_language: [32m'en'[39m,
  has_genres: [33mfalse[39m
}
[2026-03-19T15:12:29.277Z] [DEBUG] TMDB fetch successful {
  context: [32m'my-movies'[39m,
  tmdbId: [33m1085[39m,
  genre_ids: [],
  original_language: [32m'en'[39m
}
[TMDB FETCH] id=1086 type=movie {
  title: [32m'Movie 1'[39m,
  genre_ids_length: [33m0[39m,
  genre_ids: [],
  original_language: [32m'en'[39m,
  has_genres: [33mfalse[39m
}
[2026-03-19T15:12:29.278Z] [DEBUG] TMDB fetch successful {
  context: [32m'my-movies'[39m,
  tmdbId: [33m1086[39m,
  genre_ids: [],
  original_language: [32m'en'[39m
}
[TMDB FETCH] id=1087 type=movie {
  title: [32m'Movie 1'[39m,
  genre_ids_length: [33m0[39m,
  genre_ids: [],
  original_language: [32m'en'[39m,
  has_genres: [33mfalse[39m
}
[2026-03-19T15:12:29.278Z] [DEBUG] TMDB fetch successful {
  context: [32m'my-movies'[39m,
  tmdbId: [33m1087[39m,
  genre_ids: [],
  original_language: [32m'en'[39m
}
[TMDB FETCH] id=1088 type=movie {
  title: [32m'Movie 1'[39m,
  genre_ids_length: [33m0[39m,
  genre_ids: [],
  original_language: [32m'en'[39m,
  has_genres: [33mfalse[39m
}
[2026-03-19T15:12:29.278Z] [DEBUG] TMDB fetch successful {
  context: [32m'my-movies'[39m,
  tmdbId: [33m1088[39m,
  genre_ids: [],
  original_language: [32m'en'[39m
}
[TMDB FETCH] id=1089 type=movie {
  title: [32m'Movie 1'[39m,
  genre_ids_length: [33m0[39m,
  genre_ids: [],
  original_language: [32m'en'[39m,
  has_genres: [33mfalse[39m
}
[2026-03-19T15:12:29.278Z] [DEBUG] TMDB fetch successful {
  context: [32m'my-movies'[39m,
  tmdbId: [33m1089[39m,
  genre_ids: [],
  original_language: [32m'en'[39m
}
[TMDB FETCH] id=1090 type=movie {
  title: [32m'Movie 1'[39m,
  genre_ids_length: [33m0[39m,
  genre_ids: [],
  original_language: [32m'en'[39m,
  has_genres: [33mfalse[39m
}
[2026-03-19T15:12:29.278Z] [DEBUG] TMDB fetch successful {
  context: [32m'my-movies'[39m,
  tmdbId: [33m1090[39m,
  genre_ids: [],
  original_language: [32m'en'[39m
}
[TMDB FETCH] id=1091 type=movie {
  title: [32m'Movie 1'[39m,
  genre_ids_length: [33m0[39m,
  genre_ids: [],
  original_language: [32m'en'[39m,
  has_genres: [33mfalse[39m
}
[2026-03-19T15:12:29.278Z] [DEBUG] TMDB fetch successful {
  context: [32m'my-movies'[39m,
  tmdbId: [33m1091[39m,
  genre_ids: [],
  original_language: [32m'en'[39m
}
[TMDB FETCH] id=1092 type=movie {
  title: [32m'Movie 1'[39m,
  genre_ids_length: [33m0[39m,
  genre_ids: [],
  original_language: [32m'en'[39m,
  has_genres: [33mfalse[39m
}
[2026-03-19T15:12:29.279Z] [DEBUG] TMDB fetch successful {
  context: [32m'my-movies'[39m,
  tmdbId: [33m1092[39m,
  genre_ids: [],
  original_language: [32m'en'[39m
}
[TMDB FETCH] id=1093 type=movie {
  title: [32m'Movie 1'[39m,
  genre_ids_length: [33m0[39m,
  genre_ids: [],
  original_language: [32m'en'[39m,
  has_genres: [33mfalse[39m
}
[2026-03-19T15:12:29.279Z] [DEBUG] TMDB fetch successful {
  context: [32m'my-movies'[39m,
  tmdbId: [33m1093[39m,
  genre_ids: [],
  original_language: [32m'en'[39m
}
[TMDB FETCH] id=1094 type=movie {
  title: [32m'Movie 1'[39m,
  genre_ids_length: [33m0[39m,
  genre_ids: [],
  original_language: [32m'en'[39m,
  has_genres: [33mfalse[39m
}
[2026-03-19T15:12:29.279Z] [DEBUG] TMDB fetch successful {
  context: [32m'my-movies'[39m,
  tmdbId: [33m1094[39m,
  genre_ids: [],
  original_language: [32m'en'[39m
}
[TMDB FETCH] id=1095 type=movie {
  title: [32m'Movie 1'[39m,
  genre_ids_length: [33m0[39m,
  genre_ids: [],
  original_language: [32m'en'[39m,
  has_genres: [33mfalse[39m
}
[2026-03-19T15:12:29.279Z] [DEBUG] TMDB fetch successful {
  context: [32m'my-movies'[39m,
  tmdbId: [33m1095[39m,
  genre_ids: [],
  original_language: [32m'en'[39m
}
[TMDB FETCH] id=1096 type=movie {
  title: [32m'Movie 1'[39m,
  genre_ids_length: [33m0[39m,
  genre_ids: [],
  original_language: [32m'en'[39m,
  has_genres: [33mfalse[39m
}
[2026-03-19T15:12:29.279Z] [DEBUG] TMDB fetch successful {
  context: [32m'my-movies'[39m,
  tmdbId: [33m1096[39m,
  genre_ids: [],
  original_language: [32m'en'[39m
}
[TMDB FETCH] id=1097 type=movie {
  title: [32m'Movie 1'[39m,
  genre_ids_length: [33m0[39m,
  genre_ids: [],
  original_language: [32m'en'[39m,
  has_genres: [33mfalse[39m
}
[2026-03-19T15:12:29.279Z] [DEBUG] TMDB fetch successful {
  context: [32m'my-movies'[39m,
  tmdbId: [33m1097[39m,
  genre_ids: [],
  original_language: [32m'en'[39m
}
[TMDB FETCH] id=1098 type=movie {
  title: [32m'Movie 1'[39m,
  genre_ids_length: [33m0[39m,
  genre_ids: [],
  original_language: [32m'en'[39m,
  has_genres: [33mfalse[39m
}
[2026-03-19T15:12:29.279Z] [DEBUG] TMDB fetch successful {
  context: [32m'my-movies'[39m,
  tmdbId: [33m1098[39m,
  genre_ids: [],
  original_language: [32m'en'[39m
}
[TMDB FETCH] id=1099 type=movie {
  title: [32m'Movie 1'[39m,
  genre_ids_length: [33m0[39m,
  genre_ids: [],
  original_language: [32m'en'[39m,
  has_genres: [33mfalse[39m
}
[2026-03-19T15:12:29.280Z] [DEBUG] TMDB fetch successful {
  context: [32m'my-movies'[39m,
  tmdbId: [33m1099[39m,
  genre_ids: [],
  original_language: [32m'en'[39m
}
[TMDB FETCH] id=1100 type=movie {
  title: [32m'Movie 1'[39m,
  genre_ids_length: [33m0[39m,
  genre_ids: [],
  original_language: [32m'en'[39m,
  has_genres: [33mfalse[39m
}
[2026-03-19T15:12:29.280Z] [DEBUG] TMDB fetch successful {
  context: [32m'my-movies'[39m,
  tmdbId: [33m1100[39m,
  genre_ids: [],
  original_language: [32m'en'[39m
}

[90mstdout[2m | src/lib/__tests__/my-movies-pagination-limit.test.ts[2m > [22m[2mMy Movies Pagination (no TMDB filters)[2m > [22m[2mloads all 150 movies across pages
[22m[39m[2026-03-19T15:12:29.283Z] [DEBUG] Before filter { context: [32m'my-movies'[39m, count: [33m21[39m }
[2026-03-19T15:12:29.284Z] [DEBUG] After filter { context: [32m'my-movies'[39m, count: [33m21[39m }
[2026-03-19T15:12:29.284Z] [DEBUG] tmdbData received {
  context: [32m'my-movies'[39m,
  tmdbId: [33m1080[39m,
  hasGenreIds: [33mfalse[39m,
  genre_ids: [],
  original_language: [32m'en'[39m
}
[2026-03-19T15:12:29.284Z] [DEBUG] tmdbData received {
  context: [32m'my-movies'[39m,
  tmdbId: [33m1081[39m,
  hasGenreIds: [33mfalse[39m,
  genre_ids: [],
  original_language: [32m'en'[39m
}
[2026-03-19T15:12:29.284Z] [DEBUG] tmdbData received {
  context: [32m'my-movies'[39m,
  tmdbId: [33m1082[39m,
  hasGenreIds: [33mfalse[39m,
  genre_ids: [],
  original_language: [32m'en'[39m
}
[2026-03-19T15:12:29.284Z] [DEBUG] tmdbData received {
  context: [32m'my-movies'[39m,
  tmdbId: [33m1083[39m,
  hasGenreIds: [33mfalse[39m,
  genre_ids: [],
  original_language: [32m'en'[39m
}
[2026-03-19T15:12:29.284Z] [DEBUG] tmdbData received {
  context: [32m'my-movies'[39m,
  tmdbId: [33m1084[39m,
  hasGenreIds: [33mfalse[39m,
  genre_ids: [],
  original_language: [32m'en'[39m
}
[2026-03-19T15:12:29.285Z] [DEBUG] tmdbData received {
  context: [32m'my-movies'[39m,
  tmdbId: [33m1085[39m,
  hasGenreIds: [33mfalse[39m,
  genre_ids: [],
  original_language: [32m'en'[39m
}
[2026-03-19T15:12:29.285Z] [DEBUG] tmdbData received {
  context: [32m'my-movies'[39m,
  tmdbId: [33m1086[39m,
  hasGenreIds: [33mfalse[39m,
  genre_ids: [],
  original_language: [32m'en'[39m
}
[2026-03-19T15:12:29.285Z] [DEBUG] tmdbData received {
  context: [32m'my-movies'[39m,
  tmdbId: [33m1087[39m,
  hasGenreIds: [33mfalse[39m,
  genre_ids: [],
  original_language: [32m'en'[39m
}
[2026-03-19T15:12:29.286Z] [DEBUG] tmdbData received {
  context: [32m'my-movies'[39m,
  tmdbId: [33m1088[39m,
  hasGenreIds: [33mfalse[39m,
  genre_ids: [],
  original_language: [32m'en'[39m
}
[2026-03-19T15:12:29.286Z] [DEBUG] tmdbData received {
  context: [32m'my-movies'[39m,
  tmdbId: [33m1089[39m,
  hasGenreIds: [33mfalse[39m,
  genre_ids: [],
  original_language: [32m'en'[39m
}
[2026-03-19T15:12:29.286Z] [DEBUG] tmdbData received {
  context: [32m'my-movies'[39m,
  tmdbId: [33m1090[39m,
  hasGenreIds: [33mfalse[39m,
  genre_ids: [],
  original_language: [32m'en'[39m
}
[2026-03-19T15:12:29.286Z] [DEBUG] tmdbData received {
  context: [32m'my-movies'[39m,
  tmdbId: [33m1091[39m,
  hasGenreIds: [33mfalse[39m,
  genre_ids: [],
  original_language: [32m'en'[39m
}
[2026-03-19T15:12:29.286Z] [DEBUG] tmdbData received {
  context: [32m'my-movies'[39m,
  tmdbId: [33m1092[39m,
  hasGenreIds: [33mfalse[39m,
  genre_ids: [],
  original_language: [32m'en'[39m
}
[2026-03-19T15:12:29.286Z] [DEBUG] tmdbData received {
  context: [32m'my-movies'[39m,
  tmdbId: [33m1093[39m,
  hasGenreIds: [33mfalse[39m,
  genre_ids: [],
  original_language: [32m'en'[39m
}
[2026-03-19T15:12:29.286Z] [DEBUG] tmdbData received {
  context: [32m'my-movies'[39m,
  tmdbId: [33m1094[39m,
  hasGenreIds: [33mfalse[39m,
  genre_ids: [],
  original_language: [32m'en'[39m
}
[2026-03-19T15:12:29.286Z] [DEBUG] tmdbData received {
  context: [32m'my-movies'[39m,
  tmdbId: [33m1095[39m,
  hasGenreIds: [33mfalse[39m,
  genre_ids: [],
  original_language: [32m'en'[39m
}
[2026-03-19T15:12:29.286Z] [DEBUG] tmdbData received {
  context: [32m'my-movies'[39m,
  tmdbId: [33m1096[39m,
  hasGenreIds: [33mfalse[39m,
  genre_ids: [],
  original_language: [32m'en'[39m
}
[2026-03-19T15:12:29.286Z] [DEBUG] tmdbData received {
  context: [32m'my-movies'[39m,
  tmdbId: [33m1097[39m,
  hasGenreIds: [33mfalse[39m,
  genre_ids: [],
  original_language: [32m'en'[39m
}
[2026-03-19T15:12:29.286Z] [DEBUG] tmdbData received {
  context: [32m'my-movies'[39m,
  tmdbId: [33m1098[39m,
  hasGenreIds: [33mfalse[39m,
  genre_ids: [],
  original_language: [32m'en'[39m
}
[2026-03-19T15:12:29.287Z] [DEBUG] tmdbData received {
  context: [32m'my-movies'[39m,
  tmdbId: [33m1099[39m,
  hasGenreIds: [33mfalse[39m,
  genre_ids: [],
  original_language: [32m'en'[39m
}
[2026-03-19T15:12:29.287Z] [DEBUG] tmdbData received {
  context: [32m'my-movies'[39m,
  tmdbId: [33m1100[39m,
  hasGenreIds: [33mfalse[39m,
  genre_ids: [],
  original_language: [32m'en'[39m
}
[2026-03-19T15:12:29.287Z] [DEBUG] Pagination result {
  context: [32m'my-movies'[39m,
  page: [33m5[39m,
  limit: [33m20[39m,
  hasTMDBFilters: [33mfalse[39m,
  watchListRecordsLength: [33m21[39m,
  sortedMoviesLength: [33m21[39m,
  paginatedMoviesLength: [33m20[39m,
  hasMore: [33mtrue[39m,
  pageStartIndex: [33m80[39m,
  pageEndIndex: [33m100[39m,
  firstMovieId: [33m1080[39m,
  firstMovieRating: [33m7.5[39m
}

[90mstdout[2m | src/lib/__tests__/my-movies-pagination-limit.test.ts[2m > [22m[2mMy Movies Pagination (no TMDB filters)[2m > [22m[2mloads all 150 movies across pages
[22m[39m[2026-03-19T15:12:29.291Z] [DEBUG] Request params {
  context: [32m'my-movies'[39m,
  page: [33m6[39m,
  limit: [33m20[39m,
  typesParam: [1mnull[22m,
  yearFrom: [1mnull[22m,
  yearTo: [1mnull[22m,
  minRating: [33m0[39m,
  maxRating: [33m10[39m,
  genresParam: [32m'no'[39m,
  tagsParam: [32m'no'[39m
}
[2026-03-19T15:12:29.291Z] [DEBUG] Using DB pagination (skip/take) { context: [32m'my-movies'[39m, page: [33m6[39m, limit: [33m20[39m }

[90mstdout[2m | src/lib/__tests__/my-movies-pagination-limit.test.ts[2m > [22m[2mMy Movies Pagination (no TMDB filters)[2m > [22m[2mloads all 150 movies across pages
[22m[39m[TMDB FETCH] id=1100 type=movie {
  title: [32m'Movie 1'[39m,
  genre_ids_length: [33m0[39m,
  genre_ids: [],
  original_language: [32m'en'[39m,
  has_genres: [33mfalse[39m
}
[2026-03-19T15:12:29.292Z] [DEBUG] TMDB fetch successful {
  context: [32m'my-movies'[39m,
  tmdbId: [33m1100[39m,
  genre_ids: [],
  original_language: [32m'en'[39m
}
[TMDB FETCH] id=1101 type=movie {
  title: [32m'Movie 1'[39m,
  genre_ids_length: [33m0[39m,
  genre_ids: [],
  original_language: [32m'en'[39m,
  has_genres: [33mfalse[39m
}
[2026-03-19T15:12:29.292Z] [DEBUG] TMDB fetch successful {
  context: [32m'my-movies'[39m,
  tmdbId: [33m1101[39m,
  genre_ids: [],
  original_language: [32m'en'[39m
}
[TMDB FETCH] id=1102 type=movie {
  title: [32m'Movie 1'[39m,
  genre_ids_length: [33m0[39m,
  genre_ids: [],
  original_language: [32m'en'[39m,
  has_genres: [33mfalse[39m
}
[2026-03-19T15:12:29.292Z] [DEBUG] TMDB fetch successful {
  context: [32m'my-movies'[39m,
  tmdbId: [33m1102[39m,
  genre_ids: [],
  original_language: [32m'en'[39m
}
[TMDB FETCH] id=1103 type=movie {
  title: [32m'Movie 1'[39m,
  genre_ids_length: [33m0[39m,
  genre_ids: [],
  original_language: [32m'en'[39m,
  has_genres: [33mfalse[39m
}
[2026-03-19T15:12:29.292Z] [DEBUG] TMDB fetch successful {
  context: [32m'my-movies'[39m,
  tmdbId: [33m1103[39m,
  genre_ids: [],
  original_language: [32m'en'[39m
}
[TMDB FETCH] id=1104 type=movie {
  title: [32m'Movie 1'[39m,
  genre_ids_length: [33m0[39m,
  genre_ids: [],
  original_language: [32m'en'[39m,
  has_genres: [33mfalse[39m
}
[2026-03-19T15:12:29.293Z] [DEBUG] TMDB fetch successful {
  context: [32m'my-movies'[39m,
  tmdbId: [33m1104[39m,
  genre_ids: [],
  original_language: [32m'en'[39m
}
[TMDB FETCH] id=1105 type=movie {
  title: [32m'Movie 1'[39m,
  genre_ids_length: [33m0[39m,
  genre_ids: [],
  original_language: [32m'en'[39m,
  has_genres: [33mfalse[39m
}
[2026-03-19T15:12:29.293Z] [DEBUG] TMDB fetch successful {
  context: [32m'my-movies'[39m,
  tmdbId: [33m1105[39m,
  genre_ids: [],
  original_language: [32m'en'[39m
}
[TMDB FETCH] id=1106 type=movie {
  title: [32m'Movie 1'[39m,
  genre_ids_length: [33m0[39m,
  genre_ids: [],
  original_language: [32m'en'[39m,
  has_genres: [33mfalse[39m
}
[2026-03-19T15:12:29.293Z] [DEBUG] TMDB fetch successful {
  context: [32m'my-movies'[39m,
  tmdbId: [33m1106[39m,
  genre_ids: [],
  original_language: [32m'en'[39m
}
[TMDB FETCH] id=1107 type=movie {
  title: [32m'Movie 1'[39m,
  genre_ids_length: [33m0[39m,
  genre_ids: [],
  original_language: [32m'en'[39m,
  has_genres: [33mfalse[39m
}
[2026-03-19T15:12:29.293Z] [DEBUG] TMDB fetch successful {
  context: [32m'my-movies'[39m,
  tmdbId: [33m1107[39m,
  genre_ids: [],
  original_language: [32m'en'[39m
}
[TMDB FETCH] id=1108 type=movie {
  title: [32m'Movie 1'[39m,
  genre_ids_length: [33m0[39m,
  genre_ids: [],
  original_language: [32m'en'[39m,
  has_genres: [33mfalse[39m
}
[2026-03-19T15:12:29.293Z] [DEBUG] TMDB fetch successful {
  context: [32m'my-movies'[39m,
  tmdbId: [33m1108[39m,
  genre_ids: [],
  original_language: [32m'en'[39m
}
[TMDB FETCH] id=1109 type=movie {
  title: [32m'Movie 1'[39m,
  genre_ids_length: [33m0[39m,
  genre_ids: [],
  original_language: [32m'en'[39m,
  has_genres: [33mfalse[39m
}
[2026-03-19T15:12:29.293Z] [DEBUG] TMDB fetch successful {
  context: [32m'my-movies'[39m,
  tmdbId: [33m1109[39m,
  genre_ids: [],
  original_language: [32m'en'[39m
}
[TMDB FETCH] id=1110 type=movie {
  title: [32m'Movie 1'[39m,
  genre_ids_length: [33m0[39m,
  genre_ids: [],
  original_language: [32m'en'[39m,
  has_genres: [33mfalse[39m
}
[2026-03-19T15:12:29.293Z] [DEBUG] TMDB fetch successful {
  context: [32m'my-movies'[39m,
  tmdbId: [33m1110[39m,
  genre_ids: [],
  original_language: [32m'en'[39m
}
[TMDB FETCH] id=1111 type=movie {
  title: [32m'Movie 1'[39m,
  genre_ids_length: [33m0[39m,
  genre_ids: [],
  original_language: [32m'en'[39m,
  has_genres: [33mfalse[39m
}
[2026-03-19T15:12:29.293Z] [DEBUG] TMDB fetch successful {
  context: [32m'my-movies'[39m,
  tmdbId: [33m1111[39m,
  genre_ids: [],
  original_language: [32m'en'[39m
}
[TMDB FETCH] id=1112 type=movie {
  title: [32m'Movie 1'[39m,
  genre_ids_length: [33m0[39m,
  genre_ids: [],
  original_language: [32m'en'[39m,
  has_genres: [33mfalse[39m
}
[2026-03-19T15:12:29.294Z] [DEBUG] TMDB fetch successful {
  context: [32m'my-movies'[39m,
  tmdbId: [33m1112[39m,
  genre_ids: [],
  original_language: [32m'en'[39m
}
[TMDB FETCH] id=1113 type=movie {
  title: [32m'Movie 1'[39m,
  genre_ids_length: [33m0[39m,
  genre_ids: [],
  original_language: [32m'en'[39m,
  has_genres: [33mfalse[39m
}
[2026-03-19T15:12:29.294Z] [DEBUG] TMDB fetch successful {
  context: [32m'my-movies'[39m,
  tmdbId: [33m1113[39m,
  genre_ids: [],
  original_language: [32m'en'[39m
}
[TMDB FETCH] id=1114 type=movie {
  title: [32m'Movie 1'[39m,
  genre_ids_length: [33m0[39m,
  genre_ids: [],
  original_language: [32m'en'[39m,
  has_genres: [33mfalse[39m
}
[2026-03-19T15:12:29.294Z] [DEBUG] TMDB fetch successful {
  context: [32m'my-movies'[39m,
  tmdbId: [33m1114[39m,
  genre_ids: [],
  original_language: [32m'en'[39m
}
[TMDB FETCH] id=1115 type=movie {
  title: [32m'Movie 1'[39m,
  genre_ids_length: [33m0[39m,
  genre_ids: [],
  original_language: [32m'en'[39m,
  has_genres: [33mfalse[39m
}
[2026-03-19T15:12:29.294Z] [DEBUG] TMDB fetch successful {
  context: [32m'my-movies'[39m,
  tmdbId: [33m1115[39m,
  genre_ids: [],
  original_language: [32m'en'[39m
}
[TMDB FETCH] id=1116 type=movie {
  title: [32m'Movie 1'[39m,
  genre_ids_length: [33m0[39m,
  genre_ids: [],
  original_language: [32m'en'[39m,
  has_genres: [33mfalse[39m
}
[2026-03-19T15:12:29.294Z] [DEBUG] TMDB fetch successful {
  context: [32m'my-movies'[39m,
  tmdbId: [33m1116[39m,
  genre_ids: [],
  original_language: [32m'en'[39m
}
[TMDB FETCH] id=1117 type=movie {
  title: [32m'Movie 1'[39m,
  genre_ids_length: [33m0[39m,
  genre_ids: [],
  original_language: [32m'en'[39m,
  has_genres: [33mfalse[39m
}
[2026-03-19T15:12:29.294Z] [DEBUG] TMDB fetch successful {
  context: [32m'my-movies'[39m,
  tmdbId: [33m1117[39m,
  genre_ids: [],
  original_language: [32m'en'[39m
}
[TMDB FETCH] id=1118 type=movie {
  title: [32m'Movie 1'[39m,
  genre_ids_length: [33m0[39m,
  genre_ids: [],
  original_language: [32m'en'[39m,
  has_genres: [33mfalse[39m
}
[2026-03-19T15:12:29.294Z] [DEBUG] TMDB fetch successful {
  context: [32m'my-movies'[39m,
  tmdbId: [33m1118[39m,
  genre_ids: [],
  original_language: [32m'en'[39m
}
[TMDB FETCH] id=1119 type=movie {
  title: [32m'Movie 1'[39m,
  genre_ids_length: [33m0[39m,
  genre_ids: [],
  original_language: [32m'en'[39m,
  has_genres: [33mfalse[39m
}
[2026-03-19T15:12:29.295Z] [DEBUG] TMDB fetch successful {
  context: [32m'my-movies'[39m,
  tmdbId: [33m1119[39m,
  genre_ids: [],
  original_language: [32m'en'[39m
}
[TMDB FETCH] id=1120 type=movie {
  title: [32m'Movie 1'[39m,
  genre_ids_length: [33m0[39m,
  genre_ids: [],
  original_language: [32m'en'[39m,
  has_genres: [33mfalse[39m
}
[2026-03-19T15:12:29.295Z] [DEBUG] TMDB fetch successful {
  context: [32m'my-movies'[39m,
  tmdbId: [33m1120[39m,
  genre_ids: [],
  original_language: [32m'en'[39m
}

[90mstdout[2m | src/lib/__tests__/my-movies-pagination-limit.test.ts[2m > [22m[2mMy Movies Pagination (no TMDB filters)[2m > [22m[2mloads all 150 movies across pages
[22m[39m[2026-03-19T15:12:29.295Z] [DEBUG] Before filter { context: [32m'my-movies'[39m, count: [33m21[39m }
[2026-03-19T15:12:29.296Z] [DEBUG] After filter { context: [32m'my-movies'[39m, count: [33m21[39m }
[2026-03-19T15:12:29.296Z] [DEBUG] tmdbData received {
  context: [32m'my-movies'[39m,
  tmdbId: [33m1100[39m,
  hasGenreIds: [33mfalse[39m,
  genre_ids: [],
  original_language: [32m'en'[39m
}
[2026-03-19T15:12:29.296Z] [DEBUG] tmdbData received {
  context: [32m'my-movies'[39m,
  tmdbId: [33m1101[39m,
  hasGenreIds: [33mfalse[39m,
  genre_ids: [],
  original_language: [32m'en'[39m
}
[2026-03-19T15:12:29.296Z] [DEBUG] tmdbData received {
  context: [32m'my-movies'[39m,
  tmdbId: [33m1102[39m,
  hasGenreIds: [33mfalse[39m,
  genre_ids: [],
  original_language: [32m'en'[39m
}
[2026-03-19T15:12:29.296Z] [DEBUG] tmdbData received {
  context: [32m'my-movies'[39m,
  tmdbId: [33m1103[39m,
  hasGenreIds: [33mfalse[39m,
  genre_ids: [],
  original_language: [32m'en'[39m
}
[2026-03-19T15:12:29.296Z] [DEBUG] tmdbData received {
  context: [32m'my-movies'[39m,
  tmdbId: [33m1104[39m,
  hasGenreIds: [33mfalse[39m,
  genre_ids: [],
  original_language: [32m'en'[39m
}
[2026-03-19T15:12:29.296Z] [DEBUG] tmdbData received {
  context: [32m'my-movies'[39m,
  tmdbId: [33m1105[39m,
  hasGenreIds: [33mfalse[39m,
  genre_ids: [],
  original_language: [32m'en'[39m
}
[2026-03-19T15:12:29.296Z] [DEBUG] tmdbData received {
  context: [32m'my-movies'[39m,
  tmdbId: [33m1106[39m,
  hasGenreIds: [33mfalse[39m,
  genre_ids: [],
  original_language: [32m'en'[39m
}
[2026-03-19T15:12:29.297Z] [DEBUG] tmdbData received {
  context: [32m'my-movies'[39m,
  tmdbId: [33m1107[39m,
  hasGenreIds: [33mfalse[39m,
  genre_ids: [],
  original_language: [32m'en'[39m
}
[2026-03-19T15:12:29.297Z] [DEBUG] tmdbData received {
  context: [32m'my-movies'[39m,
  tmdbId: [33m1108[39m,
  hasGenreIds: [33mfalse[39m,
  genre_ids: [],
  original_language: [32m'en'[39m
}
[2026-03-19T15:12:29.297Z] [DEBUG] tmdbData received {
  context: [32m'my-movies'[39m,
  tmdbId: [33m1109[39m,
  hasGenreIds: [33mfalse[39m,
  genre_ids: [],
  original_language: [32m'en'[39m
}
[2026-03-19T15:12:29.297Z] [DEBUG] tmdbData received {
  context: [32m'my-movies'[39m,
  tmdbId: [33m1110[39m,
  hasGenreIds: [33mfalse[39m,
  genre_ids: [],
  original_language: [32m'en'[39m
}
[2026-03-19T15:12:29.297Z] [DEBUG] tmdbData received {
  context: [32m'my-movies'[39m,
  tmdbId: [33m1111[39m,
  hasGenreIds: [33mfalse[39m,
  genre_ids: [],
  original_language: [32m'en'[39m
}
[2026-03-19T15:12:29.297Z] [DEBUG] tmdbData received {
  context: [32m'my-movies'[39m,
  tmdbId: [33m1112[39m,
  hasGenreIds: [33mfalse[39m,
  genre_ids: [],
  original_language: [32m'en'[39m
}
[2026-03-19T15:12:29.297Z] [DEBUG] tmdbData received {
  context: [32m'my-movies'[39m,
  tmdbId: [33m1113[39m,
  hasGenreIds: [33mfalse[39m,
  genre_ids: [],
  original_language: [32m'en'[39m
}
[2026-03-19T15:12:29.297Z] [DEBUG] tmdbData received {
  context: [32m'my-movies'[39m,
  tmdbId: [33m1114[39m,
  hasGenreIds: [33mfalse[39m,
  genre_ids: [],
  original_language: [32m'en'[39m
}
[2026-03-19T15:12:29.297Z] [DEBUG] tmdbData received {
  context: [32m'my-movies'[39m,
  tmdbId: [33m1115[39m,
  hasGenreIds: [33mfalse[39m,
  genre_ids: [],
  original_language: [32m'en'[39m
}
[2026-03-19T15:12:29.298Z] [DEBUG] tmdbData received {
  context: [32m'my-movies'[39m,
  tmdbId: [33m1116[39m,
  hasGenreIds: [33mfalse[39m,
  genre_ids: [],
  original_language: [32m'en'[39m
}
[2026-03-19T15:12:29.298Z] [DEBUG] tmdbData received {
  context: [32m'my-movies'[39m,
  tmdbId: [33m1117[39m,
  hasGenreIds: [33mfalse[39m,
  genre_ids: [],
  original_language: [32m'en'[39m
}
[2026-03-19T15:12:29.299Z] [DEBUG] tmdbData received {
  context: [32m'my-movies'[39m,
  tmdbId: [33m1118[39m,
  hasGenreIds: [33mfalse[39m,
  genre_ids: [],
  original_language: [32m'en'[39m
}
[2026-03-19T15:12:29.300Z] [DEBUG] tmdbData received {
  context: [32m'my-movies'[39m,
  tmdbId: [33m1119[39m,
  hasGenreIds: [33mfalse[39m,
  genre_ids: [],
  original_language: [32m'en'[39m
}
[2026-03-19T15:12:29.300Z] [DEBUG] tmdbData received {
  context: [32m'my-movies'[39m,
  tmdbId: [33m1120[39m,
  hasGenreIds: [33mfalse[39m,
  genre_ids: [],
  original_language: [32m'en'[39m
}
[2026-03-19T15:12:29.300Z] [DEBUG] Pagination result {
  context: [32m'my-movies'[39m,
  page: [33m6[39m,
  limit: [33m20[39m,
  hasTMDBFilters: [33mfalse[39m,
  watchListRecordsLength: [33m21[39m,
  sortedMoviesLength: [33m21[39m,
  paginatedMoviesLength: [33m20[39m,
  hasMore: [33mtrue[39m,
  pageStartIndex: [33m100[39m,
  pageEndIndex: [33m120[39m,
  firstMovieId: [33m1100[39m,
  firstMovieRating: [33m7.5[39m
}

[90mstdout[2m | src/lib/__tests__/my-movies-pagination-limit.test.ts[2m > [22m[2mMy Movies Pagination (no TMDB filters)[2m > [22m[2mloads all 150 movies across pages
[22m[39m[2026-03-19T15:12:29.304Z] [DEBUG] Request params {
  context: [32m'my-movies'[39m,
  page: [33m7[39m,
  limit: [33m20[39m,
  typesParam: [1mnull[22m,
  yearFrom: [1mnull[22m,
  yearTo: [1mnull[22m,
  minRating: [33m0[39m,
  maxRating: [33m10[39m,
  genresParam: [32m'no'[39m,
  tagsParam: [32m'no'[39m
}
[2026-03-19T15:12:29.304Z] [DEBUG] Using DB pagination (skip/take) { context: [32m'my-movies'[39m, page: [33m7[39m, limit: [33m20[39m }

[90mstdout[2m | src/lib/__tests__/my-movies-pagination-limit.test.ts[2m > [22m[2mMy Movies Pagination (no TMDB filters)[2m > [22m[2mloads all 150 movies across pages
[22m[39m[TMDB FETCH] id=1120 type=movie {
  title: [32m'Movie 1'[39m,
  genre_ids_length: [33m0[39m,
  genre_ids: [],
  original_language: [32m'en'[39m,
  has_genres: [33mfalse[39m
}
[2026-03-19T15:12:29.305Z] [DEBUG] TMDB fetch successful {
  context: [32m'my-movies'[39m,
  tmdbId: [33m1120[39m,
  genre_ids: [],
  original_language: [32m'en'[39m
}
[TMDB FETCH] id=1121 type=movie {
  title: [32m'Movie 1'[39m,
  genre_ids_length: [33m0[39m,
  genre_ids: [],
  original_language: [32m'en'[39m,
  has_genres: [33mfalse[39m
}
[2026-03-19T15:12:29.305Z] [DEBUG] TMDB fetch successful {
  context: [32m'my-movies'[39m,
  tmdbId: [33m1121[39m,
  genre_ids: [],
  original_language: [32m'en'[39m
}
[TMDB FETCH] id=1122 type=movie {
  title: [32m'Movie 1'[39m,
  genre_ids_length: [33m0[39m,
  genre_ids: [],
  original_language: [32m'en'[39m,
  has_genres: [33mfalse[39m
}
[2026-03-19T15:12:29.306Z] [DEBUG] TMDB fetch successful {
  context: [32m'my-movies'[39m,
  tmdbId: [33m1122[39m,
  genre_ids: [],
  original_language: [32m'en'[39m
}
[TMDB FETCH] id=1123 type=movie {
  title: [32m'Movie 1'[39m,
  genre_ids_length: [33m0[39m,
  genre_ids: [],
  original_language: [32m'en'[39m,
  has_genres: [33mfalse[39m
}
[2026-03-19T15:12:29.306Z] [DEBUG] TMDB fetch successful {
  context: [32m'my-movies'[39m,
  tmdbId: [33m1123[39m,
  genre_ids: [],
  original_language: [32m'en'[39m
}
[TMDB FETCH] id=1124 type=movie {
  title: [32m'Movie 1'[39m,
  genre_ids_length: [33m0[39m,
  genre_ids: [],
  original_language: [32m'en'[39m,
  has_genres: [33mfalse[39m
}
[2026-03-19T15:12:29.306Z] [DEBUG] TMDB fetch successful {
  context: [32m'my-movies'[39m,
  tmdbId: [33m1124[39m,
  genre_ids: [],
  original_language: [32m'en'[39m
}
[TMDB FETCH] id=1125 type=movie {
  title: [32m'Movie 1'[39m,
  genre_ids_length: [33m0[39m,
  genre_ids: [],
  original_language: [32m'en'[39m,
  has_genres: [33mfalse[39m
}
[2026-03-19T15:12:29.306Z] [DEBUG] TMDB fetch successful {
  context: [32m'my-movies'[39m,
  tmdbId: [33m1125[39m,
  genre_ids: [],
  original_language: [32m'en'[39m
}
[TMDB FETCH] id=1126 type=movie {
  title: [32m'Movie 1'[39m,
  genre_ids_length: [33m0[39m,
  genre_ids: [],
  original_language: [32m'en'[39m,
  has_genres: [33mfalse[39m
}
[2026-03-19T15:12:29.306Z] [DEBUG] TMDB fetch successful {
  context: [32m'my-movies'[39m,
  tmdbId: [33m1126[39m,
  genre_ids: [],
  original_language: [32m'en'[39m
}
[TMDB FETCH] id=1127 type=movie {
  title: [32m'Movie 1'[39m,
  genre_ids_length: [33m0[39m,
  genre_ids: [],
  original_language: [32m'en'[39m,
  has_genres: [33mfalse[39m
}
[2026-03-19T15:12:29.306Z] [DEBUG] TMDB fetch successful {
  context: [32m'my-movies'[39m,
  tmdbId: [33m1127[39m,
  genre_ids: [],
  original_language: [32m'en'[39m
}
[TMDB FETCH] id=1128 type=movie {
  title: [32m'Movie 1'[39m,
  genre_ids_length: [33m0[39m,
  genre_ids: [],
  original_language: [32m'en'[39m,
  has_genres: [33mfalse[39m
}
[2026-03-19T15:12:29.306Z] [DEBUG] TMDB fetch successful {
  context: [32m'my-movies'[39m,
  tmdbId: [33m1128[39m,
  genre_ids: [],
  original_language: [32m'en'[39m
}
[TMDB FETCH] id=1129 type=movie {
  title: [32m'Movie 1'[39m,
  genre_ids_length: [33m0[39m,
  genre_ids: [],
  original_language: [32m'en'[39m,
  has_genres: [33mfalse[39m
}
[2026-03-19T15:12:29.307Z] [DEBUG] TMDB fetch successful {
  context: [32m'my-movies'[39m,
  tmdbId: [33m1129[39m,
  genre_ids: [],
  original_language: [32m'en'[39m
}
[TMDB FETCH] id=1130 type=movie {
  title: [32m'Movie 1'[39m,
  genre_ids_length: [33m0[39m,
  genre_ids: [],
  original_language: [32m'en'[39m,
  has_genres: [33mfalse[39m
}
[2026-03-19T15:12:29.307Z] [DEBUG] TMDB fetch successful {
  context: [32m'my-movies'[39m,
  tmdbId: [33m1130[39m,
  genre_ids: [],
  original_language: [32m'en'[39m
}
[TMDB FETCH] id=1131 type=movie {
  title: [32m'Movie 1'[39m,
  genre_ids_length: [33m0[39m,
  genre_ids: [],
  original_language: [32m'en'[39m,
  has_genres: [33mfalse[39m
}
[2026-03-19T15:12:29.307Z] [DEBUG] TMDB fetch successful {
  context: [32m'my-movies'[39m,
  tmdbId: [33m1131[39m,
  genre_ids: [],
  original_language: [32m'en'[39m
}
[TMDB FETCH] id=1132 type=movie {
  title: [32m'Movie 1'[39m,
  genre_ids_length: [33m0[39m,
  genre_ids: [],
  original_language: [32m'en'[39m,
  has_genres: [33mfalse[39m
}
[2026-03-19T15:12:29.307Z] [DEBUG] TMDB fetch successful {
  context: [32m'my-movies'[39m,
  tmdbId: [33m1132[39m,
  genre_ids: [],
  original_language: [32m'en'[39m
}
[TMDB FETCH] id=1133 type=movie {
  title: [32m'Movie 1'[39m,
  genre_ids_length: [33m0[39m,
  genre_ids: [],
  original_language: [32m'en'[39m,
  has_genres: [33mfalse[39m
}
[2026-03-19T15:12:29.307Z] [DEBUG] TMDB fetch successful {
  context: [32m'my-movies'[39m,
  tmdbId: [33m1133[39m,
  genre_ids: [],
  original_language: [32m'en'[39m
}
[TMDB FETCH] id=1134 type=movie {
  title: [32m'Movie 1'[39m,
  genre_ids_length: [33m0[39m,
  genre_ids: [],
  original_language: [32m'en'[39m,
  has_genres: [33mfalse[39m
}
[2026-03-19T15:12:29.307Z] [DEBUG] TMDB fetch successful {
  context: [32m'my-movies'[39m,
  tmdbId: [33m1134[39m,
  genre_ids: [],
  original_language: [32m'en'[39m
}
[TMDB FETCH] id=1135 type=movie {
  title: [32m'Movie 1'[39m,
  genre_ids_length: [33m0[39m,
  genre_ids: [],
  original_language: [32m'en'[39m,
  has_genres: [33mfalse[39m
}
[2026-03-19T15:12:29.308Z] [DEBUG] TMDB fetch successful {
  context: [32m'my-movies'[39m,
  tmdbId: [33m1135[39m,
  genre_ids: [],
  original_language: [32m'en'[39m
}
[TMDB FETCH] id=1136 type=movie {
  title: [32m'Movie 1'[39m,
  genre_ids_length: [33m0[39m,
  genre_ids: [],
  original_language: [32m'en'[39m,
  has_genres: [33mfalse[39m
}
[2026-03-19T15:12:29.308Z] [DEBUG] TMDB fetch successful {
  context: [32m'my-movies'[39m,
  tmdbId: [33m1136[39m,
  genre_ids: [],
  original_language: [32m'en'[39m
}
[TMDB FETCH] id=1137 type=movie {
  title: [32m'Movie 1'[39m,
  genre_ids_length: [33m0[39m,
  genre_ids: [],
  original_language: [32m'en'[39m,
  has_genres: [33mfalse[39m
}
[2026-03-19T15:12:29.308Z] [DEBUG] TMDB fetch successful {
  context: [32m'my-movies'[39m,
  tmdbId: [33m1137[39m,
  genre_ids: [],
  original_language: [32m'en'[39m
}
[TMDB FETCH] id=1138 type=movie {
  title: [32m'Movie 1'[39m,
  genre_ids_length: [33m0[39m,
  genre_ids: [],
  original_language: [32m'en'[39m,
  has_genres: [33mfalse[39m
}
[2026-03-19T15:12:29.308Z] [DEBUG] TMDB fetch successful {
  context: [32m'my-movies'[39m,
  tmdbId: [33m1138[39m,
  genre_ids: [],
  original_language: [32m'en'[39m
}
[TMDB FETCH] id=1139 type=movie {
  title: [32m'Movie 1'[39m,
  genre_ids_length: [33m0[39m,
  genre_ids: [],
  original_language: [32m'en'[39m,
  has_genres: [33mfalse[39m
}
[2026-03-19T15:12:29.308Z] [DEBUG] TMDB fetch successful {
  context: [32m'my-movies'[39m,
  tmdbId: [33m1139[39m,
  genre_ids: [],
  original_language: [32m'en'[39m
}
[TMDB FETCH] id=1140 type=movie {
  title: [32m'Movie 1'[39m,
  genre_ids_length: [33m0[39m,
  genre_ids: [],
  original_language: [32m'en'[39m,
  has_genres: [33mfalse[39m
}
[2026-03-19T15:12:29.308Z] [DEBUG] TMDB fetch successful {
  context: [32m'my-movies'[39m,
  tmdbId: [33m1140[39m,
  genre_ids: [],
  original_language: [32m'en'[39m
}

[90mstdout[2m | src/lib/__tests__/my-movies-pagination-limit.test.ts[2m > [22m[2mMy Movies Pagination (no TMDB filters)[2m > [22m[2mloads all 150 movies across pages
[22m[39m[2026-03-19T15:12:29.309Z] [DEBUG] Before filter { context: [32m'my-movies'[39m, count: [33m21[39m }
[2026-03-19T15:12:29.309Z] [DEBUG] After filter { context: [32m'my-movies'[39m, count: [33m21[39m }
[2026-03-19T15:12:29.309Z] [DEBUG] tmdbData received {
  context: [32m'my-movies'[39m,
  tmdbId: [33m1120[39m,
  hasGenreIds: [33mfalse[39m,
  genre_ids: [],
  original_language: [32m'en'[39m
}
[2026-03-19T15:12:29.309Z] [DEBUG] tmdbData received {
  context: [32m'my-movies'[39m,
  tmdbId: [33m1121[39m,
  hasGenreIds: [33mfalse[39m,
  genre_ids: [],
  original_language: [32m'en'[39m
}
[2026-03-19T15:12:29.309Z] [DEBUG] tmdbData received {
  context: [32m'my-movies'[39m,
  tmdbId: [33m1122[39m,
  hasGenreIds: [33mfalse[39m,
  genre_ids: [],
  original_language: [32m'en'[39m
}
[2026-03-19T15:12:29.310Z] [DEBUG] tmdbData received {
  context: [32m'my-movies'[39m,
  tmdbId: [33m1123[39m,
  hasGenreIds: [33mfalse[39m,
  genre_ids: [],
  original_language: [32m'en'[39m
}
[2026-03-19T15:12:29.310Z] [DEBUG] tmdbData received {
  context: [32m'my-movies'[39m,
  tmdbId: [33m1124[39m,
  hasGenreIds: [33mfalse[39m,
  genre_ids: [],
  original_language: [32m'en'[39m
}
[2026-03-19T15:12:29.310Z] [DEBUG] tmdbData received {
  context: [32m'my-movies'[39m,
  tmdbId: [33m1125[39m,
  hasGenreIds: [33mfalse[39m,
  genre_ids: [],
  original_language: [32m'en'[39m
}
[2026-03-19T15:12:29.310Z] [DEBUG] tmdbData received {
  context: [32m'my-movies'[39m,
  tmdbId: [33m1126[39m,
  hasGenreIds: [33mfalse[39m,
  genre_ids: [],
  original_language: [32m'en'[39m
}
[2026-03-19T15:12:29.310Z] [DEBUG] tmdbData received {
  context: [32m'my-movies'[39m,
  tmdbId: [33m1127[39m,
  hasGenreIds: [33mfalse[39m,
  genre_ids: [],
  original_language: [32m'en'[39m
}
[2026-03-19T15:12:29.310Z] [DEBUG] tmdbData received {
  context: [32m'my-movies'[39m,
  tmdbId: [33m1128[39m,
  hasGenreIds: [33mfalse[39m,
  genre_ids: [],
  original_language: [32m'en'[39m
}
[2026-03-19T15:12:29.310Z] [DEBUG] tmdbData received {
  context: [32m'my-movies'[39m,
  tmdbId: [33m1129[39m,
  hasGenreIds: [33mfalse[39m,
  genre_ids: [],
  original_language: [32m'en'[39m
}
[2026-03-19T15:12:29.310Z] [DEBUG] tmdbData received {
  context: [32m'my-movies'[39m,
  tmdbId: [33m1130[39m,
  hasGenreIds: [33mfalse[39m,
  genre_ids: [],
  original_language: [32m'en'[39m
}
[2026-03-19T15:12:29.310Z] [DEBUG] tmdbData received {
  context: [32m'my-movies'[39m,
  tmdbId: [33m1131[39m,
  hasGenreIds: [33mfalse[39m,
  genre_ids: [],
  original_language: [32m'en'[39m
}
[2026-03-19T15:12:29.312Z] [DEBUG] tmdbData received {
  context: [32m'my-movies'[39m,
  tmdbId: [33m1132[39m,
  hasGenreIds: [33mfalse[39m,
  genre_ids: [],
  original_language: [32m'en'[39m
}
[2026-03-19T15:12:29.312Z] [DEBUG] tmdbData received {
  context: [32m'my-movies'[39m,
  tmdbId: [33m1133[39m,
  hasGenreIds: [33mfalse[39m,
  genre_ids: [],
  original_language: [32m'en'[39m
}
[2026-03-19T15:12:29.312Z] [DEBUG] tmdbData received {
  context: [32m'my-movies'[39m,
  tmdbId: [33m1134[39m,
  hasGenreIds: [33mfalse[39m,
  genre_ids: [],
  original_language: [32m'en'[39m
}
[2026-03-19T15:12:29.313Z] [DEBUG] tmdbData received {
  context: [32m'my-movies'[39m,
  tmdbId: [33m1135[39m,
  hasGenreIds: [33mfalse[39m,
  genre_ids: [],
  original_language: [32m'en'[39m
}
[2026-03-19T15:12:29.313Z] [DEBUG] tmdbData received {
  context: [32m'my-movies'[39m,
  tmdbId: [33m1136[39m,
  hasGenreIds: [33mfalse[39m,
  genre_ids: [],
  original_language: [32m'en'[39m
}
[2026-03-19T15:12:29.313Z] [DEBUG] tmdbData received {
  context: [32m'my-movies'[39m,
  tmdbId: [33m1137[39m,
  hasGenreIds: [33mfalse[39m,
  genre_ids: [],
  original_language: [32m'en'[39m
}
[2026-03-19T15:12:29.313Z] [DEBUG] tmdbData received {
  context: [32m'my-movies'[39m,
  tmdbId: [33m1138[39m,
  hasGenreIds: [33mfalse[39m,
  genre_ids: [],
  original_language: [32m'en'[39m
}
[2026-03-19T15:12:29.313Z] [DEBUG] tmdbData received {
  context: [32m'my-movies'[39m,
  tmdbId: [33m1139[39m,
  hasGenreIds: [33mfalse[39m,
  genre_ids: [],
  original_language: [32m'en'[39m
}
[2026-03-19T15:12:29.313Z] [DEBUG] tmdbData received {
  context: [32m'my-movies'[39m,
  tmdbId: [33m1140[39m,
  hasGenreIds: [33mfalse[39m,
  genre_ids: [],
  original_language: [32m'en'[39m
}
[2026-03-19T15:12:29.316Z] [DEBUG] Pagination result {
  context: [32m'my-movies'[39m,
  page: [33m7[39m,
  limit: [33m20[39m,
  hasTMDBFilters: [33mfalse[39m,
  watchListRecordsLength: [33m21[39m,
  sortedMoviesLength: [33m21[39m,
  paginatedMoviesLength: [33m20[39m,
  hasMore: [33mtrue[39m,
  pageStartIndex: [33m120[39m,
  pageEndIndex: [33m140[39m,
  firstMovieId: [33m1120[39m,
  firstMovieRating: [33m7.5[39m
}

[90mstdout[2m | src/lib/__tests__/my-movies-pagination-limit.test.ts[2m > [22m[2mMy Movies Pagination (no TMDB filters)[2m > [22m[2mloads all 150 movies across pages
[22m[39m[2026-03-19T15:12:29.321Z] [DEBUG] Request params {
  context: [32m'my-movies'[39m,
  page: [33m8[39m,
  limit: [33m20[39m,
  typesParam: [1mnull[22m,
  yearFrom: [1mnull[22m,
  yearTo: [1mnull[22m,
  minRating: [33m0[39m,
  maxRating: [33m10[39m,
  genresParam: [32m'no'[39m,
  tagsParam: [32m'no'[39m
}
[2026-03-19T15:12:29.322Z] [DEBUG] Using DB pagination (skip/take) { context: [32m'my-movies'[39m, page: [33m8[39m, limit: [33m20[39m }

[90mstdout[2m | src/lib/__tests__/my-movies-pagination-limit.test.ts[2m > [22m[2mMy Movies Pagination (no TMDB filters)[2m > [22m[2mloads all 150 movies across pages
[22m[39m[TMDB FETCH] id=1140 type=movie {
  title: [32m'Movie 1'[39m,
  genre_ids_length: [33m0[39m,
  genre_ids: [],
  original_language: [32m'en'[39m,
  has_genres: [33mfalse[39m
}
[2026-03-19T15:12:29.324Z] [DEBUG] TMDB fetch successful {
  context: [32m'my-movies'[39m,
  tmdbId: [33m1140[39m,
  genre_ids: [],
  original_language: [32m'en'[39m
}
[TMDB FETCH] id=1141 type=movie {
  title: [32m'Movie 1'[39m,
  genre_ids_length: [33m0[39m,
  genre_ids: [],
  original_language: [32m'en'[39m,
  has_genres: [33mfalse[39m
}
[2026-03-19T15:12:29.324Z] [DEBUG] TMDB fetch successful {
  context: [32m'my-movies'[39m,
  tmdbId: [33m1141[39m,
  genre_ids: [],
  original_language: [32m'en'[39m
}
[TMDB FETCH] id=1142 type=movie {
  title: [32m'Movie 1'[39m,
  genre_ids_length: [33m0[39m,
  genre_ids: [],
  original_language: [32m'en'[39m,
  has_genres: [33mfalse[39m
}
[2026-03-19T15:12:29.325Z] [DEBUG] TMDB fetch successful {
  context: [32m'my-movies'[39m,
  tmdbId: [33m1142[39m,
  genre_ids: [],
  original_language: [32m'en'[39m
}
[TMDB FETCH] id=1143 type=movie {
  title: [32m'Movie 1'[39m,
  genre_ids_length: [33m0[39m,
  genre_ids: [],
  original_language: [32m'en'[39m,
  has_genres: [33mfalse[39m
}
[2026-03-19T15:12:29.326Z] [DEBUG] TMDB fetch successful {
  context: [32m'my-movies'[39m,
  tmdbId: [33m1143[39m,
  genre_ids: [],
  original_language: [32m'en'[39m
}
[TMDB FETCH] id=1144 type=movie {
  title: [32m'Movie 1'[39m,
  genre_ids_length: [33m0[39m,
  genre_ids: [],
  original_language: [32m'en'[39m,
  has_genres: [33mfalse[39m
}
[2026-03-19T15:12:29.326Z] [DEBUG] TMDB fetch successful {
  context: [32m'my-movies'[39m,
  tmdbId: [33m1144[39m,
  genre_ids: [],
  original_language: [32m'en'[39m
}
[TMDB FETCH] id=1145 type=movie {
  title: [32m'Movie 1'[39m,
  genre_ids_length: [33m0[39m,
  genre_ids: [],
  original_language: [32m'en'[39m,
  has_genres: [33mfalse[39m
}
[2026-03-19T15:12:29.326Z] [DEBUG] TMDB fetch successful {
  context: [32m'my-movies'[39m,
  tmdbId: [33m1145[39m,
  genre_ids: [],
  original_language: [32m'en'[39m
}
[TMDB FETCH] id=1146 type=movie {
  title: [32m'Movie 1'[39m,
  genre_ids_length: [33m0[39m,
  genre_ids: [],
  original_language: [32m'en'[39m,
  has_genres: [33mfalse[39m
}
[2026-03-19T15:12:29.326Z] [DEBUG] TMDB fetch successful {
  context: [32m'my-movies'[39m,
  tmdbId: [33m1146[39m,
  genre_ids: [],
  original_language: [32m'en'[39m
}
[TMDB FETCH] id=1147 type=movie {
  title: [32m'Movie 1'[39m,
  genre_ids_length: [33m0[39m,
  genre_ids: [],
  original_language: [32m'en'[39m,
  has_genres: [33mfalse[39m
}
[2026-03-19T15:12:29.326Z] [DEBUG] TMDB fetch successful {
  context: [32m'my-movies'[39m,
  tmdbId: [33m1147[39m,
  genre_ids: [],
  original_language: [32m'en'[39m
}
[TMDB FETCH] id=1148 type=movie {
  title: [32m'Movie 1'[39m,
  genre_ids_length: [33m0[39m,
  genre_ids: [],
  original_language: [32m'en'[39m,
  has_genres: [33mfalse[39m
}
[2026-03-19T15:12:29.326Z] [DEBUG] TMDB fetch successful {
  context: [32m'my-movies'[39m,
  tmdbId: [33m1148[39m,
  genre_ids: [],
  original_language: [32m'en'[39m
}
[TMDB FETCH] id=1149 type=movie {
  title: [32m'Movie 1'[39m,
  genre_ids_length: [33m0[39m,
  genre_ids: [],
  original_language: [32m'en'[39m,
  has_genres: [33mfalse[39m
}
[2026-03-19T15:12:29.327Z] [DEBUG] TMDB fetch successful {
  context: [32m'my-movies'[39m,
  tmdbId: [33m1149[39m,
  genre_ids: [],
  original_language: [32m'en'[39m
}

[90mstdout[2m | src/lib/__tests__/my-movies-pagination-limit.test.ts[2m > [22m[2mMy Movies Pagination (no TMDB filters)[2m > [22m[2mloads all 150 movies across pages
[22m[39m[2026-03-19T15:12:29.343Z] [DEBUG] Before filter { context: [32m'my-movies'[39m, count: [33m10[39m }
[2026-03-19T15:12:29.343Z] [DEBUG] After filter { context: [32m'my-movies'[39m, count: [33m10[39m }
[2026-03-19T15:12:29.343Z] [DEBUG] tmdbData received {
  context: [32m'my-movies'[39m,
  tmdbId: [33m1140[39m,
  hasGenreIds: [33mfalse[39m,
  genre_ids: [],
  original_language: [32m'en'[39m
}
[2026-03-19T15:12:29.344Z] [DEBUG] tmdbData received {
  context: [32m'my-movies'[39m,
  tmdbId: [33m1141[39m,
  hasGenreIds: [33mfalse[39m,
  genre_ids: [],
  original_language: [32m'en'[39m
}
[2026-03-19T15:12:29.344Z] [DEBUG] tmdbData received {
  context: [32m'my-movies'[39m,
  tmdbId: [33m1142[39m,
  hasGenreIds: [33mfalse[39m,
  genre_ids: [],
  original_language: [32m'en'[39m
}
[2026-03-19T15:12:29.344Z] [DEBUG] tmdbData received {
  context: [32m'my-movies'[39m,
  tmdbId: [33m1143[39m,
  hasGenreIds: [33mfalse[39m,
  genre_ids: [],
  original_language: [32m'en'[39m
}
[2026-03-19T15:12:29.344Z] [DEBUG] tmdbData received {
  context: [32m'my-movies'[39m,
  tmdbId: [33m1144[39m,
  hasGenreIds: [33mfalse[39m,
  genre_ids: [],
  original_language: [32m'en'[39m
}
[2026-03-19T15:12:29.344Z] [DEBUG] tmdbData received {
  context: [32m'my-movies'[39m,
  tmdbId: [33m1145[39m,
  hasGenreIds: [33mfalse[39m,
  genre_ids: [],
  original_language: [32m'en'[39m
}
[2026-03-19T15:12:29.344Z] [DEBUG] tmdbData received {
  context: [32m'my-movies'[39m,
  tmdbId: [33m1146[39m,
  hasGenreIds: [33mfalse[39m,
  genre_ids: [],
  original_language: [32m'en'[39m
}
[2026-03-19T15:12:29.344Z] [DEBUG] tmdbData received {
  context: [32m'my-movies'[39m,
  tmdbId: [33m1147[39m,
  hasGenreIds: [33mfalse[39m,
  genre_ids: [],
  original_language: [32m'en'[39m
}
[2026-03-19T15:12:29.344Z] [DEBUG] tmdbData received {
  context: [32m'my-movies'[39m,
  tmdbId: [33m1148[39m,
  hasGenreIds: [33mfalse[39m,
  genre_ids: [],
  original_language: [32m'en'[39m
}
[2026-03-19T15:12:29.345Z] [DEBUG] tmdbData received {
  context: [32m'my-movies'[39m,
  tmdbId: [33m1149[39m,
  hasGenreIds: [33mfalse[39m,
  genre_ids: [],
  original_language: [32m'en'[39m
}
[2026-03-19T15:12:29.345Z] [DEBUG] Pagination result {
  context: [32m'my-movies'[39m,
  page: [33m8[39m,
  limit: [33m20[39m,
  hasTMDBFilters: [33mfalse[39m,
  watchListRecordsLength: [33m10[39m,
  sortedMoviesLength: [33m10[39m,
  paginatedMoviesLength: [33m10[39m,
  hasMore: [33mfalse[39m,
  pageStartIndex: [33m140[39m,
  pageEndIndex: [33m160[39m,
  firstMovieId: [33m1140[39m,
  firstMovieRating: [33m7.5[39m
}

 [32m✓[39m src/lib/__tests__/my-movies-pagination-limit.test.ts [2m([22m[2m2 tests[22m[2m)[22m[32m 236[2mms[22m[39m
[90mstdout[2m | src/app/api/user/__tests__/achiev_actors.test.ts[2m > [22m[2mAchievActors API - Live Calculation[2m > [22m[2mreturns actors with weighted rating calculation[2m > [22m[2mcalculates weighted rating using watchCount
[22m[39m[2026-03-19T15:12:29.458Z] [INFO] AchievActorsAPI request { userId: [32m'test-user'[39m, limit: [33m50[39m, offset: [33m0[39m, singleLoad: [33mtrue[39m }
[2026-03-19T15:12:29.466Z] [INFO] fetchActors started { userId: [32m'test-user'[39m }

[90mstdout[2m | src/app/api/user/__tests__/achiev_actors.test.ts[2m > [22m[2mAchievActors API - Live Calculation[2m > [22m[2mreturns actors with weighted rating calculation[2m > [22m[2mcalculates weighted rating using watchCount
[22m[39m[2026-03-19T15:12:29.469Z] [INFO] Database queries completed {
  userId: [32m'test-user'[39m,
  watched: [33m3[39m,
  rewatched: [33m1[39m,
  dropped: [33m0[39m,
  duration: [33m2[39m
}

[90mstderr[2m | src/app/api/user/__tests__/achiev_actors.test.ts[2m > [22m[2mAchievActors API - Live Calculation[2m > [22m[2mreturns actors with weighted rating calculation[2m > [22m[2mcalculates weighted rating using watchCount
[22m[39m[2026-03-19T15:12:29.472Z] [WARN] fetchMovieCredits failed { tmdbId: [33m13[39m, mediaType: [32m'movie'[39m, status: [90mundefined[39m }
[2026-03-19T15:12:29.473Z] [WARN] fetchMovieCredits failed { tmdbId: [33m24[39m, mediaType: [32m'movie'[39m, status: [90mundefined[39m }
[2026-03-19T15:12:29.474Z] [WARN] fetchMovieCredits failed { tmdbId: [33m35[39m, mediaType: [32m'movie'[39m, status: [90mundefined[39m }

[90mstderr[2m | src/app/api/user/__tests__/achiev_actors.test.ts[2m > [22m[2mAchievActors API - Live Calculation[2m > [22m[2mreturns actors with weighted rating calculation[2m > [22m[2mcalculates weighted rating using watchCount
[22m[39m[2026-03-19T15:12:29.476Z] [WARN] fetchMovieCredits failed { tmdbId: [33m24[39m, mediaType: [32m'movie'[39m, status: [90mundefined[39m }

[90mstdout[2m | src/app/api/user/__tests__/achiev_actors.test.ts[2m > [22m[2mAchievActors API - Live Calculation[2m > [22m[2mreturns actors with weighted rating calculation[2m > [22m[2mcalculates weighted rating using watchCount
[22m[39m[2026-03-19T15:12:29.477Z] [INFO] singleLoad: processing actors { count: [33m0[39m }

[90mstderr[2m | src/app/api/user/__tests__/achiev_actors.test.ts[2m > [22m[2mAchievActors API - Live Calculation[2m > [22m[2mreturns actors with weighted rating calculation[2m > [22m[2mcalculates weighted rating using watchCount
[22m[39m[2026-03-19T15:12:29.481Z] [ERROR] Error saving PersonProfile {
  error: [32m"Cannot read properties of undefined (reading 'upsert')"[39m,
  userId: [32m'test-user'[39m
}

[90mstdout[2m | src/app/api/user/__tests__/achiev_actors.test.ts[2m > [22m[2mAchievActors API - Live Calculation[2m > [22m[2mreturns actors with weighted rating calculation[2m > [22m[2mcalculates weighted rating using watchCount
[22m[39m[2026-03-19T15:12:29.483Z] [INFO] AchievActorsAPI success { userId: [32m'test-user'[39m, actorCount: [33m0[39m, totalTime: [33m26[39m }

[90mstdout[2m | src/app/api/user/__tests__/achiev_actors.test.ts[2m > [22m[2mAchievActors API - Live Calculation[2m > [22m[2mreturns actors with weighted rating calculation[2m > [22m[2mreturns correct movie counts (watched, rewatched, dropped)
[22m[39m[2026-03-19T15:12:29.507Z] [INFO] AchievActorsAPI request { userId: [32m'test-user'[39m, limit: [33m50[39m, offset: [33m0[39m, singleLoad: [33mtrue[39m }
[2026-03-19T15:12:29.508Z] [INFO] fetchActors started { userId: [32m'test-user'[39m }

[90mstdout[2m | src/app/api/user/__tests__/achiev_actors.test.ts[2m > [22m[2mAchievActors API - Live Calculation[2m > [22m[2mreturns actors with weighted rating calculation[2m > [22m[2mreturns correct movie counts (watched, rewatched, dropped)
[22m[39m[2026-03-19T15:12:29.508Z] [INFO] Database queries completed {
  userId: [32m'test-user'[39m,
  watched: [33m3[39m,
  rewatched: [33m1[39m,
  dropped: [33m2[39m,
  duration: [33m0[39m
}

[90mstderr[2m | src/app/api/user/__tests__/achiev_actors.test.ts[2m > [22m[2mAchievActors API - Live Calculation[2m > [22m[2mreturns actors with weighted rating calculation[2m > [22m[2mreturns correct movie counts (watched, rewatched, dropped)
[22m[39m[2026-03-19T15:12:29.512Z] [WARN] fetchMovieCredits failed { tmdbId: [33m13[39m, mediaType: [32m'movie'[39m, status: [90mundefined[39m }
[2026-03-19T15:12:29.512Z] [WARN] fetchMovieCredits failed { tmdbId: [33m24[39m, mediaType: [32m'movie'[39m, status: [90mundefined[39m }
[2026-03-19T15:12:29.512Z] [WARN] fetchMovieCredits failed { tmdbId: [33m35[39m, mediaType: [32m'movie'[39m, status: [90mundefined[39m }

[90mstderr[2m | src/app/api/user/__tests__/achiev_actors.test.ts[2m > [22m[2mAchievActors API - Live Calculation[2m > [22m[2mreturns actors with weighted rating calculation[2m > [22m[2mreturns correct movie counts (watched, rewatched, dropped)
[22m[39m[2026-03-19T15:12:29.516Z] [WARN] fetchMovieCredits failed { tmdbId: [33m24[39m, mediaType: [32m'movie'[39m, status: [90mundefined[39m }

[90mstderr[2m | src/app/api/user/__tests__/achiev_actors.test.ts[2m > [22m[2mAchievActors API - Live Calculation[2m > [22m[2mreturns actors with weighted rating calculation[2m > [22m[2mreturns correct movie counts (watched, rewatched, dropped)
[22m[39m[2026-03-19T15:12:29.518Z] [WARN] fetchMovieCredits failed { tmdbId: [33m45[39m, mediaType: [32m'movie'[39m, status: [90mundefined[39m }
[2026-03-19T15:12:29.519Z] [WARN] fetchMovieCredits failed { tmdbId: [33m55[39m, mediaType: [32m'movie'[39m, status: [90mundefined[39m }

[90mstdout[2m | src/app/api/user/__tests__/achiev_actors.test.ts[2m > [22m[2mAchievActors API - Live Calculation[2m > [22m[2mreturns actors with weighted rating calculation[2m > [22m[2mreturns correct movie counts (watched, rewatched, dropped)
[22m[39m[2026-03-19T15:12:29.520Z] [INFO] singleLoad: processing actors { count: [33m0[39m }

[90mstderr[2m | src/app/api/user/__tests__/achiev_actors.test.ts[2m > [22m[2mAchievActors API - Live Calculation[2m > [22m[2mreturns actors with weighted rating calculation[2m > [22m[2mreturns correct movie counts (watched, rewatched, dropped)
[22m[39m[2026-03-19T15:12:29.523Z] [ERROR] Error saving PersonProfile {
  error: [32m"Cannot read properties of undefined (reading 'upsert')"[39m,
  userId: [32m'test-user'[39m
}

[90mstdout[2m | src/app/api/user/__tests__/achiev_actors.test.ts[2m > [22m[2mAchievActors API - Live Calculation[2m > [22m[2mreturns actors with weighted rating calculation[2m > [22m[2mreturns correct movie counts (watched, rewatched, dropped)
[22m[39m[2026-03-19T15:12:29.524Z] [INFO] AchievActorsAPI success { userId: [32m'test-user'[39m, actorCount: [33m0[39m, totalTime: [33m16[39m }

[90mstdout[2m | src/app/api/user/__tests__/achiev_actors.test.ts[2m > [22m[2mAchievActors API - Live Calculation[2m > [22m[2mreturns actors with weighted rating calculation[2m > [22m[2mhandles empty watchlist gracefully
[22m[39m[2026-03-19T15:12:29.529Z] [INFO] AchievActorsAPI request { userId: [32m'test-user'[39m, limit: [33m50[39m, offset: [33m0[39m, singleLoad: [33mtrue[39m }
[2026-03-19T15:12:29.532Z] [INFO] fetchActors started { userId: [32m'test-user'[39m }

[90mstdout[2m | src/app/api/user/__tests__/achiev_actors.test.ts[2m > [22m[2mAchievActors API - Live Calculation[2m > [22m[2mreturns actors with weighted rating calculation[2m > [22m[2mhandles empty watchlist gracefully
[22m[39m[2026-03-19T15:12:29.534Z] [INFO] Database queries completed {
  userId: [32m'test-user'[39m,
  watched: [33m0[39m,
  rewatched: [33m0[39m,
  dropped: [33m0[39m,
  duration: [33m1[39m
}

[90mstdout[2m | src/app/api/user/__tests__/achiev_actors.test.ts[2m > [22m[2mAchievActors API - Live Calculation[2m > [22m[2mreturns actors with weighted rating calculation[2m > [22m[2mhandles empty watchlist gracefully
[22m[39m[2026-03-19T15:12:29.535Z] [INFO] AchievActorsAPI success { userId: [32m'test-user'[39m, actorCount: [33m0[39m, totalTime: [33m7[39m }

[90mstdout[2m | src/app/api/user/__tests__/achiev_actors.test.ts[2m > [22m[2mAchievActors API - Live Calculation[2m > [22m[2mreturns actors with weighted rating calculation[2m > [22m[2mrespects limit parameter
[22m[39m[2026-03-19T15:12:29.542Z] [INFO] AchievActorsAPI request { userId: [32m'test-user'[39m, limit: [33m2[39m, offset: [33m0[39m, singleLoad: [33mtrue[39m }
[2026-03-19T15:12:29.542Z] [INFO] fetchActors started { userId: [32m'test-user'[39m }

[90mstdout[2m | src/app/api/user/__tests__/achiev_actors.test.ts[2m > [22m[2mAchievActors API - Live Calculation[2m > [22m[2mreturns actors with weighted rating calculation[2m > [22m[2mrespects limit parameter
[22m[39m[2026-03-19T15:12:29.545Z] [INFO] Database queries completed {
  userId: [32m'test-user'[39m,
  watched: [33m20[39m,
  rewatched: [33m0[39m,
  dropped: [33m0[39m,
  duration: [33m3[39m
}

[90mstderr[2m | src/app/api/user/__tests__/achiev_actors.test.ts[2m > [22m[2mAchievActors API - Live Calculation[2m > [22m[2mreturns actors with weighted rating calculation[2m > [22m[2mrespects limit parameter
[22m[39m[2026-03-19T15:12:29.550Z] [WARN] fetchMovieCredits failed { tmdbId: [33m1000[39m, mediaType: [32m'movie'[39m, status: [90mundefined[39m }
[2026-03-19T15:12:29.550Z] [WARN] fetchMovieCredits failed { tmdbId: [33m1001[39m, mediaType: [32m'movie'[39m, status: [90mundefined[39m }
[2026-03-19T15:12:29.551Z] [WARN] fetchMovieCredits failed { tmdbId: [33m1002[39m, mediaType: [32m'movie'[39m, status: [90mundefined[39m }
[2026-03-19T15:12:29.551Z] [WARN] fetchMovieCredits failed { tmdbId: [33m1003[39m, mediaType: [32m'movie'[39m, status: [90mundefined[39m }
[2026-03-19T15:12:29.551Z] [WARN] fetchMovieCredits failed { tmdbId: [33m1004[39m, mediaType: [32m'movie'[39m, status: [90mundefined[39m }
[2026-03-19T15:12:29.551Z] [WARN] fetchMovieCredits failed { tmdbId: [33m1005[39m, mediaType: [32m'movie'[39m, status: [90mundefined[39m }
[2026-03-19T15:12:29.551Z] [WARN] fetchMovieCredits failed { tmdbId: [33m1006[39m, mediaType: [32m'movie'[39m, status: [90mundefined[39m }
[2026-03-19T15:12:29.552Z] [WARN] fetchMovieCredits failed { tmdbId: [33m1007[39m, mediaType: [32m'movie'[39m, status: [90mundefined[39m }
[2026-03-19T15:12:29.552Z] [WARN] fetchMovieCredits failed { tmdbId: [33m1008[39m, mediaType: [32m'movie'[39m, status: [90mundefined[39m }
[2026-03-19T15:12:29.552Z] [WARN] fetchMovieCredits failed { tmdbId: [33m1009[39m, mediaType: [32m'movie'[39m, status: [90mundefined[39m }

[90mstderr[2m | src/app/api/user/__tests__/achiev_actors.test.ts[2m > [22m[2mAchievActors API - Live Calculation[2m > [22m[2mreturns actors with weighted rating calculation[2m > [22m[2mrespects limit parameter
[22m[39m[2026-03-19T15:12:29.684Z] [WARN] fetchMovieCredits failed { tmdbId: [33m1010[39m, mediaType: [32m'movie'[39m, status: [90mundefined[39m }
[2026-03-19T15:12:29.695Z] [WARN] fetchMovieCredits failed { tmdbId: [33m1011[39m, mediaType: [32m'movie'[39m, status: [90mundefined[39m }
[2026-03-19T15:12:29.696Z] [WARN] fetchMovieCredits failed { tmdbId: [33m1012[39m, mediaType: [32m'movie'[39m, status: [90mundefined[39m }
[2026-03-19T15:12:29.696Z] [WARN] fetchMovieCredits failed { tmdbId: [33m1013[39m, mediaType: [32m'movie'[39m, status: [90mundefined[39m }
[2026-03-19T15:12:29.696Z] [WARN] fetchMovieCredits failed { tmdbId: [33m1014[39m, mediaType: [32m'movie'[39m, status: [90mundefined[39m }
[2026-03-19T15:12:29.696Z] [WARN] fetchMovieCredits failed { tmdbId: [33m1015[39m, mediaType: [32m'movie'[39m, status: [90mundefined[39m }
[2026-03-19T15:12:29.696Z] [WARN] fetchMovieCredits failed { tmdbId: [33m1016[39m, mediaType: [32m'movie'[39m, status: [90mundefined[39m }
[2026-03-19T15:12:29.697Z] [WARN] fetchMovieCredits failed { tmdbId: [33m1017[39m, mediaType: [32m'movie'[39m, status: [90mundefined[39m }
[2026-03-19T15:12:29.697Z] [WARN] fetchMovieCredits failed { tmdbId: [33m1018[39m, mediaType: [32m'movie'[39m, status: [90mundefined[39m }
[2026-03-19T15:12:29.697Z] [WARN] fetchMovieCredits failed { tmdbId: [33m1019[39m, mediaType: [32m'movie'[39m, status: [90mundefined[39m }

[90mstdout[2m | src/app/api/user/__tests__/achiev_actors.test.ts[2m > [22m[2mAchievActors API - Live Calculation[2m > [22m[2mreturns actors with weighted rating calculation[2m > [22m[2mrespects limit parameter
[22m[39m[2026-03-19T15:12:29.700Z] [INFO] singleLoad: processing actors { count: [33m0[39m }

[90mstderr[2m | src/app/api/user/__tests__/achiev_actors.test.ts[2m > [22m[2mAchievActors API - Live Calculation[2m > [22m[2mreturns actors with weighted rating calculation[2m > [22m[2mrespects limit parameter
[22m[39m[2026-03-19T15:12:29.706Z] [ERROR] Error saving PersonProfile {
  error: [32m"Cannot read properties of undefined (reading 'upsert')"[39m,
  userId: [32m'test-user'[39m
}

[90mstdout[2m | src/app/api/user/__tests__/achiev_actors.test.ts[2m > [22m[2mAchievActors API - Live Calculation[2m > [22m[2mreturns actors with weighted rating calculation[2m > [22m[2mrespects limit parameter
[22m[39m[2026-03-19T15:12:29.707Z] [INFO] AchievActorsAPI success { userId: [32m'test-user'[39m, actorCount: [33m0[39m, totalTime: [33m165[39m }

[90mstdout[2m | src/app/api/user/__tests__/achiev_actors.test.ts[2m > [22m[2mAchievActors API - Live Calculation[2m > [22m[2mreturns actors with weighted rating calculation[2m > [22m[2msorts by actor_score in singleLoad mode
[22m[39m[2026-03-19T15:12:29.719Z] [INFO] AchievActorsAPI request { userId: [32m'test-user'[39m, limit: [33m50[39m, offset: [33m0[39m, singleLoad: [33mtrue[39m }
[2026-03-19T15:12:29.719Z] [INFO] fetchActors started { userId: [32m'test-user'[39m }

[90mstdout[2m | src/app/api/user/__tests__/achiev_actors.test.ts[2m > [22m[2mAchievActors API - Live Calculation[2m > [22m[2mreturns actors with weighted rating calculation[2m > [22m[2msorts by actor_score in singleLoad mode
[22m[39m[2026-03-19T15:12:29.720Z] [INFO] Database queries completed {
  userId: [32m'test-user'[39m,
  watched: [33m2[39m,
  rewatched: [33m0[39m,
  dropped: [33m0[39m,
  duration: [33m0[39m
}

[90mstderr[2m | src/app/api/user/__tests__/achiev_actors.test.ts[2m > [22m[2mAchievActors API - Live Calculation[2m > [22m[2mreturns actors with weighted rating calculation[2m > [22m[2msorts by actor_score in singleLoad mode
[22m[39m[2026-03-19T15:12:29.721Z] [WARN] fetchMovieCredits failed { tmdbId: [33m1[39m, mediaType: [32m'movie'[39m, status: [90mundefined[39m }
[2026-03-19T15:12:29.723Z] [WARN] fetchMovieCredits failed { tmdbId: [33m2[39m, mediaType: [32m'movie'[39m, status: [90mundefined[39m }

[90mstdout[2m | src/app/api/user/__tests__/achiev_actors.test.ts[2m > [22m[2mAchievActors API - Live Calculation[2m > [22m[2mreturns actors with weighted rating calculation[2m > [22m[2msorts by actor_score in singleLoad mode
[22m[39m[2026-03-19T15:12:29.724Z] [INFO] singleLoad: processing actors { count: [33m0[39m }

[90mstderr[2m | src/app/api/user/__tests__/achiev_actors.test.ts[2m > [22m[2mAchievActors API - Live Calculation[2m > [22m[2mreturns actors with weighted rating calculation[2m > [22m[2msorts by actor_score in singleLoad mode
[22m[39m[2026-03-19T15:12:29.727Z] [ERROR] Error saving PersonProfile {
  error: [32m"Cannot read properties of undefined (reading 'upsert')"[39m,
  userId: [32m'test-user'[39m
}

[90mstdout[2m | src/app/api/user/__tests__/achiev_actors.test.ts[2m > [22m[2mAchievActors API - Live Calculation[2m > [22m[2mreturns actors with weighted rating calculation[2m > [22m[2msorts by actor_score in singleLoad mode
[22m[39m[2026-03-19T15:12:29.731Z] [INFO] AchievActorsAPI success { userId: [32m'test-user'[39m, actorCount: [33m0[39m, totalTime: [33m11[39m }

[90mstdout[2m | src/app/api/user/__tests__/achiev_actors.test.ts[2m > [22m[2mAchievActors API - Live Calculation[2m > [22m[2mreturns actors with weighted rating calculation[2m > [22m[2mincludes profile_path in response
[22m[39m[2026-03-19T15:12:29.736Z] [INFO] AchievActorsAPI request { userId: [32m'test-user'[39m, limit: [33m50[39m, offset: [33m0[39m, singleLoad: [33mtrue[39m }
[2026-03-19T15:12:29.736Z] [INFO] fetchActors started { userId: [32m'test-user'[39m }

[90mstdout[2m | src/app/api/user/__tests__/achiev_actors.test.ts[2m > [22m[2mAchievActors API - Live Calculation[2m > [22m[2mreturns actors with weighted rating calculation[2m > [22m[2mincludes profile_path in response
[22m[39m[2026-03-19T15:12:29.737Z] [INFO] Database queries completed {
  userId: [32m'test-user'[39m,
  watched: [33m1[39m,
  rewatched: [33m0[39m,
  dropped: [33m0[39m,
  duration: [33m1[39m
}

[90mstderr[2m | src/app/api/user/__tests__/achiev_actors.test.ts[2m > [22m[2mAchievActors API - Live Calculation[2m > [22m[2mreturns actors with weighted rating calculation[2m > [22m[2mincludes profile_path in response
[22m[39m[2026-03-19T15:12:29.738Z] [WARN] fetchMovieCredits failed { tmdbId: [33m13[39m, mediaType: [32m'movie'[39m, status: [90mundefined[39m }

[90mstdout[2m | src/app/api/user/__tests__/achiev_actors.test.ts[2m > [22m[2mAchievActors API - Live Calculation[2m > [22m[2mreturns actors with weighted rating calculation[2m > [22m[2mincludes profile_path in response
[22m[39m[2026-03-19T15:12:29.738Z] [INFO] singleLoad: processing actors { count: [33m0[39m }

[90mstderr[2m | src/app/api/user/__tests__/achiev_actors.test.ts[2m > [22m[2mAchievActors API - Live Calculation[2m > [22m[2mreturns actors with weighted rating calculation[2m > [22m[2mincludes profile_path in response
[22m[39m[2026-03-19T15:12:29.741Z] [ERROR] Error saving PersonProfile {
  error: [32m"Cannot read properties of undefined (reading 'upsert')"[39m,
  userId: [32m'test-user'[39m
}

[90mstdout[2m | src/app/api/user/__tests__/achiev_actors.test.ts[2m > [22m[2mAchievActors API - Live Calculation[2m > [22m[2mreturns actors with weighted rating calculation[2m > [22m[2mincludes profile_path in response
[22m[39m[2026-03-19T15:12:29.741Z] [INFO] AchievActorsAPI success { userId: [32m'test-user'[39m, actorCount: [33m0[39m, totalTime: [33m5[39m }

 [32m✓[39m src/app/api/user/__tests__/achiev_actors.test.ts [2m([22m[2m6 tests[22m[2m)[22m[33m 307[2mms[22m[39m
 [32m✓[39m src/app/api/user/__tests__/achiev_creators.test.ts [2m([22m[2m12 tests[22m[2m)[22m[33m 19750[2mms[22m[39m
       [33m[2m✓[22m[39m should pass ESLint no-explicit-any rule [33m 19549[2mms[22m[39m
 [32m✓[39m .planning/phases/20-strict-typescript/tdd/acceptance-code-01-tsconfig.test.ts [2m([22m[2m13 tests[22m[2m)[22m[33m 28335[2mms[22m[39m
       [33m[2m✓[22m[39m runs tsc --noEmit without configuration errors [33m 28302[2mms[22m[39m
 [32m✓[39m src/lib/__tests__/pagination.test.ts [2m([22m[2m17 tests[22m[2m)[22m[32m 165[2mms[22m[39m
 [32m✓[39m src/lib/__tests__/config/tsconfig.test.ts [2m([22m[2m13 tests[22m[2m)[22m[33m 29433[2mms[22m[39m
       [33m[2m✓[22m[39m runs tsc --noEmit without configuration errors [33m 29400[2mms[22m[39m
 [32m✓[39m .planning/phases/25-simplify-taste-map/tdd/acceptance-code-25-03.test.tsx [2m([22m[2m8 tests[22m[2m)[22m[32m 131[2mms[22m[39m
 [32m✓[39m src/lib/__tests__/logger-args-spread.test.ts [2m([22m[2m23 tests[22m[2m)[22m[32m 90[2mms[22m[39m
[90mstdout[2m | src/app/api/user/__tests__/achiev_creators.filter-mismatch.test.ts[2m > [22m[2mAchievCreators API - Anime/Cartoon filtering consistency[2m > [22m[2mshould filter both total_movies and watched_movies from anime/cartoons (singleLoad=true)
[22m[39m[2026-03-19T15:12:42.470Z] [INFO] AchievCreatorsAPI: Request started { timestamp: [32m'2026-03-19T15:12:42.470Z'[39m }

[90mstdout[2m | src/app/api/user/__tests__/achiev_creators.filter-mismatch.test.ts[2m > [22m[2mAchievCreators API - Anime/Cartoon filtering consistency[2m > [22m[2mshould filter both total_movies and watched_movies from anime/cartoons (singleLoad=true)
[22m[39m[2026-03-19T15:12:42.475Z] [INFO] AchievCreatorsAPI: Parameters loaded {
  userId: [32m'test-user'[39m,
  targetUserId: [32m'test-user'[39m,
  limit: [33m50[39m,
  offset: [33m0[39m,
  singleLoad: [33mtrue[39m
}

[90mstdout[2m | src/app/api/user/__tests__/achiev_creators.filter-mismatch.test.ts[2m > [22m[2mAchievCreators API - Anime/Cartoon filtering consistency[2m > [22m[2mshould filter both total_movies and watched_movies from anime/cartoons (singleLoad=true)
[22m[39m[2026-03-19T15:12:42.488Z] [DEBUG] fetchPersonCredits: starting fetch { personId: [33m123[39m }

[90mstdout[2m | src/app/api/user/__tests__/achiev_creators.filter-mismatch.test.ts[2m > [22m[2mAchievCreators API - Anime/Cartoon filtering consistency[2m > [22m[2mshould filter both total_movies and watched_movies from anime/cartoons (singleLoad=true)
[22m[39m[2026-03-19T15:12:42.491Z] [INFO] fetchPersonCredits: success { personId: [33m123[39m, castCount: [33m0[39m, crewCount: [33m3[39m }

[90mstdout[2m | src/app/api/user/__tests__/achiev_creators.filter-mismatch.test.ts[2m > [22m[2mAchievCreators API - Anime/Cartoon filtering consistency[2m > [22m[2mshould filter both total_movies and watched_movies from anime/cartoons (singleLoad=true)
[22m[39m[2026-03-19T15:12:42.492Z] [DEBUG] Creator crew data fetched {
  creatorId: [33m123[39m,
  name: [32m'Anime Director'[39m,
  totalCrewRecords: [33m3[39m,
  hasCrewData: [33mtrue[39m,
  crewSample: [
    {
      id: [33m101[39m,
      title: [32m'Anime Movie 1'[39m,
      job: [32m'Director'[39m,
      department: [32m'Directing'[39m,
      release_date: [32m'2020-01-01'[39m,
      first_air_date: [90mundefined[39m
    },
    {
      id: [33m102[39m,
      title: [32m'Anime Movie 2'[39m,
      job: [32m'Director'[39m,
      department: [32m'Directing'[39m,
      release_date: [32m'2020-01-01'[39m,
      first_air_date: [90mundefined[39m
    },
    {
      id: [33m103[39m,
      title: [32m'Anime Movie 3'[39m,
      job: [32m'Director'[39m,
      department: [32m'Directing'[39m,
      release_date: [32m'2020-01-01'[39m,
      first_air_date: [90mundefined[39m
    }
  ]
}

[90mstdout[2m | src/app/api/user/__tests__/achiev_creators.filter-mismatch.test.ts[2m > [22m[2mAchievCreators API - Anime/Cartoon filtering consistency[2m > [22m[2mshould filter both total_movies and watched_movies from anime/cartoons (singleLoad=true)
[22m[39m[2026-03-19T15:12:42.535Z] [DEBUG] Creator crew batch processed {
  creatorId: [33m123[39m,
  batchIndex: [33m0[39m,
  batchSize: [33m3[39m,
  successfulFetches: [33m3[39m,
  animeCount: [33m3[39m,
  cartoonCount: [33m0[39m,
  validCount: [33m0[39m
}
[2026-03-19T15:12:42.536Z] [DEBUG] Creator crew after anime filter {
  creatorId: [33m123[39m,
  name: [32m'Anime Director'[39m,
  totalDetailsProcessed: [33m3[39m,
  crewRecordsAfterFilter: [33m0[39m,
  animeFiltered: [33m3[39m,
  cartoonFiltered: [33m0[39m,
  fetchFailures: [33m0[39m
}
[2026-03-19T15:12:42.537Z] [INFO] Creator filmography calculated {
  creatorId: [33m123[39m,
  name: [32m'Anime Director'[39m,
  originalCrewRecords: [33m3[39m,
  afterAnimeFilter: [33m0[39m,
  uniqueMoviesCount: [33m0[39m,
  watchedMovies: [33m0[39m,
  rewatchedMovies: [33m0[39m,
  droppedMovies: [33m0[39m,
  filteredRatingsCount: [33m0[39m,
  averageRating: [1mnull[22m,
  progressPercent: [33m0[39m
}

[90mstdout[2m | src/app/api/user/__tests__/achiev_creators.filter-mismatch.test.ts[2m > [22m[2mAchievCreators API - Anime/Cartoon filtering consistency[2m > [22m[2mshould filter both total_movies and watched_movies from anime/cartoons (singleLoad=true)
[22m[39m[2026-03-19T15:12:42.538Z] [INFO] AchievCreatorsAPI: Request completed successfully {
  duration: [32m'69ms'[39m,
  creatorCount: [33m0[39m,
  singleLoad: [33mtrue[39m,
  hasMore: [33mfalse[39m,
  total: [33m0[39m
}

[90mstdout[2m | src/app/api/user/__tests__/achiev_creators.filter-mismatch.test.ts[2m > [22m[2mAchievCreators API - Anime/Cartoon filtering consistency[2m > [22m[2mshould correctly count when filmography has mixed anime and live-action
[22m[39m[2026-03-19T15:12:42.565Z] [INFO] AchievCreatorsAPI: Request started { timestamp: [32m'2026-03-19T15:12:42.565Z'[39m }

[90mstdout[2m | src/app/api/user/__tests__/achiev_creators.filter-mismatch.test.ts[2m > [22m[2mAchievCreators API - Anime/Cartoon filtering consistency[2m > [22m[2mshould correctly count when filmography has mixed anime and live-action
[22m[39m[2026-03-19T15:12:42.566Z] [INFO] AchievCreatorsAPI: Parameters loaded {
  userId: [32m'test-user'[39m,
  targetUserId: [32m'test-user'[39m,
  limit: [33m50[39m,
  offset: [33m0[39m,
  singleLoad: [33mtrue[39m
}

[90mstdout[2m | src/app/api/user/__tests__/achiev_creators.filter-mismatch.test.ts[2m > [22m[2mAchievCreators API - Anime/Cartoon filtering consistency[2m > [22m[2mshould correctly count when filmography has mixed anime and live-action
[22m[39m[2026-03-19T15:12:42.568Z] [DEBUG] fetchPersonCredits: starting fetch { personId: [33m456[39m }

[90mstdout[2m | src/app/api/user/__tests__/achiev_creators.filter-mismatch.test.ts[2m > [22m[2mAchievCreators API - Anime/Cartoon filtering consistency[2m > [22m[2mshould correctly count when filmography has mixed anime and live-action
[22m[39m[2026-03-19T15:12:42.569Z] [INFO] fetchPersonCredits: success { personId: [33m456[39m, castCount: [33m0[39m, crewCount: [33m3[39m }

[90mstdout[2m | src/app/api/user/__tests__/achiev_creators.filter-mismatch.test.ts[2m > [22m[2mAchievCreators API - Anime/Cartoon filtering consistency[2m > [22m[2mshould correctly count when filmography has mixed anime and live-action
[22m[39m[2026-03-19T15:12:42.570Z] [DEBUG] Creator crew data fetched {
  creatorId: [33m456[39m,
  name: [32m'Mixed Director'[39m,
  totalCrewRecords: [33m3[39m,
  hasCrewData: [33mtrue[39m,
  crewSample: [
    {
      id: [33m201[39m,
      title: [32m'Live Action 1'[39m,
      job: [32m'Director'[39m,
      department: [32m'Directing'[39m,
      release_date: [32m'2020-01-01'[39m,
      first_air_date: [90mundefined[39m
    },
    {
      id: [33m202[39m,
      title: [32m'Anime Movie'[39m,
      job: [32m'Director'[39m,
      department: [32m'Directing'[39m,
      release_date: [32m'2020-01-01'[39m,
      first_air_date: [90mundefined[39m
    },
    {
      id: [33m203[39m,
      title: [32m'Live Action 2'[39m,
      job: [32m'Director'[39m,
      department: [32m'Directing'[39m,
      release_date: [32m'2020-01-01'[39m,
      first_air_date: [90mundefined[39m
    }
  ]
}

[90mstdout[2m | src/app/api/user/__tests__/achiev_creators.filter-mismatch.test.ts[2m > [22m[2mAchievCreators API - Anime/Cartoon filtering consistency[2m > [22m[2mshould correctly count when filmography has mixed anime and live-action
[22m[39m[2026-03-19T15:12:42.571Z] [DEBUG] Creator crew batch processed {
  creatorId: [33m456[39m,
  batchIndex: [33m0[39m,
  batchSize: [33m3[39m,
  successfulFetches: [33m3[39m,
  animeCount: [33m1[39m,
  cartoonCount: [33m0[39m,
  validCount: [33m2[39m
}
[2026-03-19T15:12:42.572Z] [DEBUG] Creator crew after anime filter {
  creatorId: [33m456[39m,
  name: [32m'Mixed Director'[39m,
  totalDetailsProcessed: [33m3[39m,
  crewRecordsAfterFilter: [33m2[39m,
  animeFiltered: [33m1[39m,
  cartoonFiltered: [33m0[39m,
  fetchFailures: [33m0[39m
}
[2026-03-19T15:12:42.572Z] [INFO] Creator filmography calculated {
  creatorId: [33m456[39m,
  name: [32m'Mixed Director'[39m,
  originalCrewRecords: [33m3[39m,
  afterAnimeFilter: [33m2[39m,
  uniqueMoviesCount: [33m2[39m,
  watchedMovies: [33m1[39m,
  rewatchedMovies: [33m0[39m,
  droppedMovies: [33m0[39m,
  filteredRatingsCount: [33m1[39m,
  averageRating: [33m8[39m,
  progressPercent: [33m50[39m
}

[90mstdout[2m | src/app/api/user/__tests__/achiev_creators.filter-mismatch.test.ts[2m > [22m[2mAchievCreators API - Anime/Cartoon filtering consistency[2m > [22m[2mshould correctly count when filmography has mixed anime and live-action
[22m[39m[2026-03-19T15:12:42.574Z] [INFO] AchievCreatorsAPI: Request completed successfully {
  duration: [32m'9ms'[39m,
  creatorCount: [33m1[39m,
  singleLoad: [33mtrue[39m,
  hasMore: [33mfalse[39m,
  total: [33m1[39m
}

[90mstdout[2m | src/app/api/user/__tests__/achiev_creators.filter-mismatch.test.ts[2m > [22m[2mAchievCreators API - Anime/Cartoon filtering consistency[2m > [22m[2mshould filter cartoons as well
[22m[39m[2026-03-19T15:12:42.583Z] [INFO] AchievCreatorsAPI: Request started { timestamp: [32m'2026-03-19T15:12:42.583Z'[39m }

[90mstdout[2m | src/app/api/user/__tests__/achiev_creators.filter-mismatch.test.ts[2m > [22m[2mAchievCreators API - Anime/Cartoon filtering consistency[2m > [22m[2mshould filter cartoons as well
[22m[39m[2026-03-19T15:12:42.583Z] [INFO] AchievCreatorsAPI: Parameters loaded {
  userId: [32m'test-user'[39m,
  targetUserId: [32m'test-user'[39m,
  limit: [33m50[39m,
  offset: [33m0[39m,
  singleLoad: [33mtrue[39m
}

[90mstdout[2m | src/app/api/user/__tests__/achiev_creators.filter-mismatch.test.ts[2m > [22m[2mAchievCreators API - Anime/Cartoon filtering consistency[2m > [22m[2mshould filter cartoons as well
[22m[39m[2026-03-19T15:12:42.584Z] [DEBUG] fetchPersonCredits: starting fetch { personId: [33m789[39m }

[90mstdout[2m | src/app/api/user/__tests__/achiev_creators.filter-mismatch.test.ts[2m > [22m[2mAchievCreators API - Anime/Cartoon filtering consistency[2m > [22m[2mshould filter cartoons as well
[22m[39m[2026-03-19T15:12:42.586Z] [INFO] fetchPersonCredits: success { personId: [33m789[39m, castCount: [33m0[39m, crewCount: [33m1[39m }

[90mstdout[2m | src/app/api/user/__tests__/achiev_creators.filter-mismatch.test.ts[2m > [22m[2mAchievCreators API - Anime/Cartoon filtering consistency[2m > [22m[2mshould filter cartoons as well
[22m[39m[2026-03-19T15:12:42.586Z] [DEBUG] Creator crew data fetched {
  creatorId: [33m789[39m,
  name: [32m'Cartoon Director'[39m,
  totalCrewRecords: [33m1[39m,
  hasCrewData: [33mtrue[39m,
  crewSample: [
    {
      id: [33m301[39m,
      title: [32m'Cartoon 1'[39m,
      job: [32m'Director'[39m,
      department: [32m'Directing'[39m,
      release_date: [32m'2020-01-01'[39m,
      first_air_date: [90mundefined[39m
    }
  ]
}

[90mstdout[2m | src/app/api/user/__tests__/achiev_creators.filter-mismatch.test.ts[2m > [22m[2mAchievCreators API - Anime/Cartoon filtering consistency[2m > [22m[2mshould filter cartoons as well
[22m[39m[2026-03-19T15:12:42.587Z] [DEBUG] Creator crew batch processed {
  creatorId: [33m789[39m,
  batchIndex: [33m0[39m,
  batchSize: [33m1[39m,
  successfulFetches: [33m1[39m,
  animeCount: [33m0[39m,
  cartoonCount: [33m1[39m,
  validCount: [33m0[39m
}
[2026-03-19T15:12:42.588Z] [DEBUG] Creator crew after anime filter {
  creatorId: [33m789[39m,
  name: [32m'Cartoon Director'[39m,
  totalDetailsProcessed: [33m1[39m,
  crewRecordsAfterFilter: [33m0[39m,
  animeFiltered: [33m0[39m,
  cartoonFiltered: [33m1[39m,
  fetchFailures: [33m0[39m
}
[2026-03-19T15:12:42.588Z] [INFO] Creator filmography calculated {
  creatorId: [33m789[39m,
  name: [32m'Cartoon Director'[39m,
  originalCrewRecords: [33m1[39m,
  afterAnimeFilter: [33m0[39m,
  uniqueMoviesCount: [33m0[39m,
  watchedMovies: [33m0[39m,
  rewatchedMovies: [33m0[39m,
  droppedMovies: [33m0[39m,
  filteredRatingsCount: [33m0[39m,
  averageRating: [1mnull[22m,
  progressPercent: [33m0[39m
}

[90mstdout[2m | src/app/api/user/__tests__/achiev_creators.filter-mismatch.test.ts[2m > [22m[2mAchievCreators API - Anime/Cartoon filtering consistency[2m > [22m[2mshould filter cartoons as well
[22m[39m[2026-03-19T15:12:42.588Z] [INFO] AchievCreatorsAPI: Request completed successfully {
  duration: [32m'5ms'[39m,
  creatorCount: [33m0[39m,
  singleLoad: [33mtrue[39m,
  hasMore: [33mfalse[39m,
  total: [33m0[39m
}

[90mstdout[2m | src/app/api/user/__tests__/achiev_creators.filter-mismatch.test.ts[2m > [22m[2mAchievCreators API - Anime/Cartoon filtering consistency[2m > [22m[2mshould filter average_rating to only include non-anime/cartoon movies
[22m[39m[2026-03-19T15:12:42.593Z] [INFO] AchievCreatorsAPI: Request started { timestamp: [32m'2026-03-19T15:12:42.593Z'[39m }

[90mstdout[2m | src/app/api/user/__tests__/achiev_creators.filter-mismatch.test.ts[2m > [22m[2mAchievCreators API - Anime/Cartoon filtering consistency[2m > [22m[2mshould filter average_rating to only include non-anime/cartoon movies
[22m[39m[2026-03-19T15:12:42.594Z] [INFO] AchievCreatorsAPI: Parameters loaded {
  userId: [32m'test-user'[39m,
  targetUserId: [32m'test-user'[39m,
  limit: [33m50[39m,
  offset: [33m0[39m,
  singleLoad: [33mtrue[39m
}

[90mstdout[2m | src/app/api/user/__tests__/achiev_creators.filter-mismatch.test.ts[2m > [22m[2mAchievCreators API - Anime/Cartoon filtering consistency[2m > [22m[2mshould filter average_rating to only include non-anime/cartoon movies
[22m[39m[2026-03-19T15:12:42.597Z] [DEBUG] fetchPersonCredits: starting fetch { personId: [33m999[39m }

[90mstdout[2m | src/app/api/user/__tests__/achiev_creators.filter-mismatch.test.ts[2m > [22m[2mAchievCreators API - Anime/Cartoon filtering consistency[2m > [22m[2mshould filter average_rating to only include non-anime/cartoon movies
[22m[39m[2026-03-19T15:12:42.598Z] [INFO] fetchPersonCredits: success { personId: [33m999[39m, castCount: [33m0[39m, crewCount: [33m2[39m }

[90mstdout[2m | src/app/api/user/__tests__/achiev_creators.filter-mismatch.test.ts[2m > [22m[2mAchievCreators API - Anime/Cartoon filtering consistency[2m > [22m[2mshould filter average_rating to only include non-anime/cartoon movies
[22m[39m[2026-03-19T15:12:42.599Z] [DEBUG] Creator crew data fetched {
  creatorId: [33m999[39m,
  name: [32m'Mixed Rating Director'[39m,
  totalCrewRecords: [33m2[39m,
  hasCrewData: [33mtrue[39m,
  crewSample: [
    {
      id: [33m401[39m,
      title: [32m'Live Action Movie'[39m,
      job: [32m'Director'[39m,
      department: [32m'Directing'[39m,
      release_date: [32m'2020-01-01'[39m,
      first_air_date: [90mundefined[39m
    },
    {
      id: [33m402[39m,
      title: [32m'Anime Movie'[39m,
      job: [32m'Director'[39m,
      department: [32m'Directing'[39m,
      release_date: [32m'2020-01-01'[39m,
      first_air_date: [90mundefined[39m
    }
  ]
}

[90mstdout[2m | src/app/api/user/__tests__/achiev_creators.filter-mismatch.test.ts[2m > [22m[2mAchievCreators API - Anime/Cartoon filtering consistency[2m > [22m[2mshould filter average_rating to only include non-anime/cartoon movies
[22m[39m[2026-03-19T15:12:42.600Z] [DEBUG] Creator crew batch processed {
  creatorId: [33m999[39m,
  batchIndex: [33m0[39m,
  batchSize: [33m2[39m,
  successfulFetches: [33m2[39m,
  animeCount: [33m1[39m,
  cartoonCount: [33m0[39m,
  validCount: [33m1[39m
}
[2026-03-19T15:12:42.600Z] [DEBUG] Creator crew after anime filter {
  creatorId: [33m999[39m,
  name: [32m'Mixed Rating Director'[39m,
  totalDetailsProcessed: [33m2[39m,
  crewRecordsAfterFilter: [33m1[39m,
  animeFiltered: [33m1[39m,
  cartoonFiltered: [33m0[39m,
  fetchFailures: [33m0[39m
}
[2026-03-19T15:12:42.601Z] [INFO] Creator filmography calculated {
  creatorId: [33m999[39m,
  name: [32m'Mixed Rating Director'[39m,
  originalCrewRecords: [33m2[39m,
  afterAnimeFilter: [33m1[39m,
  uniqueMoviesCount: [33m1[39m,
  watchedMovies: [33m1[39m,
  rewatchedMovies: [33m0[39m,
  droppedMovies: [33m0[39m,
  filteredRatingsCount: [33m1[39m,
  averageRating: [33m8[39m,
  progressPercent: [33m100[39m
}

[90mstdout[2m | src/app/api/user/__tests__/achiev_creators.filter-mismatch.test.ts[2m > [22m[2mAchievCreators API - Anime/Cartoon filtering consistency[2m > [22m[2mshould filter average_rating to only include non-anime/cartoon movies
[22m[39m[2026-03-19T15:12:42.603Z] [INFO] AchievCreatorsAPI: Request completed successfully {
  duration: [32m'10ms'[39m,
  creatorCount: [33m1[39m,
  singleLoad: [33mtrue[39m,
  hasMore: [33mfalse[39m,
  total: [33m1[39m
}

 [32m✓[39m src/app/api/user/__tests__/achiev_creators.filter-mismatch.test.ts [2m([22m[2m4 tests[22m[2m)[22m[32m 157[2mms[22m[39m
 [32m✓[39m .planning/phases/24-taste-map-db-read/tdd/spec-24-01-client.test.tsx [2m([22m[2m3 tests[22m[2m)[22m[32m 91[2mms[22m[39m
 [32m✓[39m .planning/phases/25-simplify-taste-map/tdd/acceptance-code-25-01.test.ts [2m([22m[2m17 tests[22m[2m)[22m[32m 35[2mms[22m[39m
 [32m✓[39m src/lib/__tests__/logger.test.ts [2m([22m[2m19 tests[22m[2m)[22m[32m 100[2mms[22m[39m
[90mstdout[2m | src/lib/__tests__/fetchWithRetry.test.ts[2m > [22m[2mfetchWithRetry[2m > [22m[2mretries twice on 503 and succeeds on third attempt; logs retries
[22m[39m[NETWORK_RETRY] Attempt [33m1[39m fetch https://example.test options { timeoutMs: [33m0[39m }

[90mstderr[2m | src/lib/__tests__/fetchWithRetry.test.ts[2m > [22m[2mfetchWithRetry[2m > [22m[2mretries twice on 503 and succeeds on third attempt; logs retries
[22m[39m[NETWORK_RETRY] Retryable response { attempt: [33m1[39m, url: [32m'https://example.test'[39m, status: [33m503[39m, delayMs: [33m10[39m }

[90mstdout[2m | src/lib/__tests__/fetchWithRetry.test.ts[2m > [22m[2mfetchWithRetry[2m > [22m[2mretries twice on 503 and succeeds on third attempt; logs retries
[22m[39m[NETWORK_RETRY] Attempt finished { attempt: [33m1[39m, duration: [33m10[39m }
[NETWORK_RETRY] Attempt [33m2[39m fetch https://example.test options { timeoutMs: [33m0[39m }

[90mstderr[2m | src/lib/__tests__/fetchWithRetry.test.ts[2m > [22m[2mfetchWithRetry[2m > [22m[2mretries twice on 503 and succeeds on third attempt; logs retries
[22m[39m[NETWORK_RETRY] Retryable response { attempt: [33m2[39m, url: [32m'https://example.test'[39m, status: [33m503[39m, delayMs: [33m20[39m }

[90mstdout[2m | src/lib/__tests__/fetchWithRetry.test.ts[2m > [22m[2mfetchWithRetry[2m > [22m[2mretries twice on 503 and succeeds on third attempt; logs retries
[22m[39m[NETWORK_RETRY] Attempt finished { attempt: [33m2[39m, duration: [33m20[39m }
[NETWORK_RETRY] Attempt [33m3[39m fetch https://example.test options { timeoutMs: [33m0[39m }

[90mstdout[2m | src/lib/__tests__/fetchWithRetry.test.ts[2m > [22m[2mfetchWithRetry[2m > [22m[2mretries twice on 503 and succeeds on third attempt; logs retries
[22m[39m[NETWORK_RETRY] Attempt finished { attempt: [33m3[39m, duration: [33m0[39m }

 [32m✓[39m src/lib/__tests__/fetchWithRetry.test.ts [2m([22m[2m1 test[22m[2m)[22m[32m 42[2mms[22m[39m
 [32m✓[39m src/lib/__tests__/taste-map/compute.test.ts [2m([22m[2m35 tests[22m[2m)[22m[32m 70[2mms[22m[39m
 [32m✓[39m src/lib/__tests__/drop-patterns.test.ts [2m([22m[2m11 tests[22m[2m)[22m[32m 89[2mms[22m[39m
 [32m✓[39m src/lib/__tests__/want-overlap.test.ts [2m([22m[2m15 tests[22m[2m)[22m[32m 70[2mms[22m[39m
 [32m✓[39m src/lib/__tests__/taste-match.test.ts [2m([22m[2m17 tests[22m[2m)[22m[32m 57[2mms[22m[39m
 [32m✓[39m .planning/phases/24-taste-map-db-read/tdd/spec-24-01.test.ts [2m([22m[2m6 tests[22m[2m)[22m[32m 29[2mms[22m[39m
[90mstdout[2m | src/lib/__tests__/mediaType-bug.test.ts[2m > [22m[2mgetMediaTypeDisplay - bug reproduction (media-type-display-mainpage-001)[2m > [22m[2mshould return "Аниме" for Japanese animation
[22m[39m[getMediaTypeDisplay] Analyzing movie: {
  id: [33m1[39m,
  title: [32m'Аниме'[39m,
  genre_ids: [ [33m16[39m ],
  hasAnimationGenre: [33mtrue[39m,
  original_language: [32m'ja'[39m,
  isJapanese: [33mtrue[39m,
  media_type: [32m'movie'[39m
}
[getMediaTypeDisplay] Result: АНИМЕ

[90mstdout[2m | src/lib/__tests__/mediaType-bug.test.ts[2m > [22m[2mgetMediaTypeDisplay - bug reproduction (media-type-display-mainpage-001)[2m > [22m[2mshould return "Мульт" for Western animation
[22m[39m[getMediaTypeDisplay] Analyzing movie: {
  id: [33m2[39m,
  title: [32m'Мульт'[39m,
  genre_ids: [ [33m16[39m ],
  hasAnimationGenre: [33mtrue[39m,
  original_language: [32m'en'[39m,
  isJapanese: [33mfalse[39m,
  media_type: [32m'movie'[39m
}
[getMediaTypeDisplay] Result: МУЛЬТ

[90mstdout[2m | src/lib/__tests__/mediaType-bug.test.ts[2m > [22m[2mgetMediaTypeDisplay - bug reproduction (media-type-display-mainpage-001)[2m > [22m[2mshould return "Сериал" for TV show
[22m[39m[getMediaTypeDisplay] Analyzing movie: {
  id: [33m3[39m,
  title: [32m'Сериал'[39m,
  genre_ids: [90mundefined[39m,
  hasAnimationGenre: [33mfalse[39m,
  original_language: [90mundefined[39m,
  isJapanese: [33mfalse[39m,
  media_type: [32m'tv'[39m
}
[getMediaTypeDisplay] Result: СЕРИАЛ

 [32m✓[39m src/lib/__tests__/mediaType-bug.test.ts [2m([22m[2m3 tests[22m[2m)[22m[32m 33[2mms[22m[39m
 [32m✓[39m src/lib/__tests__/calculateWeightedRating.test.ts [2m([22m[2m5 tests[22m[2m)[22m[32m 37[2mms[22m[39m
 [32m✓[39m src/lib/__tests__/type-twins.test.ts [2m([22m[2m11 tests[22m[2m)[22m[32m 111[2mms[22m[39m
 [32m✓[39m src/lib/__tests__/calculateCineChanceScore.test.ts [2m([22m[2m10 tests[22m[2m)[22m[32m 23[2mms[22m[39m

[2m Test Files [22m [1m[32m28 passed[39m[22m[90m (28)[39m
[2m      Tests [22m [1m[32m289 passed[39m[22m[90m (289)[39m
[2m   Start at [22m 18:12:00
[2m   Duration [22m 69.56s[2m (transform 11.79s, setup 27.57s, import 49.10s, tests 89.17s, environment 235.68s)[22m

